0 verbose cli /usr/local/bin/node /usr/local/bin/npm
1 info using npm@10.9.2
2 info using node@v22.16.0
3 silly config load:file:/usr/local/lib/node_modules/npm/npmrc
4 silly config load:file:/Users/davecarr/Desktop/Floral pos system/floravision/.npmrc
5 silly config load:file:/Users/davecarr/.npmrc
6 silly config load:file:/usr/local/etc/npmrc
7 verbose title npm install @prisma/adapter-better-sqlite3 better-sqlite3
8 verbose argv "install" "@prisma/adapter-better-sqlite3" "better-sqlite3" "--cache" ".npm-cache"
9 verbose logfile logs-max:10 dir:/Users/davecarr/Desktop/Floral pos system/floravision/.npm-cache/_logs/2026-03-11T21_09_55_094Z-
10 verbose logfile /Users/davecarr/Desktop/Floral pos system/floravision/.npm-cache/_logs/2026-03-11T21_09_55_094Z-debug-0.log
11 silly logfile done cleaning log files
12 silly packumentCache heap:2197815296 maxSize:549453824 maxEntrySize:274726912
13 silly idealTree buildDeps
14 silly fetch manifest @prisma/adapter-better-sqlite3@*
15 silly packumentCache full:https://registry.npmjs.org/@prisma%2fadapter-better-sqlite3 cache-miss
16 verbose shrinkwrap failed to load node_modules/.package-lock.json out of date, updated: node_modules/@alloc
17 http fetch GET 200 https://registry.npmjs.org/@prisma%2fadapter-better-sqlite3 419ms (cache miss)
18 silly packumentCache full:https://registry.npmjs.org/@prisma%2fadapter-better-sqlite3 set size:undefined disposed:false
19 silly fetch manifest better-sqlite3@*
20 silly packumentCache full:https://registry.npmjs.org/better-sqlite3 cache-miss
21 http fetch GET 200 https://registry.npmjs.org/better-sqlite3 62ms (cache revalidated)
22 silly packumentCache full:https://registry.npmjs.org/better-sqlite3 set size:369802 disposed:false
23 silly placeDep ROOT @prisma/adapter-better-sqlite3@7.5.0 OK for: floravision@0.1.0 want: *
24 silly placeDep ROOT better-sqlite3@12.6.2 OK for: floravision@0.1.0 want: *
25 silly fetch manifest better-sqlite3@^12.6.0
26 silly packumentCache full:https://registry.npmjs.org/better-sqlite3 cache-hit
27 silly fetch manifest @prisma/driver-adapter-utils@7.5.0
28 silly packumentCache full:https://registry.npmjs.org/@prisma%2fdriver-adapter-utils cache-miss
29 silly fetch manifest bindings@^1.5.0
30 silly packumentCache full:https://registry.npmjs.org/bindings cache-miss
31 silly fetch manifest prebuild-install@^7.1.1
32 silly packumentCache full:https://registry.npmjs.org/prebuild-install cache-miss
33 http fetch GET 200 https://registry.npmjs.org/bindings 164ms (cache miss)
34 silly packumentCache full:https://registry.npmjs.org/bindings set size:undefined disposed:false
35 http fetch GET 200 https://registry.npmjs.org/prebuild-install 165ms (cache miss)
36 silly packumentCache full:https://registry.npmjs.org/prebuild-install set size:undefined disposed:false
37 http fetch GET 200 https://registry.npmjs.org/@prisma%2fdriver-adapter-utils 248ms (cache miss)
38 silly packumentCache full:https://registry.npmjs.org/@prisma%2fdriver-adapter-utils set size:undefined disposed:false
39 silly placeDep ROOT @prisma/driver-adapter-utils@7.5.0 OK for: @prisma/adapter-better-sqlite3@7.5.0 want: 7.5.0
40 silly placeDep ROOT bindings@1.5.0 OK for: better-sqlite3@12.6.2 want: ^1.5.0
41 silly placeDep ROOT prebuild-install@7.1.3 OK for: better-sqlite3@12.6.2 want: ^7.1.1
42 silly fetch manifest file-uri-to-path@1.0.0
43 silly packumentCache full:https://registry.npmjs.org/file-uri-to-path cache-miss
44 silly fetch manifest rc@^1.2.7
45 silly packumentCache full:https://registry.npmjs.org/rc cache-miss
46 silly fetch manifest pump@^3.0.0
47 silly packumentCache full:https://registry.npmjs.org/pump cache-miss
48 silly fetch manifest tar-fs@^2.0.0
49 silly packumentCache full:https://registry.npmjs.org/tar-fs cache-miss
50 silly fetch manifest node-abi@^3.3.0
51 silly packumentCache full:https://registry.npmjs.org/node-abi cache-miss
52 silly fetch manifest simple-get@^4.0.0
53 silly packumentCache full:https://registry.npmjs.org/simple-get cache-miss
54 silly fetch manifest tunnel-agent@^0.6.0
55 silly packumentCache full:https://registry.npmjs.org/tunnel-agent cache-miss
56 http fetch GET 200 https://registry.npmjs.org/pump 125ms (cache miss)
57 silly packumentCache full:https://registry.npmjs.org/pump set size:undefined disposed:false
58 silly fetch manifest mkdirp-classic@^0.5.3
59 silly packumentCache full:https://registry.npmjs.org/mkdirp-classic cache-miss
60 http fetch GET 200 https://registry.npmjs.org/file-uri-to-path 134ms (cache miss)
61 silly packumentCache full:https://registry.npmjs.org/file-uri-to-path set size:undefined disposed:false
62 silly fetch manifest expand-template@^2.0.3
63 silly packumentCache full:https://registry.npmjs.org/expand-template cache-miss
64 http fetch GET 200 https://registry.npmjs.org/rc 179ms (cache miss)
65 silly packumentCache full:https://registry.npmjs.org/rc set size:undefined disposed:false
66 silly fetch manifest napi-build-utils@^2.0.0
67 silly packumentCache full:https://registry.npmjs.org/napi-build-utils cache-miss
68 http fetch GET 200 https://registry.npmjs.org/mkdirp-classic 61ms (cache miss)
69 silly packumentCache full:https://registry.npmjs.org/mkdirp-classic set size:undefined disposed:false
70 silly fetch manifest github-from-package@0.0.0
71 silly packumentCache full:https://registry.npmjs.org/github-from-package cache-miss
72 http fetch GET 200 https://registry.npmjs.org/expand-template 82ms (cache miss)
73 silly packumentCache full:https://registry.npmjs.org/expand-template set size:undefined disposed:false
74 http fetch GET 200 https://registry.npmjs.org/tar-fs 216ms (cache miss)
75 silly packumentCache full:https://registry.npmjs.org/tar-fs set size:undefined disposed:false
76 http fetch GET 200 https://registry.npmjs.org/simple-get 222ms (cache miss)
77 silly packumentCache full:https://registry.npmjs.org/simple-get set size:undefined disposed:false
78 http fetch GET 200 https://registry.npmjs.org/tunnel-agent 223ms (cache miss)
79 silly packumentCache full:https://registry.npmjs.org/tunnel-agent set size:undefined disposed:false
80 http fetch GET 200 https://registry.npmjs.org/node-abi 248ms (cache miss)
81 silly packumentCache full:https://registry.npmjs.org/node-abi set size:undefined disposed:false
82 http fetch GET 200 https://registry.npmjs.org/napi-build-utils 76ms (cache miss)
83 silly packumentCache full:https://registry.npmjs.org/napi-build-utils set size:undefined disposed:false
84 http fetch GET 200 https://registry.npmjs.org/github-from-package 76ms (cache miss)
85 silly packumentCache full:https://registry.npmjs.org/github-from-package set size:undefined disposed:false
86 silly placeDep ROOT file-uri-to-path@1.0.0 OK for: bindings@1.5.0 want: 1.0.0
87 silly placeDep ROOT expand-template@2.0.3 OK for: prebuild-install@7.1.3 want: ^2.0.3
88 silly placeDep ROOT github-from-package@0.0.0 OK for: prebuild-install@7.1.3 want: 0.0.0
89 silly placeDep ROOT mkdirp-classic@0.5.3 OK for: prebuild-install@7.1.3 want: ^0.5.3
90 silly placeDep ROOT napi-build-utils@2.0.0 OK for: prebuild-install@7.1.3 want: ^2.0.0
91 silly placeDep ROOT node-abi@3.88.0 OK for: prebuild-install@7.1.3 want: ^3.3.0
92 silly placeDep ROOT pump@3.0.4 OK for: prebuild-install@7.1.3 want: ^3.0.0
93 silly placeDep ROOT rc@1.2.8 OK for: prebuild-install@7.1.3 want: ^1.2.7
94 silly placeDep ROOT simple-get@4.0.1 OK for: prebuild-install@7.1.3 want: ^4.0.0
95 silly placeDep ROOT tar-fs@2.1.4 OK for: prebuild-install@7.1.3 want: ^2.0.0
96 silly placeDep ROOT tunnel-agent@0.6.0 OK for: prebuild-install@7.1.3 want: ^0.6.0
97 silly fetch manifest semver@^7.3.5
98 silly packumentCache full:https://registry.npmjs.org/semver cache-miss
99 silly fetch manifest end-of-stream@^1.1.0
100 silly packumentCache full:https://registry.npmjs.org/end-of-stream cache-miss
101 silly fetch manifest once@^1.3.1
102 silly packumentCache full:https://registry.npmjs.org/once cache-miss
103 silly fetch manifest ini@~1.3.0
104 silly packumentCache full:https://registry.npmjs.org/ini cache-miss
105 silly fetch manifest deep-extend@^0.6.0
106 silly packumentCache full:https://registry.npmjs.org/deep-extend cache-miss
107 silly fetch manifest strip-json-comments@~2.0.1
108 silly packumentCache full:https://registry.npmjs.org/strip-json-comments cache-miss
109 silly fetch manifest decompress-response@^6.0.0
110 silly packumentCache full:https://registry.npmjs.org/decompress-response cache-miss
111 http fetch GET 200 https://registry.npmjs.org/deep-extend 59ms (cache miss)
112 silly packumentCache full:https://registry.npmjs.org/deep-extend set size:undefined disposed:false
113 silly fetch manifest once@^1.3.1
114 silly packumentCache full:https://registry.npmjs.org/once cache-miss
115 http fetch GET 200 https://registry.npmjs.org/ini 63ms (cache miss)
116 silly packumentCache full:https://registry.npmjs.org/ini set size:undefined disposed:false
117 silly fetch manifest simple-concat@^1.0.0
118 silly packumentCache full:https://registry.npmjs.org/simple-concat cache-miss
119 http fetch GET 200 https://registry.npmjs.org/decompress-response 64ms (cache miss)
120 silly packumentCache full:https://registry.npmjs.org/decompress-response set size:undefined disposed:false
121 silly fetch manifest chownr@^1.1.1
122 silly packumentCache full:https://registry.npmjs.org/chownr cache-miss
123 http fetch GET 200 https://registry.npmjs.org/once 67ms (cache miss)
124 silly packumentCache full:https://registry.npmjs.org/once set size:undefined disposed:false
125 silly fetch manifest tar-stream@^2.1.4
126 silly packumentCache full:https://registry.npmjs.org/tar-stream cache-miss
127 http fetch GET 200 https://registry.npmjs.org/strip-json-comments 70ms (cache revalidated)
128 silly packumentCache full:https://registry.npmjs.org/strip-json-comments set size:43569 disposed:false
129 silly fetch manifest safe-buffer@^5.0.1
130 silly packumentCache full:https://registry.npmjs.org/safe-buffer cache-miss
131 http fetch GET 200 https://registry.npmjs.org/end-of-stream 72ms (cache miss)
132 silly packumentCache full:https://registry.npmjs.org/end-of-stream set size:undefined disposed:false
133 http fetch GET 200 https://registry.npmjs.org/semver 74ms (cache revalidated)
134 silly packumentCache full:https://registry.npmjs.org/semver set size:229678 disposed:false
135 http fetch GET 200 https://registry.npmjs.org/once 62ms (cache miss)
136 silly packumentCache full:https://registry.npmjs.org/once set size:undefined disposed:false
137 http fetch GET 200 https://registry.npmjs.org/chownr 57ms (cache miss)
138 silly packumentCache full:https://registry.npmjs.org/chownr set size:undefined disposed:false
139 http fetch GET 200 https://registry.npmjs.org/tar-stream 60ms (cache miss)
140 silly packumentCache full:https://registry.npmjs.org/tar-stream set size:undefined disposed:false
141 http fetch GET 200 https://registry.npmjs.org/safe-buffer 65ms (cache miss)
142 silly packumentCache full:https://registry.npmjs.org/safe-buffer set size:undefined disposed:false
143 http fetch GET 200 https://registry.npmjs.org/simple-concat 92ms (cache miss)
144 silly packumentCache full:https://registry.npmjs.org/simple-concat set size:undefined disposed:false
145 silly placeDep node_modules/node-abi semver@7.7.4 OK for: node-abi@3.88.0 want: ^7.3.5
146 silly placeDep ROOT end-of-stream@1.4.5 OK for: pump@3.0.4 want: ^1.1.0
147 silly placeDep ROOT once@1.4.0 OK for: pump@3.0.4 want: ^1.3.1
148 silly fetch manifest once@^1.4.0
149 silly packumentCache full:https://registry.npmjs.org/once cache-miss
150 silly fetch manifest wrappy@1
151 silly packumentCache full:https://registry.npmjs.org/wrappy cache-miss
152 http cache https://registry.npmjs.org/once 1ms (cache hit)
153 silly packumentCache full:https://registry.npmjs.org/once set size:11752 disposed:false
154 http fetch GET 200 https://registry.npmjs.org/wrappy 54ms (cache miss)
155 silly packumentCache full:https://registry.npmjs.org/wrappy set size:undefined disposed:false
156 silly placeDep ROOT wrappy@1.0.2 OK for: once@1.4.0 want: 1
157 silly placeDep ROOT deep-extend@0.6.0 OK for: rc@1.2.8 want: ^0.6.0
158 silly placeDep ROOT ini@1.3.8 OK for: rc@1.2.8 want: ~1.3.0
159 silly placeDep node_modules/rc strip-json-comments@2.0.1 OK for: rc@1.2.8 want: ~2.0.1
160 silly placeDep ROOT decompress-response@6.0.0 OK for: simple-get@4.0.1 want: ^6.0.0
161 silly placeDep ROOT simple-concat@1.0.1 OK for: simple-get@4.0.1 want: ^1.0.0
162 silly fetch manifest mimic-response@^3.1.0
163 silly packumentCache full:https://registry.npmjs.org/mimic-response cache-miss
164 http fetch GET 200 https://registry.npmjs.org/mimic-response 106ms (cache miss)
165 silly packumentCache full:https://registry.npmjs.org/mimic-response set size:undefined disposed:false
166 silly placeDep ROOT mimic-response@3.1.0 OK for: decompress-response@6.0.0 want: ^3.1.0
167 silly placeDep ROOT chownr@1.1.4 OK for: tar-fs@2.1.4 want: ^1.1.1
168 silly placeDep ROOT tar-stream@2.2.0 OK for: tar-fs@2.1.4 want: ^2.1.4
169 silly fetch manifest bl@^4.0.3
170 silly packumentCache full:https://registry.npmjs.org/bl cache-miss
171 silly fetch manifest inherits@^2.0.3
172 silly packumentCache full:https://registry.npmjs.org/inherits cache-miss
173 silly fetch manifest fs-constants@^1.0.0
174 silly packumentCache full:https://registry.npmjs.org/fs-constants cache-miss
175 silly fetch manifest readable-stream@^3.1.1
176 silly packumentCache full:https://registry.npmjs.org/readable-stream cache-miss
177 http fetch GET 200 https://registry.npmjs.org/fs-constants 51ms (cache miss)
178 silly packumentCache full:https://registry.npmjs.org/fs-constants set size:undefined disposed:false
179 http fetch GET 200 https://registry.npmjs.org/inherits 61ms (cache miss)
180 silly packumentCache full:https://registry.npmjs.org/inherits set size:undefined disposed:false
181 http fetch GET 200 https://registry.npmjs.org/bl 63ms (cache miss)
182 silly packumentCache full:https://registry.npmjs.org/bl set size:undefined disposed:false
183 http fetch GET 200 https://registry.npmjs.org/readable-stream 67ms (cache miss)
184 silly packumentCache full:https://registry.npmjs.org/readable-stream set size:undefined disposed:false
185 silly placeDep ROOT bl@4.1.0 OK for: tar-stream@2.2.0 want: ^4.0.3
186 silly placeDep ROOT fs-constants@1.0.0 OK for: tar-stream@2.2.0 want: ^1.0.0
187 silly placeDep ROOT inherits@2.0.4 OK for: tar-stream@2.2.0 want: ^2.0.3
188 silly placeDep ROOT readable-stream@3.6.2 OK for: tar-stream@2.2.0 want: ^3.1.1
189 silly fetch manifest buffer@^5.5.0
190 silly packumentCache full:https://registry.npmjs.org/buffer cache-miss
191 silly fetch manifest inherits@^2.0.4
192 silly packumentCache full:https://registry.npmjs.org/inherits cache-miss
193 silly fetch manifest readable-stream@^3.4.0
194 silly packumentCache full:https://registry.npmjs.org/readable-stream cache-miss
195 silly fetch manifest string_decoder@^1.1.1
196 silly packumentCache full:https://registry.npmjs.org/string_decoder cache-miss
197 silly fetch manifest util-deprecate@^1.0.1
198 silly packumentCache full:https://registry.npmjs.org/util-deprecate cache-miss
199 http cache https://registry.npmjs.org/inherits 2ms (cache hit)
200 silly packumentCache full:https://registry.npmjs.org/inherits set size:12925 disposed:false
201 http cache https://registry.npmjs.org/readable-stream 2ms (cache hit)
202 silly packumentCache full:https://registry.npmjs.org/readable-stream set size:261096 disposed:false
203 http fetch GET 200 https://registry.npmjs.org/util-deprecate 60ms (cache miss)
204 silly packumentCache full:https://registry.npmjs.org/util-deprecate set size:undefined disposed:false
205 http fetch GET 200 https://registry.npmjs.org/buffer 66ms (cache miss)
206 silly packumentCache full:https://registry.npmjs.org/buffer set size:undefined disposed:false
207 http fetch GET 200 https://registry.npmjs.org/string_decoder 67ms (cache miss)
208 silly packumentCache full:https://registry.npmjs.org/string_decoder set size:undefined disposed:false
209 silly placeDep ROOT buffer@5.7.1 OK for: bl@4.1.0 want: ^5.5.0
210 silly fetch manifest base64-js@^1.3.1
211 silly packumentCache full:https://registry.npmjs.org/base64-js cache-miss
212 silly fetch manifest ieee754@^1.1.13
213 silly packumentCache full:https://registry.npmjs.org/ieee754 cache-miss
214 http fetch GET 200 https://registry.npmjs.org/base64-js 55ms (cache miss)
215 silly packumentCache full:https://registry.npmjs.org/base64-js set size:undefined disposed:false
216 http fetch GET 200 https://registry.npmjs.org/ieee754 59ms (cache miss)
217 silly packumentCache full:https://registry.npmjs.org/ieee754 set size:undefined disposed:false
218 silly placeDep ROOT base64-js@1.5.1 OK for: buffer@5.7.1 want: ^1.3.1
219 silly placeDep ROOT ieee754@1.2.1 OK for: buffer@5.7.1 want: ^1.1.13
220 silly placeDep ROOT string_decoder@1.3.0 OK for: readable-stream@3.6.2 want: ^1.1.1
221 silly placeDep ROOT util-deprecate@1.0.2 OK for: readable-stream@3.6.2 want: ^1.0.1
222 silly fetch manifest safe-buffer@~5.2.0
223 silly packumentCache full:https://registry.npmjs.org/safe-buffer cache-miss
224 http cache https://registry.npmjs.org/safe-buffer 2ms (cache hit)
225 silly packumentCache full:https://registry.npmjs.org/safe-buffer set size:41183 disposed:false
226 silly placeDep ROOT safe-buffer@5.2.1 OK for: string_decoder@1.3.0 want: ~5.2.0
227 silly reify moves {}
228 verbose reify failed optional dependency /Users/davecarr/Desktop/Floral pos system/floravision/node_modules/@tailwindcss/oxide-wasm32-wasi
229 silly reify mark deleted [
229 silly reify   '/Users/davecarr/Desktop/Floral pos system/floravision/node_modules/@tailwindcss/oxide-wasm32-wasi'
229 silly reify ]
230 silly audit bulk request {
230 silly audit   '@alloc/quick-lru': [ '5.2.0' ],
230 silly audit   '@babel/code-frame': [ '7.29.0' ],
230 silly audit   '@babel/compat-data': [ '7.29.0' ],
230 silly audit   '@babel/core': [ '7.29.0' ],
230 silly audit   '@babel/generator': [ '7.29.1' ],
230 silly audit   '@babel/helper-compilation-targets': [ '7.28.6' ],
230 silly audit   '@babel/helper-globals': [ '7.28.0' ],
230 silly audit   '@babel/helper-module-imports': [ '7.28.6' ],
230 silly audit   '@babel/helper-module-transforms': [ '7.28.6' ],
230 silly audit   '@babel/helper-string-parser': [ '7.27.1' ],
230 silly audit   '@babel/helper-validator-identifier': [ '7.28.5' ],
230 silly audit   '@babel/helper-validator-option': [ '7.27.1' ],
230 silly audit   '@babel/helpers': [ '7.28.6' ],
230 silly audit   '@babel/parser': [ '7.29.0' ],
230 silly audit   '@babel/template': [ '7.28.6' ],
230 silly audit   '@babel/traverse': [ '7.29.0' ],
230 silly audit   '@babel/types': [ '7.29.0' ],
230 silly audit   '@chevrotain/cst-dts-gen': [ '10.5.0' ],
230 silly audit   '@chevrotain/gast': [ '10.5.0' ],
230 silly audit   '@chevrotain/types': [ '10.5.0' ],
230 silly audit   '@chevrotain/utils': [ '10.5.0' ],
230 silly audit   '@electric-sql/pglite': [ '0.3.15' ],
230 silly audit   '@electric-sql/pglite-socket': [ '0.0.20' ],
230 silly audit   '@electric-sql/pglite-tools': [ '0.2.20' ],
230 silly audit   '@emnapi/core': [ '1.8.1' ],
230 silly audit   '@emnapi/runtime': [ '1.8.1' ],
230 silly audit   '@emnapi/wasi-threads': [ '1.1.0' ],
230 silly audit   '@eslint-community/eslint-utils': [ '4.9.1' ],
230 silly audit   'eslint-visitor-keys': [ '3.4.3', '5.0.1', '4.2.1' ],
230 silly audit   '@eslint-community/regexpp': [ '4.12.2' ],
230 silly audit   '@eslint/config-array': [ '0.21.2' ],
230 silly audit   '@eslint/config-helpers': [ '0.4.2' ],
230 silly audit   '@eslint/core': [ '0.17.0' ],
230 silly audit   '@eslint/eslintrc': [ '3.3.5' ],
230 silly audit   '@eslint/js': [ '9.39.4' ],
230 silly audit   '@eslint/object-schema': [ '2.1.7' ],
230 silly audit   '@eslint/plugin-kit': [ '0.4.1' ],
230 silly audit   '@hono/node-server': [ '1.19.9' ],
230 silly audit   '@humanfs/core': [ '0.19.1' ],
230 silly audit   '@humanfs/node': [ '0.16.7' ],
230 silly audit   '@humanwhocodes/module-importer': [ '1.0.1' ],
230 silly audit   '@humanwhocodes/retry': [ '0.4.3' ],
230 silly audit   '@img/colour': [ '1.1.0' ],
230 silly audit   '@img/sharp-darwin-arm64': [ '0.34.5' ],
230 silly audit   '@img/sharp-darwin-x64': [ '0.34.5' ],
230 silly audit   '@img/sharp-libvips-darwin-arm64': [ '1.2.4' ],
230 silly audit   '@img/sharp-libvips-darwin-x64': [ '1.2.4' ],
230 silly audit   '@img/sharp-libvips-linux-arm': [ '1.2.4' ],
230 silly audit   '@img/sharp-libvips-linux-arm64': [ '1.2.4' ],
230 silly audit   '@img/sharp-libvips-linux-ppc64': [ '1.2.4' ],
230 silly audit   '@img/sharp-libvips-linux-riscv64': [ '1.2.4' ],
230 silly audit   '@img/sharp-libvips-linux-s390x': [ '1.2.4' ],
230 silly audit   '@img/sharp-libvips-linux-x64': [ '1.2.4' ],
230 silly audit   '@img/sharp-libvips-linuxmusl-arm64': [ '1.2.4' ],
230 silly audit   '@img/sharp-libvips-linuxmusl-x64': [ '1.2.4' ],
230 silly audit   '@img/sharp-linux-arm': [ '0.34.5' ],
230 silly audit   '@img/sharp-linux-arm64': [ '0.34.5' ],
230 silly audit   '@img/sharp-linux-ppc64': [ '0.34.5' ],
230 silly audit   '@img/sharp-linux-riscv64': [ '0.34.5' ],
230 silly audit   '@img/sharp-linux-s390x': [ '0.34.5' ],
230 silly audit   '@img/sharp-linux-x64': [ '0.34.5' ],
230 silly audit   '@img/sharp-linuxmusl-arm64': [ '0.34.5' ],
230 silly audit   '@img/sharp-linuxmusl-x64': [ '0.34.5' ],
230 silly audit   '@img/sharp-wasm32': [ '0.34.5' ],
230 silly audit   '@img/sharp-win32-arm64': [ '0.34.5' ],
230 silly audit   '@img/sharp-win32-ia32': [ '0.34.5' ],
230 silly audit   '@img/sharp-win32-x64': [ '0.34.5' ],
230 silly audit   '@jridgewell/gen-mapping': [ '0.3.13' ],
230 silly audit   '@jridgewell/remapping': [ '2.3.5' ],
230 silly audit   '@jridgewell/resolve-uri': [ '3.1.2' ],
230 silly audit   '@jridgewell/sourcemap-codec': [ '1.5.5' ],
230 silly audit   '@jridgewell/trace-mapping': [ '0.3.31' ],
230 silly audit   '@mrleebo/prisma-ast': [ '0.13.1' ],
230 silly audit   '@napi-rs/wasm-runtime': [ '0.2.12' ],
230 silly audit   '@next/env': [ '16.1.6' ],
230 silly audit   '@next/eslint-plugin-next': [ '16.1.6' ],
230 silly audit   '@next/swc-darwin-arm64': [ '16.1.6' ],
230 silly audit   '@next/swc-darwin-x64': [ '16.1.6' ],
230 silly audit   '@next/swc-linux-arm64-gnu': [ '16.1.6' ],
230 silly audit   '@next/swc-linux-arm64-musl': [ '16.1.6' ],
230 silly audit   '@next/swc-linux-x64-gnu': [ '16.1.6' ],
230 silly audit   '@next/swc-linux-x64-musl': [ '16.1.6' ],
230 silly audit   '@next/swc-win32-arm64-msvc': [ '16.1.6' ],
230 silly audit   '@next/swc-win32-x64-msvc': [ '16.1.6' ],
230 silly audit   '@nodelib/fs.scandir': [ '2.1.5' ],
230 silly audit   '@nodelib/fs.stat': [ '2.0.5' ],
230 silly audit   '@nodelib/fs.walk': [ '1.2.8' ],
230 silly audit   '@nolyfill/is-core-module': [ '1.0.39' ],
230 silly audit   '@prisma/client': [ '7.5.0' ],
230 silly audit   '@prisma/client-runtime-utils': [ '7.5.0' ],
230 silly audit   '@prisma/config': [ '7.5.0' ],
230 silly audit   '@prisma/debug': [ '7.5.0', '7.2.0' ],
230 silly audit   '@prisma/dev': [ '0.20.0' ],
230 silly audit   '@prisma/engines': [ '7.5.0' ],
230 silly audit   '@prisma/engines-version': [ '7.5.0-15.280c870be64f457428992c43c1f6d557fab6e29e' ],
230 silly audit   '@prisma/get-platform': [ '7.5.0', '7.2.0' ],
230 silly audit   '@prisma/fetch-engine': [ '7.5.0' ],
230 silly audit   '@prisma/query-plan-executor': [ '7.2.0' ],
230 silly audit   '@prisma/studio-core': [ '0.21.1' ],
230 silly audit   '@rtsao/scc': [ '1.1.0' ],
230 silly audit   '@standard-schema/spec': [ '1.1.0' ],
230 silly audit   '@swc/helpers': [ '0.5.15' ],
230 silly audit   '@tailwindcss/node': [ '4.2.1' ],
230 silly audit   '@tailwindcss/oxide': [ '4.2.1' ],
230 silly audit   '@tailwindcss/oxide-android-arm64': [ '4.2.1' ],
230 silly audit   '@tailwindcss/oxide-darwin-arm64': [ '4.2.1' ],
230 silly audit   '@tailwindcss/oxide-darwin-x64': [ '4.2.1' ],
230 silly audit   '@tailwindcss/oxide-freebsd-x64': [ '4.2.1' ],
230 silly audit   '@tailwindcss/oxide-linux-arm-gnueabihf': [ '4.2.1' ],
230 silly audit   '@tailwindcss/oxide-linux-arm64-gnu': [ '4.2.1' ],
230 silly audit   '@tailwindcss/oxide-linux-arm64-musl': [ '4.2.1' ],
230 silly audit   '@tailwindcss/oxide-linux-x64-gnu': [ '4.2.1' ],
230 silly audit   '@tailwindcss/oxide-linux-x64-musl': [ '4.2.1' ],
230 silly audit   '@tailwindcss/oxide-win32-arm64-msvc': [ '4.2.1' ],
230 silly audit   '@tailwindcss/oxide-win32-x64-msvc': [ '4.2.1' ],
230 silly audit   '@tailwindcss/postcss': [ '4.2.1' ],
230 silly audit   '@tybys/wasm-util': [ '0.10.1' ],
230 silly audit   '@types/estree': [ '1.0.8' ],
230 silly audit   '@types/json-schema': [ '7.0.15' ],
230 silly audit   '@types/json5': [ '0.0.29' ],
230 silly audit   '@types/node': [ '20.19.37' ],
230 silly audit   '@types/react': [ '19.2.14' ],
230 silly audit   '@types/react-dom': [ '19.2.3' ],
230 silly audit   '@typescript-eslint/eslint-plugin': [ '8.57.0' ],
230 silly audit   ignore: [ '7.0.5', '5.3.2' ],
230 silly audit   '@typescript-eslint/parser': [ '8.57.0' ],
230 silly audit   '@typescript-eslint/project-service': [ '8.57.0' ],
230 silly audit   '@typescript-eslint/scope-manager': [ '8.57.0' ],
230 silly audit   '@typescript-eslint/tsconfig-utils': [ '8.57.0' ],
230 silly audit   '@typescript-eslint/type-utils': [ '8.57.0' ],
230 silly audit   '@typescript-eslint/types': [ '8.57.0' ],
230 silly audit   '@typescript-eslint/typescript-estree': [ '8.57.0' ],
230 silly audit   'balanced-match': [ '4.0.4', '1.0.2' ],
230 silly audit   'brace-expansion': [ '5.0.4', '1.1.12' ],
230 silly audit   minimatch: [ '10.2.4', '3.1.5' ],
230 silly audit   semver: [ '7.7.4', '6.3.1' ],
230 silly audit   '@typescript-eslint/utils': [ '8.57.0' ],
230 silly audit   '@typescript-eslint/visitor-keys': [ '8.57.0' ],
230 silly audit   '@unrs/resolver-binding-android-arm-eabi': [ '1.11.1' ],
230 silly audit   '@unrs/resolver-binding-android-arm64': [ '1.11.1' ],
230 silly audit   '@unrs/resolver-binding-darwin-arm64': [ '1.11.1' ],
230 silly audit   '@unrs/resolver-binding-darwin-x64': [ '1.11.1' ],
230 silly audit   '@unrs/resolver-binding-freebsd-x64': [ '1.11.1' ],
230 silly audit   '@unrs/resolver-binding-linux-arm-gnueabihf': [ '1.11.1' ],
230 silly audit   '@unrs/resolver-binding-linux-arm-musleabihf': [ '1.11.1' ],
230 silly audit   '@unrs/resolver-binding-linux-arm64-gnu': [ '1.11.1' ],
230 silly audit   '@unrs/resolver-binding-linux-arm64-musl': [ '1.11.1' ],
230 silly audit   '@unrs/resolver-binding-linux-ppc64-gnu': [ '1.11.1' ],
230 silly audit   '@unrs/resolver-binding-linux-riscv64-gnu': [ '1.11.1' ],
230 silly audit   '@unrs/resolver-binding-linux-riscv64-musl': [ '1.11.1' ],
230 silly audit   '@unrs/resolver-binding-linux-s390x-gnu': [ '1.11.1' ],
230 silly audit   '@unrs/resolver-binding-linux-x64-gnu': [ '1.11.1' ],
230 silly audit   '@unrs/resolver-binding-linux-x64-musl': [ '1.11.1' ],
230 silly audit   '@unrs/resolver-binding-wasm32-wasi': [ '1.11.1' ],
230 silly audit   '@unrs/resolver-binding-win32-arm64-msvc': [ '1.11.1' ],
230 silly audit   '@unrs/resolver-binding-win32-ia32-msvc': [ '1.11.1' ],
230 silly audit   '@unrs/resolver-binding-win32-x64-msvc': [ '1.11.1' ],
230 silly audit   acorn: [ '8.16.0' ],
230 silly audit   'acorn-jsx': [ '5.3.2' ],
230 silly audit   ajv: [ '6.14.0' ],
230 silly audit   'ansi-styles': [ '4.3.0' ],
230 silly audit   argparse: [ '2.0.1' ],
230 silly audit   'aria-query': [ '5.3.2' ],
230 silly audit   'array-buffer-byte-length': [ '1.0.2' ],
230 silly audit   'array-includes': [ '3.1.9' ],
230 silly audit   'array.prototype.findlast': [ '1.2.5' ],
230 silly audit   'array.prototype.findlastindex': [ '1.2.6' ],
230 silly audit   'array.prototype.flat': [ '1.3.3' ],
230 silly audit   'array.prototype.flatmap': [ '1.3.3' ],
230 silly audit   'array.prototype.tosorted': [ '1.1.4' ],
230 silly audit   'arraybuffer.prototype.slice': [ '1.0.4' ],
230 silly audit   'ast-types-flow': [ '0.0.8' ],
230 silly audit   'async-function': [ '1.0.0' ],
230 silly audit   'available-typed-arrays': [ '1.0.7' ],
230 silly audit   'aws-ssl-profiles': [ '1.1.2' ],
230 silly audit   'axe-core': [ '4.11.1' ],
230 silly audit   'axobject-query': [ '4.1.0' ],
230 silly audit   'baseline-browser-mapping': [ '2.10.0' ],
230 silly audit   braces: [ '3.0.3' ],
230 silly audit   browserslist: [ '4.28.1' ],
230 silly audit   c12: [ '3.1.0' ],
230 silly audit   dotenv: [ '16.6.1', '17.3.1' ],
230 silly audit   'call-bind': [ '1.0.8' ],
230 silly audit   'call-bind-apply-helpers': [ '1.0.2' ],
230 silly audit   'call-bound': [ '1.0.4' ],
230 silly audit   callsites: [ '3.1.0' ],
230 silly audit   'caniuse-lite': [ '1.0.30001777' ],
230 silly audit   chalk: [ '4.1.2' ],
230 silly audit   chevrotain: [ '10.5.0' ],
230 silly audit   chokidar: [ '4.0.3' ],
230 silly audit   citty: [ '0.1.6', '0.2.1' ],
230 silly audit   'client-only': [ '0.0.1' ],
230 silly audit   'color-convert': [ '2.0.1' ],
230 silly audit   'color-name': [ '1.1.4' ],
230 silly audit   'concat-map': [ '0.0.1' ],
230 silly audit   confbox: [ '0.2.4' ],
230 silly audit   consola: [ '3.4.2' ],
230 silly audit   'convert-source-map': [ '2.0.0' ],
230 silly audit   'cross-spawn': [ '7.0.6' ],
230 silly audit   csstype: [ '3.2.3' ],
230 silly audit   'damerau-levenshtein': [ '1.0.8' ],
230 silly audit   'data-view-buffer': [ '1.0.2' ],
230 silly audit   'data-view-byte-length': [ '1.0.2' ],
230 silly audit   'data-view-byte-offset': [ '1.0.1' ],
230 silly audit   debug: [ '4.4.3', '3.2.7' ],
230 silly audit   'deep-is': [ '0.1.4' ],
230 silly audit   'deepmerge-ts': [ '7.1.5' ],
230 silly audit   'define-data-property': [ '1.1.4' ],
230 silly audit   'define-properties': [ '1.2.1' ],
230 silly audit   defu: [ '6.1.4' ],
230 silly audit   denque: [ '2.1.0' ],
230 silly audit   destr: [ '2.0.5' ],
230 silly audit   'detect-libc': [ '2.1.2' ],
230 silly audit   doctrine: [ '2.1.0' ],
230 silly audit   'dunder-proto': [ '1.0.1' ],
230 silly audit   effect: [ '3.18.4' ],
230 silly audit   'electron-to-chromium': [ '1.5.307' ],
230 silly audit   'emoji-regex': [ '9.2.2' ],
230 silly audit   empathic: [ '2.0.0' ],
230 silly audit   'enhanced-resolve': [ '5.20.0' ],
230 silly audit   'es-abstract': [ '1.24.1' ],
230 silly audit   'es-define-property': [ '1.0.1' ],
230 silly audit   'es-errors': [ '1.3.0' ],
230 silly audit   'es-iterator-helpers': [ '1.3.0' ],
230 silly audit   'es-object-atoms': [ '1.1.1' ],
230 silly audit   'es-set-tostringtag': [ '2.1.0' ],
230 silly audit   'es-shim-unscopables': [ '1.1.0' ],
230 silly audit   'es-to-primitive': [ '1.3.0' ],
230 silly audit   escalade: [ '3.2.0' ],
230 silly audit   'escape-string-regexp': [ '4.0.0' ],
230 silly audit   eslint: [ '9.39.4' ],
230 silly audit   'eslint-config-next': [ '16.1.6' ],
230 silly audit   globals: [ '16.4.0', '14.0.0' ],
230 silly audit   'eslint-import-resolver-node': [ '0.3.9' ],
230 silly audit   'eslint-import-resolver-typescript': [ '3.10.1' ],
230 silly audit   'eslint-module-utils': [ '2.12.1' ],
230 silly audit   'eslint-plugin-import': [ '2.32.0' ],
230 silly audit   'eslint-plugin-jsx-a11y': [ '6.10.2' ],
230 silly audit   'eslint-plugin-react': [ '7.37.5' ],
230 silly audit   'eslint-plugin-react-hooks': [ '7.0.1' ],
230 silly audit   resolve: [ '2.0.0-next.6', '1.22.11' ],
230 silly audit   'eslint-scope': [ '8.4.0' ],
230 silly audit   espree: [ '10.4.0' ],
230 silly audit   esquery: [ '1.7.0' ],
230 silly audit   esrecurse: [ '4.3.0' ],
230 silly audit   estraverse: [ '5.3.0' ],
230 silly audit   esutils: [ '2.0.3' ],
230 silly audit   exsolve: [ '1.0.8' ],
230 silly audit   'fast-check': [ '3.23.2' ],
230 silly audit   'fast-deep-equal': [ '3.1.3' ],
230 silly audit   'fast-glob': [ '3.3.1' ],
230 silly audit   'glob-parent': [ '5.1.2', '6.0.2' ],
230 silly audit   'fast-json-stable-stringify': [ '2.1.0' ],
230 silly audit   'fast-levenshtein': [ '2.0.6' ],
230 silly audit   fastq: [ '1.20.1' ],
230 silly audit   'file-entry-cache': [ '8.0.0' ],
230 silly audit   'fill-range': [ '7.1.1' ],
230 silly audit   'find-up': [ '5.0.0' ],
230 silly audit   'flat-cache': [ '4.0.1' ],
230 silly audit   flatted: [ '3.4.1' ],
230 silly audit   'for-each': [ '0.3.5' ],
230 silly audit   'foreground-child': [ '3.3.1' ],
230 silly audit   'function-bind': [ '1.1.2' ],
230 silly audit   'function.prototype.name': [ '1.1.8' ],
230 silly audit   'functions-have-names': [ '1.2.3' ],
230 silly audit   'generate-function': [ '2.3.1' ],
230 silly audit   'generator-function': [ '2.0.1' ],
230 silly audit   gensync: [ '1.0.0-beta.2' ],
230 silly audit   'get-intrinsic': [ '1.3.0' ],
230 silly audit   'get-port-please': [ '3.2.0' ],
230 silly audit   'get-proto': [ '1.0.1' ],
230 silly audit   'get-symbol-description': [ '1.1.0' ],
230 silly audit   'get-tsconfig': [ '4.13.6' ],
230 silly audit   giget: [ '2.0.0' ],
230 silly audit   globalthis: [ '1.0.4' ],
230 silly audit   gopd: [ '1.2.0' ],
230 silly audit   'graceful-fs': [ '4.2.11' ],
230 silly audit   grammex: [ '3.1.12' ],
230 silly audit   graphmatch: [ '1.1.1' ],
230 silly audit   'has-bigints': [ '1.1.0' ],
230 silly audit   'has-flag': [ '4.0.0' ],
230 silly audit   'has-property-descriptors': [ '1.0.2' ],
230 silly audit   'has-proto': [ '1.2.0' ],
230 silly audit   'has-symbols': [ '1.1.0' ],
230 silly audit   'has-tostringtag': [ '1.0.2' ],
230 silly audit   hasown: [ '2.0.2' ],
230 silly audit   'hermes-estree': [ '0.25.1' ],
230 silly audit   'hermes-parser': [ '0.25.1' ],
230 silly audit   hono: [ '4.11.4' ],
230 silly audit   'http-status-codes': [ '2.3.0' ],
230 silly audit   'iconv-lite': [ '0.7.2' ],
230 silly audit   'import-fresh': [ '3.3.1' ],
230 silly audit   imurmurhash: [ '0.1.4' ],
230 silly audit   'internal-slot': [ '1.1.0' ],
230 silly audit   'is-array-buffer': [ '3.0.5' ],
230 silly audit   'is-async-function': [ '2.1.1' ],
230 silly audit   'is-bigint': [ '1.1.0' ],
230 silly audit   'is-boolean-object': [ '1.2.2' ],
230 silly audit   'is-bun-module': [ '2.0.0' ],
230 silly audit   'is-callable': [ '1.2.7' ],
230 silly audit   'is-core-module': [ '2.16.1' ],
230 silly audit   'is-data-view': [ '1.0.2' ],
230 silly audit   'is-date-object': [ '1.1.0' ],
230 silly audit   'is-extglob': [ '2.1.1' ],
230 silly audit   'is-finalizationregistry': [ '1.1.1' ],
230 silly audit   'is-generator-function': [ '1.1.2' ],
230 silly audit   'is-glob': [ '4.0.3' ],
230 silly audit   'is-map': [ '2.0.3' ],
230 silly audit   'is-negative-zero': [ '2.0.3' ],
230 silly audit   'is-number': [ '7.0.0' ],
230 silly audit   'is-number-object': [ '1.1.1' ],
230 silly audit   'is-property': [ '1.0.2' ],
230 silly audit   'is-regex': [ '1.2.1' ],
230 silly audit   'is-set': [ '2.0.3' ],
230 silly audit   'is-shared-array-buffer': [ '1.0.4' ],
230 silly audit   'is-string': [ '1.1.1' ],
230 silly audit   'is-symbol': [ '1.1.1' ],
230 silly audit   'is-typed-array': [ '1.1.15' ],
230 silly audit   'is-weakmap': [ '2.0.2' ],
230 silly audit   'is-weakref': [ '1.1.1' ],
230 silly audit   'is-weakset': [ '2.0.4' ],
230 silly audit   isarray: [ '2.0.5' ],
230 silly audit   isexe: [ '2.0.0' ],
230 silly audit   'iterator.prototype': [ '1.1.5' ],
230 silly audit   jiti: [ '2.6.1' ],
230 silly audit   'js-tokens': [ '4.0.0' ],
230 silly audit   'js-yaml': [ '4.1.1' ],
230 silly audit   jsesc: [ '3.1.0' ],
230 silly audit   'json-buffer': [ '3.0.1' ],
230 silly audit   'json-schema-traverse': [ '0.4.1' ],
230 silly audit   'json-stable-stringify-without-jsonify': [ '1.0.1' ],
230 silly audit   json5: [ '2.2.3', '1.0.2' ],
230 silly audit   'jsx-ast-utils': [ '3.3.5' ],
230 silly audit   keyv: [ '4.5.4' ],
230 silly audit   'language-subtag-registry': [ '0.3.23' ],
230 silly audit   'language-tags': [ '1.0.9' ],
230 silly audit   levn: [ '0.4.1' ],
230 silly audit   lightningcss: [ '1.31.1' ],
230 silly audit   'lightningcss-android-arm64': [ '1.31.1' ],
230 silly audit   'lightningcss-darwin-arm64': [ '1.31.1' ],
230 silly audit   'lightningcss-darwin-x64': [ '1.31.1' ],
230 silly audit   'lightningcss-freebsd-x64': [ '1.31.1' ],
230 silly audit   'lightningcss-linux-arm-gnueabihf': [ '1.31.1' ],
230 silly audit   'lightningcss-linux-arm64-gnu': [ '1.31.1' ],
230 silly audit   'lightningcss-linux-arm64-musl': [ '1.31.1' ],
230 silly audit   'lightningcss-linux-x64-gnu': [ '1.31.1' ],
230 silly audit   'lightningcss-linux-x64-musl': [ '1.31.1' ],
230 silly audit   'lightningcss-win32-arm64-msvc': [ '1.31.1' ],
230 silly audit   'lightningcss-win32-x64-msvc': [ '1.31.1' ],
230 silly audit   lilconfig: [ '2.1.0' ],
230 silly audit   'locate-path': [ '6.0.0' ],
230 silly audit   lodash: [ '4.17.21' ],
230 silly audit   'lodash.merge': [ '4.6.2' ],
230 silly audit   long: [ '5.3.2' ],
230 silly audit   'loose-envify': [ '1.4.0' ],
230 silly audit   'lru-cache': [ '5.1.1' ],
230 silly audit   'lru.min': [ '1.1.4' ],
230 silly audit   'magic-string': [ '0.30.21' ],
230 silly audit   'math-intrinsics': [ '1.1.0' ],
230 silly audit   merge2: [ '1.4.1' ],
230 silly audit   micromatch: [ '4.0.8' ],
230 silly audit   minimist: [ '1.2.8' ],
230 silly audit   ms: [ '2.1.3' ],
230 silly audit   mysql2: [ '3.15.3' ],
230 silly audit   'named-placeholders': [ '1.1.6' ],
230 silly audit   nanoid: [ '3.3.11' ],
230 silly audit   'napi-postinstall': [ '0.3.4' ],
230 silly audit   'natural-compare': [ '1.4.0' ],
230 silly audit   next: [ '16.1.6' ],
230 silly audit   postcss: [ '8.4.31', '8.5.8' ],
230 silly audit   'node-exports-info': [ '1.6.0' ],
230 silly audit   'node-fetch-native': [ '1.6.7' ],
230 silly audit   'node-releases': [ '2.0.36' ],
230 silly audit   nypm: [ '0.6.5' ],
230 silly audit   'object-assign': [ '4.1.1' ],
230 silly audit   'object-inspect': [ '1.13.4' ],
230 silly audit   'object-keys': [ '1.1.1' ],
230 silly audit   'object.assign': [ '4.1.7' ],
230 silly audit   'object.entries': [ '1.1.9' ],
230 silly audit   'object.fromentries': [ '2.0.8' ],
230 silly audit   'object.groupby': [ '1.0.3' ],
230 silly audit   'object.values': [ '1.2.1' ],
230 silly audit   ohash: [ '2.0.11' ],
230 silly audit   optionator: [ '0.9.4' ],
230 silly audit   'own-keys': [ '1.0.1' ],
230 silly audit   'p-limit': [ '3.1.0' ],
230 silly audit   'p-locate': [ '5.0.0' ],
230 silly audit   'parent-module': [ '1.0.1' ],
230 silly audit   'path-exists': [ '4.0.0' ],
230 silly audit   'path-key': [ '3.1.1' ],
230 silly audit   'path-parse': [ '1.0.7' ],
230 silly audit   pathe: [ '2.0.3' ],
230 silly audit   'perfect-debounce': [ '1.0.0' ],
230 silly audit   picocolors: [ '1.1.1' ],
230 silly audit   picomatch: [ '2.3.1', '4.0.3' ],
230 silly audit   'pkg-types': [ '2.3.0' ],
230 silly audit   'possible-typed-array-names': [ '1.1.0' ],
230 silly audit   postgres: [ '3.4.7' ],
230 silly audit   'prelude-ls': [ '1.2.1' ],
230 silly audit   prisma: [ '7.5.0' ],
230 silly audit   'prop-types': [ '15.8.1' ],
230 silly audit   'proper-lockfile': [ '4.1.2' ],
230 silly audit   'signal-exit': [ '3.0.7', '4.1.0' ],
230 silly audit   punycode: [ '2.3.1' ],
230 silly audit   'pure-rand': [ '6.1.0' ],
230 silly audit   'queue-microtask': [ '1.2.3' ],
230 silly audit   rc9: [ '2.1.2' ],
230 silly audit   react: [ '19.2.3' ],
230 silly audit   'react-dom': [ '19.2.3' ],
230 silly audit   'react-is': [ '16.13.1' ],
230 silly audit   readdirp: [ '4.1.2' ],
230 silly audit   'reflect.getprototypeof': [ '1.0.10' ],
230 silly audit   'regexp-to-ast': [ '0.5.0' ],
230 silly audit   'regexp.prototype.flags': [ '1.5.4' ],
230 silly audit   remeda: [ '2.33.4' ],
230 silly audit   'resolve-from': [ '4.0.0' ],
230 silly audit   'resolve-pkg-maps': [ '1.0.0' ],
230 silly audit   retry: [ '0.12.0' ],
230 silly audit   reusify: [ '1.1.0' ],
230 silly audit   'run-parallel': [ '1.2.0' ],
230 silly audit   'safe-array-concat': [ '1.1.3' ],
230 silly audit   'safe-push-apply': [ '1.0.0' ],
230 silly audit   'safe-regex-test': [ '1.1.0' ],
230 silly audit   'safer-buffer': [ '2.1.2' ],
230 silly audit   scheduler: [ '0.27.0' ],
230 silly audit   'seq-queue': [ '0.0.5' ],
230 silly audit   'set-function-length': [ '1.2.2' ],
230 silly audit   'set-function-name': [ '2.0.2' ],
230 silly audit   'set-proto': [ '1.0.0' ],
230 silly audit   sharp: [ '0.34.5' ],
230 silly audit   'shebang-command': [ '2.0.0' ],
230 silly audit   'shebang-regex': [ '3.0.0' ],
230 silly audit   'side-channel': [ '1.1.0' ],
230 silly audit   'side-channel-list': [ '1.0.0' ],
230 silly audit   'side-channel-map': [ '1.0.1' ],
230 silly audit   'side-channel-weakmap': [ '1.0.2' ],
230 silly audit   'source-map-js': [ '1.2.1' ],
230 silly audit   sqlstring: [ '2.3.3' ],
230 silly audit   'stable-hash': [ '0.0.5' ],
230 silly audit   'std-env': [ '3.10.0' ],
230 silly audit   'stop-iteration-iterator': [ '1.1.0' ],
230 silly audit   'string.prototype.includes': [ '2.0.1' ],
230 silly audit   'string.prototype.matchall': [ '4.0.12' ],
230 silly audit   'string.prototype.repeat': [ '1.0.0' ],
230 silly audit   'string.prototype.trim': [ '1.2.10' ],
230 silly audit   'string.prototype.trimend': [ '1.0.9' ],
230 silly audit   'string.prototype.trimstart': [ '1.0.8' ],
230 silly audit   'strip-bom': [ '3.0.0' ],
230 silly audit   'strip-json-comments': [ '3.1.1', '2.0.1' ],
230 silly audit   'styled-jsx': [ '5.1.6' ],
230 silly audit   'supports-color': [ '7.2.0' ],
230 silly audit   'supports-preserve-symlinks-flag': [ '1.0.0' ],
230 silly audit   tailwindcss: [ '4.2.1' ],
230 silly audit   tapable: [ '2.3.0' ],
230 silly audit   tinyexec: [ '1.0.2' ],
230 silly audit   tinyglobby: [ '0.2.15' ],
230 silly audit   fdir: [ '6.5.0' ],
230 silly audit   'to-regex-range': [ '5.0.1' ],
230 silly audit   'ts-api-utils': [ '2.4.0' ],
230 silly audit   'tsconfig-paths': [ '3.15.0' ],
230 silly audit   tslib: [ '2.8.1' ],
230 silly audit   'type-check': [ '0.4.0' ],
230 silly audit   'typed-array-buffer': [ '1.0.3' ],
230 silly audit   'typed-array-byte-length': [ '1.0.3' ],
230 silly audit   'typed-array-byte-offset': [ '1.0.4' ],
230 silly audit   'typed-array-length': [ '1.0.7' ],
230 silly audit   typescript: [ '5.9.3' ],
230 silly audit   'typescript-eslint': [ '8.57.0' ],
230 silly audit   'unbox-primitive': [ '1.1.0' ],
230 silly audit   'undici-types': [ '6.21.0' ],
230 silly audit   'unrs-resolver': [ '1.11.1' ],
230 silly audit   'update-browserslist-db': [ '1.2.3' ],
230 silly audit   'uri-js': [ '4.4.1' ],
230 silly audit   valibot: [ '1.2.0' ],
230 silly audit   which: [ '2.0.2' ],
230 silly audit   'which-boxed-primitive': [ '1.1.1' ],
230 silly audit   'which-builtin-type': [ '1.2.1' ],
230 silly audit   'which-collection': [ '1.0.2' ],
230 silly audit   'which-typed-array': [ '1.1.20' ],
230 silly audit   'word-wrap': [ '1.2.5' ],
230 silly audit   yallist: [ '3.1.1' ],
230 silly audit   'yocto-queue': [ '0.1.0' ],
230 silly audit   zeptomatch: [ '2.1.0' ],
230 silly audit   zod: [ '4.3.6' ],
230 silly audit   'zod-validation-error': [ '4.0.2' ],
230 silly audit   '@prisma/adapter-better-sqlite3': [ '7.5.0' ],
230 silly audit   'better-sqlite3': [ '12.6.2' ],
230 silly audit   '@prisma/driver-adapter-utils': [ '7.5.0' ],
230 silly audit   bindings: [ '1.5.0' ],
230 silly audit   'prebuild-install': [ '7.1.3' ],
230 silly audit   'file-uri-to-path': [ '1.0.0' ],
230 silly audit   'expand-template': [ '2.0.3' ],
230 silly audit   'github-from-package': [ '0.0.0' ],
230 silly audit   'mkdirp-classic': [ '0.5.3' ],
230 silly audit   'napi-build-utils': [ '2.0.0' ],
230 silly audit   'node-abi': [ '3.88.0' ],
230 silly audit   pump: [ '3.0.4' ],
230 silly audit   rc: [ '1.2.8' ],
230 silly audit   'simple-get': [ '4.0.1' ],
230 silly audit   'tar-fs': [ '2.1.4' ],
230 silly audit   'tunnel-agent': [ '0.6.0' ],
230 silly audit   'end-of-stream': [ '1.4.5' ],
230 silly audit   once: [ '1.4.0' ],
230 silly audit   wrappy: [ '1.0.2' ],
230 silly audit   'deep-extend': [ '0.6.0' ],
230 silly audit   ini: [ '1.3.8' ],
230 silly audit   'decompress-response': [ '6.0.0' ],
230 silly audit   'simple-concat': [ '1.0.1' ],
230 silly audit   'mimic-response': [ '3.1.0' ],
230 silly audit   chownr: [ '1.1.4' ],
230 silly audit   'tar-stream': [ '2.2.0' ],
230 silly audit   bl: [ '4.1.0' ],
230 silly audit   'fs-constants': [ '1.0.0' ],
230 silly audit   inherits: [ '2.0.4' ],
230 silly audit   'readable-stream': [ '3.6.2' ],
230 silly audit   buffer: [ '5.7.1' ],
230 silly audit   'base64-js': [ '1.5.1' ],
230 silly audit   ieee754: [ '1.2.1' ],
230 silly audit   string_decoder: [ '1.3.0' ],
230 silly audit   'util-deprecate': [ '1.0.2' ],
230 silly audit   'safe-buffer': [ '5.2.1' ],
230 silly audit   '@tailwindcss/oxide-wasm32-wasi': [ '4.2.1' ]
230 silly audit }
231 verbose reify failed optional dependency /Users/davecarr/Desktop/Floral pos system/floravision/node_modules/lightningcss-win32-x64-msvc
232 silly reify mark deleted [
232 silly reify   '/Users/davecarr/Desktop/Floral pos system/floravision/node_modules/lightningcss-win32-x64-msvc'
232 silly reify ]
233 verbose reify failed optional dependency /Users/davecarr/Desktop/Floral pos system/floravision/node_modules/lightningcss-win32-arm64-msvc
234 silly reify mark deleted [
234 silly reify   '/Users/davecarr/Desktop/Floral pos system/floravision/node_modules/lightningcss-win32-arm64-msvc'
234 silly reify ]
235 verbose reify failed optional dependency /Users/davecarr/Desktop/Floral pos system/floravision/node_modules/lightningcss-linux-x64-musl
236 silly reify mark deleted [
236 silly reify   '/Users/davecarr/Desktop/Floral pos system/floravision/node_modules/lightningcss-linux-x64-musl'
236 silly reify ]
237 verbose reify failed optional dependency /Users/davecarr/Desktop/Floral pos system/floravision/node_modules/lightningcss-linux-x64-gnu
238 silly reify mark deleted [
238 silly reify   '/Users/davecarr/Desktop/Floral pos system/floravision/node_modules/lightningcss-linux-x64-gnu'
238 silly reify ]
239 verbose reify failed optional dependency /Users/davecarr/Desktop/Floral pos system/floravision/node_modules/lightningcss-linux-arm64-musl
240 silly reify mark deleted [
240 silly reify   '/Users/davecarr/Desktop/Floral pos system/floravision/node_modules/lightningcss-linux-arm64-musl'
240 silly reify ]
241 verbose reify failed optional dependency /Users/davecarr/Desktop/Floral pos system/floravision/node_modules/lightningcss-linux-arm64-gnu
242 silly reify mark deleted [
242 silly reify   '/Users/davecarr/Desktop/Floral pos system/floravision/node_modules/lightningcss-linux-arm64-gnu'
242 silly reify ]
243 verbose reify failed optional dependency /Users/davecarr/Desktop/Floral pos system/floravision/node_modules/lightningcss-linux-arm-gnueabihf
244 silly reify mark deleted [
244 silly reify   '/Users/davecarr/Desktop/Floral pos system/floravision/node_modules/lightningcss-linux-arm-gnueabihf'
244 silly reify ]
245 verbose reify failed optional dependency /Users/davecarr/Desktop/Floral pos system/floravision/node_modules/lightningcss-freebsd-x64
246 silly reify mark deleted [
246 silly reify   '/Users/davecarr/Desktop/Floral pos system/floravision/node_modules/lightningcss-freebsd-x64'
246 silly reify ]
247 verbose reify failed optional dependency /Users/davecarr/Desktop/Floral pos system/floravision/node_modules/lightningcss-darwin-x64
248 silly reify mark deleted [
248 silly reify   '/Users/davecarr/Desktop/Floral pos system/floravision/node_modules/lightningcss-darwin-x64'
248 silly reify ]
249 verbose reify failed optional dependency /Users/davecarr/Desktop/Floral pos system/floravision/node_modules/lightningcss-android-arm64
250 silly reify mark deleted [
250 silly reify   '/Users/davecarr/Desktop/Floral pos system/floravision/node_modules/lightningcss-android-arm64'
250 silly reify ]
251 verbose reify failed optional dependency /Users/davecarr/Desktop/Floral pos system/floravision/node_modules/@unrs/resolver-binding-win32-x64-msvc
252 silly reify mark deleted [
252 silly reify   '/Users/davecarr/Desktop/Floral pos system/floravision/node_modules/@unrs/resolver-binding-win32-x64-msvc'
252 silly reify ]
253 verbose reify failed optional dependency /Users/davecarr/Desktop/Floral pos system/floravision/node_modules/@unrs/resolver-binding-win32-ia32-msvc
254 silly reify mark deleted [
254 silly reify   '/Users/davecarr/Desktop/Floral pos system/floravision/node_modules/@unrs/resolver-binding-win32-ia32-msvc'
254 silly reify ]
255 verbose reify failed optional dependency /Users/davecarr/Desktop/Floral pos system/floravision/node_modules/@unrs/resolver-binding-win32-arm64-msvc
256 silly reify mark deleted [
256 silly reify   '/Users/davecarr/Desktop/Floral pos system/floravision/node_modules/@unrs/resolver-binding-win32-arm64-msvc'
256 silly reify ]
257 verbose reify failed optional dependency /Users/davecarr/Desktop/Floral pos system/floravision/node_modules/@unrs/resolver-binding-wasm32-wasi
258 silly reify mark deleted [
258 silly reify   '/Users/davecarr/Desktop/Floral pos system/floravision/node_modules/@unrs/resolver-binding-wasm32-wasi'
258 silly reify ]
259 verbose reify failed optional dependency /Users/davecarr/Desktop/Floral pos system/floravision/node_modules/@unrs/resolver-binding-linux-x64-musl
260 silly reify mark deleted [
260 silly reify   '/Users/davecarr/Desktop/Floral pos system/floravision/node_modules/@unrs/resolver-binding-linux-x64-musl'
260 silly reify ]
261 verbose reify failed optional dependency /Users/davecarr/Desktop/Floral pos system/floravision/node_modules/@unrs/resolver-binding-linux-x64-gnu
262 silly reify mark deleted [
262 silly reify   '/Users/davecarr/Desktop/Floral pos system/floravision/node_modules/@unrs/resolver-binding-linux-x64-gnu'
262 silly reify ]
263 verbose reify failed optional dependency /Users/davecarr/Desktop/Floral pos system/floravision/node_modules/@unrs/resolver-binding-linux-s390x-gnu
264 silly reify mark deleted [
264 silly reify   '/Users/davecarr/Desktop/Floral pos system/floravision/node_modules/@unrs/resolver-binding-linux-s390x-gnu'
264 silly reify ]
265 verbose reify failed optional dependency /Users/davecarr/Desktop/Floral pos system/floravision/node_modules/@unrs/resolver-binding-linux-riscv64-musl
266 silly reify mark deleted [
266 silly reify   '/Users/davecarr/Desktop/Floral pos system/floravision/node_modules/@unrs/resolver-binding-linux-riscv64-musl'
266 silly reify ]
267 verbose reify failed optional dependency /Users/davecarr/Desktop/Floral pos system/floravision/node_modules/@unrs/resolver-binding-linux-riscv64-gnu
268 silly reify mark deleted [
268 silly reify   '/Users/davecarr/Desktop/Floral pos system/floravision/node_modules/@unrs/resolver-binding-linux-riscv64-gnu'
268 silly reify ]
269 verbose reify failed optional dependency /Users/davecarr/Desktop/Floral pos system/floravision/node_modules/@unrs/resolver-binding-linux-ppc64-gnu
270 silly reify mark deleted [
270 silly reify   '/Users/davecarr/Desktop/Floral pos system/floravision/node_modules/@unrs/resolver-binding-linux-ppc64-gnu'
270 silly reify ]
271 verbose reify failed optional dependency /Users/davecarr/Desktop/Floral pos system/floravision/node_modules/@unrs/resolver-binding-linux-arm64-musl
272 silly reify mark deleted [
272 silly reify   '/Users/davecarr/Desktop/Floral pos system/floravision/node_modules/@unrs/resolver-binding-linux-arm64-musl'
272 silly reify ]
273 verbose reify failed optional dependency /Users/davecarr/Desktop/Floral pos system/floravision/node_modules/@unrs/resolver-binding-linux-arm64-gnu
274 silly reify mark deleted [
274 silly reify   '/Users/davecarr/Desktop/Floral pos system/floravision/node_modules/@unrs/resolver-binding-linux-arm64-gnu'
274 silly reify ]
275 verbose reify failed optional dependency /Users/davecarr/Desktop/Floral pos system/floravision/node_modules/@unrs/resolver-binding-linux-arm-musleabihf
276 silly reify mark deleted [
276 silly reify   '/Users/davecarr/Desktop/Floral pos system/floravision/node_modules/@unrs/resolver-binding-linux-arm-musleabihf'
276 silly reify ]
277 verbose reify failed optional dependency /Users/davecarr/Desktop/Floral pos system/floravision/node_modules/@unrs/resolver-binding-linux-arm-gnueabihf
278 silly reify mark deleted [
278 silly reify   '/Users/davecarr/Desktop/Floral pos system/floravision/node_modules/@unrs/resolver-binding-linux-arm-gnueabihf'
278 silly reify ]
279 verbose reify failed optional dependency /Users/davecarr/Desktop/Floral pos system/floravision/node_modules/@unrs/resolver-binding-freebsd-x64
280 silly reify mark deleted [
280 silly reify   '/Users/davecarr/Desktop/Floral pos system/floravision/node_modules/@unrs/resolver-binding-freebsd-x64'
280 silly reify ]
281 verbose reify failed optional dependency /Users/davecarr/Desktop/Floral pos system/floravision/node_modules/@unrs/resolver-binding-darwin-x64
282 silly reify mark deleted [
282 silly reify   '/Users/davecarr/Desktop/Floral pos system/floravision/node_modules/@unrs/resolver-binding-darwin-x64'
282 silly reify ]
283 verbose reify failed optional dependency /Users/davecarr/Desktop/Floral pos system/floravision/node_modules/@unrs/resolver-binding-android-arm64
284 silly reify mark deleted [
284 silly reify   '/Users/davecarr/Desktop/Floral pos system/floravision/node_modules/@unrs/resolver-binding-android-arm64'
284 silly reify ]
285 verbose reify failed optional dependency /Users/davecarr/Desktop/Floral pos system/floravision/node_modules/@unrs/resolver-binding-android-arm-eabi
286 silly reify mark deleted [
286 silly reify   '/Users/davecarr/Desktop/Floral pos system/floravision/node_modules/@unrs/resolver-binding-android-arm-eabi'
286 silly reify ]
287 verbose reify failed optional dependency /Users/davecarr/Desktop/Floral pos system/floravision/node_modules/@tailwindcss/oxide-win32-x64-msvc
288 silly reify mark deleted [
288 silly reify   '/Users/davecarr/Desktop/Floral pos system/floravision/node_modules/@tailwindcss/oxide-win32-x64-msvc'
288 silly reify ]
289 verbose reify failed optional dependency /Users/davecarr/Desktop/Floral pos system/floravision/node_modules/@tailwindcss/oxide-win32-arm64-msvc
290 silly reify mark deleted [
290 silly reify   '/Users/davecarr/Desktop/Floral pos system/floravision/node_modules/@tailwindcss/oxide-win32-arm64-msvc'
290 silly reify ]
291 verbose reify failed optional dependency /Users/davecarr/Desktop/Floral pos system/floravision/node_modules/@tailwindcss/oxide-linux-x64-musl
292 silly reify mark deleted [
292 silly reify   '/Users/davecarr/Desktop/Floral pos system/floravision/node_modules/@tailwindcss/oxide-linux-x64-musl'
292 silly reify ]
293 verbose reify failed optional dependency /Users/davecarr/Desktop/Floral pos system/floravision/node_modules/@tailwindcss/oxide-linux-x64-gnu
294 silly reify mark deleted [
294 silly reify   '/Users/davecarr/Desktop/Floral pos system/floravision/node_modules/@tailwindcss/oxide-linux-x64-gnu'
294 silly reify ]
295 verbose reify failed optional dependency /Users/davecarr/Desktop/Floral pos system/floravision/node_modules/@tailwindcss/oxide-linux-arm64-musl
296 silly reify mark deleted [
296 silly reify   '/Users/davecarr/Desktop/Floral pos system/floravision/node_modules/@tailwindcss/oxide-linux-arm64-musl'
296 silly reify ]
297 verbose reify failed optional dependency /Users/davecarr/Desktop/Floral pos system/floravision/node_modules/@tailwindcss/oxide-linux-arm64-gnu
298 silly reify mark deleted [
298 silly reify   '/Users/davecarr/Desktop/Floral pos system/floravision/node_modules/@tailwindcss/oxide-linux-arm64-gnu'
298 silly reify ]
299 verbose reify failed optional dependency /Users/davecarr/Desktop/Floral pos system/floravision/node_modules/@tailwindcss/oxide-linux-arm-gnueabihf
300 silly reify mark deleted [
300 silly reify   '/Users/davecarr/Desktop/Floral pos system/floravision/node_modules/@tailwindcss/oxide-linux-arm-gnueabihf'
300 silly reify ]
301 verbose reify failed optional dependency /Users/davecarr/Desktop/Floral pos system/floravision/node_modules/@tailwindcss/oxide-freebsd-x64
302 silly reify mark deleted [
302 silly reify   '/Users/davecarr/Desktop/Floral pos system/floravision/node_modules/@tailwindcss/oxide-freebsd-x64'
302 silly reify ]
303 verbose reify failed optional dependency /Users/davecarr/Desktop/Floral pos system/floravision/node_modules/@tailwindcss/oxide-darwin-x64
304 silly reify mark deleted [
304 silly reify   '/Users/davecarr/Desktop/Floral pos system/floravision/node_modules/@tailwindcss/oxide-darwin-x64'
304 silly reify ]
305 verbose reify failed optional dependency /Users/davecarr/Desktop/Floral pos system/floravision/node_modules/@tailwindcss/oxide-android-arm64
306 silly reify mark deleted [
306 silly reify   '/Users/davecarr/Desktop/Floral pos system/floravision/node_modules/@tailwindcss/oxide-android-arm64'
306 silly reify ]
307 verbose reify failed optional dependency /Users/davecarr/Desktop/Floral pos system/floravision/node_modules/@next/swc-win32-x64-msvc
308 silly reify mark deleted [
308 silly reify   '/Users/davecarr/Desktop/Floral pos system/floravision/node_modules/@next/swc-win32-x64-msvc'
308 silly reify ]
309 verbose reify failed optional dependency /Users/davecarr/Desktop/Floral pos system/floravision/node_modules/@next/swc-win32-arm64-msvc
310 silly reify mark deleted [
310 silly reify   '/Users/davecarr/Desktop/Floral pos system/floravision/node_modules/@next/swc-win32-arm64-msvc'
310 silly reify ]
311 verbose reify failed optional dependency /Users/davecarr/Desktop/Floral pos system/floravision/node_modules/@next/swc-linux-x64-musl
312 silly reify mark deleted [
312 silly reify   '/Users/davecarr/Desktop/Floral pos system/floravision/node_modules/@next/swc-linux-x64-musl'
312 silly reify ]
313 verbose reify failed optional dependency /Users/davecarr/Desktop/Floral pos system/floravision/node_modules/@next/swc-linux-x64-gnu
314 silly reify mark deleted [
314 silly reify   '/Users/davecarr/Desktop/Floral pos system/floravision/node_modules/@next/swc-linux-x64-gnu'
314 silly reify ]
315 verbose reify failed optional dependency /Users/davecarr/Desktop/Floral pos system/floravision/node_modules/@next/swc-linux-arm64-musl
316 silly reify mark deleted [
316 silly reify   '/Users/davecarr/Desktop/Floral pos system/floravision/node_modules/@next/swc-linux-arm64-musl'
316 silly reify ]
317 verbose reify failed optional dependency /Users/davecarr/Desktop/Floral pos system/floravision/node_modules/@next/swc-linux-arm64-gnu
318 silly reify mark deleted [
318 silly reify   '/Users/davecarr/Desktop/Floral pos system/floravision/node_modules/@next/swc-linux-arm64-gnu'
318 silly reify ]
319 verbose reify failed optional dependency /Users/davecarr/Desktop/Floral pos system/floravision/node_modules/@next/swc-darwin-x64
320 silly reify mark deleted [
320 silly reify   '/Users/davecarr/Desktop/Floral pos system/floravision/node_modules/@next/swc-darwin-x64'
320 silly reify ]
321 verbose reify failed optional dependency /Users/davecarr/Desktop/Floral pos system/floravision/node_modules/@img/sharp-win32-x64
322 silly reify mark deleted [
322 silly reify   '/Users/davecarr/Desktop/Floral pos system/floravision/node_modules/@img/sharp-win32-x64'
322 silly reify ]
323 verbose reify failed optional dependency /Users/davecarr/Desktop/Floral pos system/floravision/node_modules/@img/sharp-win32-ia32
324 silly reify mark deleted [
324 silly reify   '/Users/davecarr/Desktop/Floral pos system/floravision/node_modules/@img/sharp-win32-ia32'
324 silly reify ]
325 verbose reify failed optional dependency /Users/davecarr/Desktop/Floral pos system/floravision/node_modules/@img/sharp-win32-arm64
326 silly reify mark deleted [
326 silly reify   '/Users/davecarr/Desktop/Floral pos system/floravision/node_modules/@img/sharp-win32-arm64'
326 silly reify ]
327 verbose reify failed optional dependency /Users/davecarr/Desktop/Floral pos system/floravision/node_modules/@img/sharp-wasm32
328 silly reify mark deleted [
328 silly reify   '/Users/davecarr/Desktop/Floral pos system/floravision/node_modules/@img/sharp-wasm32'
328 silly reify ]
329 verbose reify failed optional dependency /Users/davecarr/Desktop/Floral pos system/floravision/node_modules/@img/sharp-linuxmusl-x64
330 silly reify mark deleted [
330 silly reify   '/Users/davecarr/Desktop/Floral pos system/floravision/node_modules/@img/sharp-linuxmusl-x64'
330 silly reify ]
331 verbose reify failed optional dependency /Users/davecarr/Desktop/Floral pos system/floravision/node_modules/@img/sharp-linuxmusl-arm64
332 silly reify mark deleted [
332 silly reify   '/Users/davecarr/Desktop/Floral pos system/floravision/node_modules/@img/sharp-linuxmusl-arm64'
332 silly reify ]
333 verbose reify failed optional dependency /Users/davecarr/Desktop/Floral pos system/floravision/node_modules/@img/sharp-linux-x64
334 silly reify mark deleted [
334 silly reify   '/Users/davecarr/Desktop/Floral pos system/floravision/node_modules/@img/sharp-linux-x64'
334 silly reify ]
335 verbose reify failed optional dependency /Users/davecarr/Desktop/Floral pos system/floravision/node_modules/@img/sharp-linux-s390x
336 silly reify mark deleted [
336 silly reify   '/Users/davecarr/Desktop/Floral pos system/floravision/node_modules/@img/sharp-linux-s390x'
336 silly reify ]
337 verbose reify failed optional dependency /Users/davecarr/Desktop/Floral pos system/floravision/node_modules/@img/sharp-linux-riscv64
338 silly reify mark deleted [
338 silly reify   '/Users/davecarr/Desktop/Floral pos system/floravision/node_modules/@img/sharp-linux-riscv64'
338 silly reify ]
339 verbose reify failed optional dependency /Users/davecarr/Desktop/Floral pos system/floravision/node_modules/@img/sharp-linux-ppc64
340 silly reify mark deleted [
340 silly reify   '/Users/davecarr/Desktop/Floral pos system/floravision/node_modules/@img/sharp-linux-ppc64'
340 silly reify ]
341 verbose reify failed optional dependency /Users/davecarr/Desktop/Floral pos system/floravision/node_modules/@img/sharp-linux-arm64
342 silly reify mark deleted [
342 silly reify   '/Users/davecarr/Desktop/Floral pos system/floravision/node_modules/@img/sharp-linux-arm64'
342 silly reify ]
343 verbose reify failed optional dependency /Users/davecarr/Desktop/Floral pos system/floravision/node_modules/@img/sharp-linux-arm
344 silly reify mark deleted [
344 silly reify   '/Users/davecarr/Desktop/Floral pos system/floravision/node_modules/@img/sharp-linux-arm'
344 silly reify ]
345 verbose reify failed optional dependency /Users/davecarr/Desktop/Floral pos system/floravision/node_modules/@img/sharp-libvips-linuxmusl-x64
346 silly reify mark deleted [
346 silly reify   '/Users/davecarr/Desktop/Floral pos system/floravision/node_modules/@img/sharp-libvips-linuxmusl-x64'
346 silly reify ]
347 verbose reify failed optional dependency /Users/davecarr/Desktop/Floral pos system/floravision/node_modules/@img/sharp-libvips-linuxmusl-arm64
348 silly reify mark deleted [
348 silly reify   '/Users/davecarr/Desktop/Floral pos system/floravision/node_modules/@img/sharp-libvips-linuxmusl-arm64'
348 silly reify ]
349 verbose reify failed optional dependency /Users/davecarr/Desktop/Floral pos system/floravision/node_modules/@img/sharp-libvips-linux-x64
350 silly reify mark deleted [
350 silly reify   '/Users/davecarr/Desktop/Floral pos system/floravision/node_modules/@img/sharp-libvips-linux-x64'
350 silly reify ]
351 verbose reify failed optional dependency /Users/davecarr/Desktop/Floral pos system/floravision/node_modules/@img/sharp-libvips-linux-s390x
352 silly reify mark deleted [
352 silly reify   '/Users/davecarr/Desktop/Floral pos system/floravision/node_modules/@img/sharp-libvips-linux-s390x'
352 silly reify ]
353 verbose reify failed optional dependency /Users/davecarr/Desktop/Floral pos system/floravision/node_modules/@img/sharp-libvips-linux-riscv64
354 silly reify mark deleted [
354 silly reify   '/Users/davecarr/Desktop/Floral pos system/floravision/node_modules/@img/sharp-libvips-linux-riscv64'
354 silly reify ]
355 verbose reify failed optional dependency /Users/davecarr/Desktop/Floral pos system/floravision/node_modules/@img/sharp-libvips-linux-ppc64
356 silly reify mark deleted [
356 silly reify   '/Users/davecarr/Desktop/Floral pos system/floravision/node_modules/@img/sharp-libvips-linux-ppc64'
356 silly reify ]
357 verbose reify failed optional dependency /Users/davecarr/Desktop/Floral pos system/floravision/node_modules/@img/sharp-libvips-linux-arm64
358 silly reify mark deleted [
358 silly reify   '/Users/davecarr/Desktop/Floral pos system/floravision/node_modules/@img/sharp-libvips-linux-arm64'
358 silly reify ]
359 verbose reify failed optional dependency /Users/davecarr/Desktop/Floral pos system/floravision/node_modules/@img/sharp-libvips-linux-arm
360 silly reify mark deleted [
360 silly reify   '/Users/davecarr/Desktop/Floral pos system/floravision/node_modules/@img/sharp-libvips-linux-arm'
360 silly reify ]
361 verbose reify failed optional dependency /Users/davecarr/Desktop/Floral pos system/floravision/node_modules/@img/sharp-libvips-darwin-x64
362 silly reify mark deleted [
362 silly reify   '/Users/davecarr/Desktop/Floral pos system/floravision/node_modules/@img/sharp-libvips-darwin-x64'
362 silly reify ]
363 verbose reify failed optional dependency /Users/davecarr/Desktop/Floral pos system/floravision/node_modules/@img/sharp-darwin-x64
364 silly reify mark deleted [
364 silly reify   '/Users/davecarr/Desktop/Floral pos system/floravision/node_modules/@img/sharp-darwin-x64'
364 silly reify ]
365 http cache util-deprecate@https://registry.npmjs.org/util-deprecate/-/util-deprecate-1.0.2.tgz 0ms (cache hit)
366 http cache safe-buffer@https://registry.npmjs.org/safe-buffer/-/safe-buffer-5.2.1.tgz 0ms (cache hit)
367 http cache base64-js@https://registry.npmjs.org/base64-js/-/base64-js-1.5.1.tgz 0ms (cache hit)
368 http cache readable-stream@https://registry.npmjs.org/readable-stream/-/readable-stream-3.6.2.tgz 0ms (cache hit)
369 http cache buffer@https://registry.npmjs.org/buffer/-/buffer-5.7.1.tgz 0ms (cache hit)
370 http cache inherits@https://registry.npmjs.org/inherits/-/inherits-2.0.4.tgz 0ms (cache hit)
371 http cache bl@https://registry.npmjs.org/bl/-/bl-4.1.0.tgz 0ms (cache hit)
372 http cache tar-stream@https://registry.npmjs.org/tar-stream/-/tar-stream-2.2.0.tgz 0ms (cache hit)
373 http cache mimic-response@https://registry.npmjs.org/mimic-response/-/mimic-response-3.1.0.tgz 0ms (cache hit)
374 http cache chownr@https://registry.npmjs.org/chownr/-/chownr-1.1.4.tgz 0ms (cache hit)
375 http cache simple-concat@https://registry.npmjs.org/simple-concat/-/simple-concat-1.0.1.tgz 0ms (cache hit)
376 http cache decompress-response@https://registry.npmjs.org/decompress-response/-/decompress-response-6.0.0.tgz 0ms (cache hit)
377 http cache ini@https://registry.npmjs.org/ini/-/ini-1.3.8.tgz 0ms (cache hit)
378 http cache deep-extend@https://registry.npmjs.org/deep-extend/-/deep-extend-0.6.0.tgz 0ms (cache hit)
379 http cache wrappy@https://registry.npmjs.org/wrappy/-/wrappy-1.0.2.tgz 0ms (cache hit)
380 http cache once@https://registry.npmjs.org/once/-/once-1.4.0.tgz 0ms (cache hit)
381 http cache ieee754@https://registry.npmjs.org/ieee754/-/ieee754-1.2.1.tgz 0ms (cache hit)
382 http cache end-of-stream@https://registry.npmjs.org/end-of-stream/-/end-of-stream-1.4.5.tgz 0ms (cache hit)
383 http cache tunnel-agent@https://registry.npmjs.org/tunnel-agent/-/tunnel-agent-0.6.0.tgz 0ms (cache hit)
384 http cache simple-get@https://registry.npmjs.org/simple-get/-/simple-get-4.0.1.tgz 0ms (cache hit)
385 http cache rc@https://registry.npmjs.org/rc/-/rc-1.2.8.tgz 0ms (cache hit)
386 http cache pump@https://registry.npmjs.org/pump/-/pump-3.0.4.tgz 0ms (cache hit)
387 http cache node-abi@https://registry.npmjs.org/node-abi/-/node-abi-3.88.0.tgz 0ms (cache hit)
388 http cache napi-build-utils@https://registry.npmjs.org/napi-build-utils/-/napi-build-utils-2.0.0.tgz 0ms (cache hit)
389 http cache mkdirp-classic@https://registry.npmjs.org/mkdirp-classic/-/mkdirp-classic-0.5.3.tgz 0ms (cache hit)
390 http cache tar-fs@https://registry.npmjs.org/tar-fs/-/tar-fs-2.1.4.tgz 0ms (cache hit)
391 http cache github-from-package@https://registry.npmjs.org/github-from-package/-/github-from-package-0.0.0.tgz 0ms (cache hit)
392 http cache expand-template@https://registry.npmjs.org/expand-template/-/expand-template-2.0.3.tgz 0ms (cache hit)
393 http cache prebuild-install@https://registry.npmjs.org/prebuild-install/-/prebuild-install-7.1.3.tgz 0ms (cache hit)
394 http cache bindings@https://registry.npmjs.org/bindings/-/bindings-1.5.0.tgz 0ms (cache hit)
395 http cache file-uri-to-path@https://registry.npmjs.org/file-uri-to-path/-/file-uri-to-path-1.0.0.tgz 0ms (cache hit)
396 http cache @prisma/driver-adapter-utils@https://registry.npmjs.org/@prisma/driver-adapter-utils/-/driver-adapter-utils-7.5.0.tgz 0ms (cache hit)
397 http cache fs-constants@https://registry.npmjs.org/fs-constants/-/fs-constants-1.0.0.tgz 0ms (cache hit)
398 http cache strip-json-comments@https://registry.npmjs.org/strip-json-comments/-/strip-json-comments-2.0.1.tgz 0ms (cache hit)
399 http cache semver@https://registry.npmjs.org/semver/-/semver-7.7.4.tgz 0ms (cache hit)
400 http cache better-sqlite3@https://registry.npmjs.org/better-sqlite3/-/better-sqlite3-12.6.2.tgz 0ms (cache hit)
401 http cache @prisma/adapter-better-sqlite3@https://registry.npmjs.org/@prisma/adapter-better-sqlite3/-/adapter-better-sqlite3-7.5.0.tgz 0ms (cache hit)
402 http cache string_decoder@https://registry.npmjs.org/string_decoder/-/string_decoder-1.3.0.tgz 0ms (cache hit)
403 silly tarball no local data for util-deprecate@https://registry.npmjs.org/util-deprecate/-/util-deprecate-1.0.2.tgz. Extracting by manifest.
404 silly tarball no local data for safe-buffer@https://registry.npmjs.org/safe-buffer/-/safe-buffer-5.2.1.tgz. Extracting by manifest.
405 silly tarball no local data for readable-stream@https://registry.npmjs.org/readable-stream/-/readable-stream-3.6.2.tgz. Extracting by manifest.
406 silly tarball no local data for buffer@https://registry.npmjs.org/buffer/-/buffer-5.7.1.tgz. Extracting by manifest.
407 silly tarball no local data for base64-js@https://registry.npmjs.org/base64-js/-/base64-js-1.5.1.tgz. Extracting by manifest.
408 silly tarball no local data for inherits@https://registry.npmjs.org/inherits/-/inherits-2.0.4.tgz. Extracting by manifest.
409 silly tarball no local data for bl@https://registry.npmjs.org/bl/-/bl-4.1.0.tgz. Extracting by manifest.
410 silly tarball no local data for tar-stream@https://registry.npmjs.org/tar-stream/-/tar-stream-2.2.0.tgz. Extracting by manifest.
411 silly tarball no local data for mimic-response@https://registry.npmjs.org/mimic-response/-/mimic-response-3.1.0.tgz. Extracting by manifest.
412 silly tarball no local data for chownr@https://registry.npmjs.org/chownr/-/chownr-1.1.4.tgz. Extracting by manifest.
413 silly tarball no local data for simple-concat@https://registry.npmjs.org/simple-concat/-/simple-concat-1.0.1.tgz. Extracting by manifest.
414 silly tarball no local data for decompress-response@https://registry.npmjs.org/decompress-response/-/decompress-response-6.0.0.tgz. Extracting by manifest.
415 silly tarball no local data for wrappy@https://registry.npmjs.org/wrappy/-/wrappy-1.0.2.tgz. Extracting by manifest.
416 silly tarball no local data for deep-extend@https://registry.npmjs.org/deep-extend/-/deep-extend-0.6.0.tgz. Extracting by manifest.
417 silly tarball no local data for ini@https://registry.npmjs.org/ini/-/ini-1.3.8.tgz. Extracting by manifest.
418 silly tarball no local data for once@https://registry.npmjs.org/once/-/once-1.4.0.tgz. Extracting by manifest.
419 silly tarball no local data for ieee754@https://registry.npmjs.org/ieee754/-/ieee754-1.2.1.tgz. Extracting by manifest.
420 silly tarball no local data for simple-get@https://registry.npmjs.org/simple-get/-/simple-get-4.0.1.tgz. Extracting by manifest.
421 silly tarball no local data for end-of-stream@https://registry.npmjs.org/end-of-stream/-/end-of-stream-1.4.5.tgz. Extracting by manifest.
422 silly tarball no local data for tunnel-agent@https://registry.npmjs.org/tunnel-agent/-/tunnel-agent-0.6.0.tgz. Extracting by manifest.
423 silly tarball no local data for pump@https://registry.npmjs.org/pump/-/pump-3.0.4.tgz. Extracting by manifest.
424 silly tarball no local data for rc@https://registry.npmjs.org/rc/-/rc-1.2.8.tgz. Extracting by manifest.
425 silly tarball no local data for node-abi@https://registry.npmjs.org/node-abi/-/node-abi-3.88.0.tgz. Extracting by manifest.
426 silly tarball no local data for tar-fs@https://registry.npmjs.org/tar-fs/-/tar-fs-2.1.4.tgz. Extracting by manifest.
427 silly tarball no local data for napi-build-utils@https://registry.npmjs.org/napi-build-utils/-/napi-build-utils-2.0.0.tgz. Extracting by manifest.
428 silly tarball no local data for github-from-package@https://registry.npmjs.org/github-from-package/-/github-from-package-0.0.0.tgz. Extracting by manifest.
429 silly tarball no local data for mkdirp-classic@https://registry.npmjs.org/mkdirp-classic/-/mkdirp-classic-0.5.3.tgz. Extracting by manifest.
430 silly tarball no local data for prebuild-install@https://registry.npmjs.org/prebuild-install/-/prebuild-install-7.1.3.tgz. Extracting by manifest.
431 silly tarball no local data for file-uri-to-path@https://registry.npmjs.org/file-uri-to-path/-/file-uri-to-path-1.0.0.tgz. Extracting by manifest.
432 silly tarball no local data for @prisma/driver-adapter-utils@https://registry.npmjs.org/@prisma/driver-adapter-utils/-/driver-adapter-utils-7.5.0.tgz. Extracting by manifest.
433 silly tarball no local data for bindings@https://registry.npmjs.org/bindings/-/bindings-1.5.0.tgz. Extracting by manifest.
434 silly tarball no local data for fs-constants@https://registry.npmjs.org/fs-constants/-/fs-constants-1.0.0.tgz. Extracting by manifest.
435 silly tarball no local data for expand-template@https://registry.npmjs.org/expand-template/-/expand-template-2.0.3.tgz. Extracting by manifest.
436 silly tarball no local data for better-sqlite3@https://registry.npmjs.org/better-sqlite3/-/better-sqlite3-12.6.2.tgz. Extracting by manifest.
437 silly tarball no local data for strip-json-comments@https://registry.npmjs.org/strip-json-comments/-/strip-json-comments-2.0.1.tgz. Extracting by manifest.
438 silly tarball no local data for @prisma/adapter-better-sqlite3@https://registry.npmjs.org/@prisma/adapter-better-sqlite3/-/adapter-better-sqlite3-7.5.0.tgz. Extracting by manifest.
439 silly tarball no local data for string_decoder@https://registry.npmjs.org/string_decoder/-/string_decoder-1.3.0.tgz. Extracting by manifest.
440 http fetch GET 200 https://registry.npmjs.org/base64-js/-/base64-js-1.5.1.tgz 56ms (cache miss)
441 http fetch GET 200 https://registry.npmjs.org/inherits/-/inherits-2.0.4.tgz 58ms (cache miss)
442 http fetch GET 200 https://registry.npmjs.org/util-deprecate/-/util-deprecate-1.0.2.tgz 64ms (cache miss)
443 http fetch GET 200 https://registry.npmjs.org/safe-buffer/-/safe-buffer-5.2.1.tgz 82ms (cache miss)
444 http fetch GET 200 https://registry.npmjs.org/buffer/-/buffer-5.7.1.tgz 81ms (cache miss)
445 http fetch GET 200 https://registry.npmjs.org/readable-stream/-/readable-stream-3.6.2.tgz 84ms (cache miss)
446 http fetch POST 200 https://registry.npmjs.org/-/npm/v1/security/advisories/bulk 118ms
447 silly audit report {
447 silly audit report   '@hono/node-server': [
447 silly audit report     {
447 silly audit report       id: 1114170,
447 silly audit report       url: 'https://github.com/advisories/GHSA-wc8c-qw6v-h7f6',
447 silly audit report       title: '@hono/node-server has authorization bypass for protected static paths via encoded slashes in Serve Static Middleware',
447 silly audit report       severity: 'high',
447 silly audit report       vulnerable_versions: '<1.19.10',
447 silly audit report       cwe: [Array],
447 silly audit report       cvss: [Object]
447 silly audit report     }
447 silly audit report   ],
447 silly audit report   hono: [
447 silly audit report     {
447 silly audit report       id: 1112644,
447 silly audit report       url: 'https://github.com/advisories/GHSA-9r54-q6cx-xmh5',
447 silly audit report       title: 'Hono vulnerable to XSS through ErrorBoundary component ',
447 silly audit report       severity: 'moderate',
447 silly audit report       vulnerable_versions: '<4.11.7',
447 silly audit report       cwe: [Array],
447 silly audit report       cvss: [Object]
447 silly audit report     },
447 silly audit report     {
447 silly audit report       id: 1112677,
447 silly audit report       url: 'https://github.com/advisories/GHSA-6wqw-2p9w-4vw4',
447 silly audit report       title: 'Hono cache middleware ignores "Cache-Control: private" leading to Web Cache Deception',
447 silly audit report       severity: 'moderate',
447 silly audit report       vulnerable_versions: '<4.11.7',
447 silly audit report       cwe: [Array],
447 silly audit report       cvss: [Object]
447 silly audit report     },
447 silly audit report     {
447 silly audit report       id: 1112678,
447 silly audit report       url: 'https://github.com/advisories/GHSA-r354-f388-2fhh',
447 silly audit report       title: 'Hono IPv4 address validation bypass in IP Restriction Middleware allows IP spoofing',
447 silly audit report       severity: 'moderate',
447 silly audit report       vulnerable_versions: '<4.11.7',
447 silly audit report       cwe: [Array],
447 silly audit report       cvss: [Object]
447 silly audit report     },
447 silly audit report     {
447 silly audit report       id: 1112911,
447 silly audit report       url: 'https://github.com/advisories/GHSA-w332-q679-j88p',
447 silly audit report       title: 'Hono has an Arbitrary Key Read in Serve static Middleware (Cloudflare Workers Adapter)',
447 silly audit report       severity: 'moderate',
447 silly audit report       vulnerable_versions: '<4.11.7',
447 silly audit report       cwe: [Array],
447 silly audit report       cvss: [Object]
447 silly audit report     },
447 silly audit report     {
447 silly audit report       id: 1113311,
447 silly audit report       url: 'https://github.com/advisories/GHSA-gq3j-xvxp-8hrf',
447 silly audit report       title: 'Hono added timing comparison hardening in basicAuth and bearerAuth',
447 silly audit report       severity: 'low',
447 silly audit report       vulnerable_versions: '<4.11.10',
447 silly audit report       cwe: [Array],
447 silly audit report       cvss: [Object]
447 silly audit report     },
447 silly audit report     {
447 silly audit report       id: 1114004,
447 silly audit report       url: 'https://github.com/advisories/GHSA-5pq2-9x2x-5p6w',
447 silly audit report       title: 'Hono Vulnerable to Cookie Attribute Injection via Unsanitized domain and path in setCookie()',
447 silly audit report       severity: 'moderate',
447 silly audit report       vulnerable_versions: '<4.12.4',
447 silly audit report       cwe: [Array],
447 silly audit report       cvss: [Object]
447 silly audit report     },
447 silly audit report     {
447 silly audit report       id: 1114005,
447 silly audit report       url: 'https://github.com/advisories/GHSA-p6xx-57qc-3wxr',
447 silly audit report       title: 'Hono Vulnerable to SSE Control Field Injection via CR/LF in writeSSE()',
447 silly audit report       severity: 'moderate',
447 silly audit report       vulnerable_versions: '<4.12.4',
447 silly audit report       cwe: [Array],
447 silly audit report       cvss: [Object]
447 silly audit report     },
447 silly audit report     {
447 silly audit report       id: 1114006,
447 silly audit report       url: 'https://github.com/advisories/GHSA-q5qw-h33p-qvwr',
447 silly audit report       title: 'Hono vulnerable to arbitrary file access via serveStatic vulnerability ',
447 silly audit report       severity: 'high',
447 silly audit report       vulnerable_versions: '<4.12.4',
447 silly audit report       cwe: [Array],
447 silly audit report       cvss: [Object]
447 silly audit report     },
447 silly audit report     {
447 silly audit report       id: 1114341,
447 silly audit report       url: 'https://github.com/advisories/GHSA-v8w9-8mx6-g223',
447 silly audit report       title: 'Hono vulnerable to Prototype Pollution possible through __proto__ key allowed in parseBody({ dot: true })',
447 silly audit report       severity: 'moderate',
447 silly audit report       vulnerable_versions: '<4.12.7',
447 silly audit report       cwe: [Array],
447 silly audit report       cvss: [Object]
447 silly audit report     }
447 silly audit report   ],
447 silly audit report   lodash: [
447 silly audit report     {
447 silly audit report       id: 1112455,
447 silly audit report       url: 'https://github.com/advisories/GHSA-xxjr-mmjv-4gpg',
447 silly audit report       title: 'Lodash has Prototype Pollution Vulnerability in `_.unset` and `_.omit` functions',
447 silly audit report       severity: 'moderate',
447 silly audit report       vulnerable_versions: '>=4.0.0 <=4.17.22',
447 silly audit report       cwe: [Array],
447 silly audit report       cvss: [Object]
447 silly audit report     }
447 silly audit report   ]
447 silly audit report }
448 silly packumentCache corgi:https://registry.npmjs.org/@hono%2fnode-server cache-miss
449 silly packumentCache corgi:https://registry.npmjs.org/hono cache-miss
450 silly packumentCache corgi:https://registry.npmjs.org/lodash cache-miss
451 http fetch GET 200 https://registry.npmjs.org/once/-/once-1.4.0.tgz 119ms (cache miss)
452 http fetch GET 200 https://registry.npmjs.org/ieee754/-/ieee754-1.2.1.tgz 124ms (cache miss)
453 http fetch GET 200 https://registry.npmjs.org/simple-get/-/simple-get-4.0.1.tgz 126ms (cache miss)
454 http fetch GET 200 https://registry.npmjs.org/end-of-stream/-/end-of-stream-1.4.5.tgz 136ms (cache miss)
455 http fetch GET 200 https://registry.npmjs.org/ini/-/ini-1.3.8.tgz 146ms (cache miss)
456 http fetch GET 200 https://registry.npmjs.org/bl/-/bl-4.1.0.tgz 154ms (cache miss)
457 http fetch GET 200 https://registry.npmjs.org/chownr/-/chownr-1.1.4.tgz 153ms (cache miss)
458 http fetch GET 200 https://registry.npmjs.org/tunnel-agent/-/tunnel-agent-0.6.0.tgz 156ms (cache miss)
459 http fetch GET 200 https://registry.npmjs.org/pump/-/pump-3.0.4.tgz 156ms (cache miss)
460 http fetch GET 200 https://registry.npmjs.org/wrappy/-/wrappy-1.0.2.tgz 161ms (cache miss)
461 http fetch GET 200 https://registry.npmjs.org/mimic-response/-/mimic-response-3.1.0.tgz 162ms (cache miss)
462 http fetch GET 200 https://registry.npmjs.org/deep-extend/-/deep-extend-0.6.0.tgz 173ms (cache miss)
463 http fetch GET 200 https://registry.npmjs.org/rc/-/rc-1.2.8.tgz 172ms (cache miss)
464 http fetch GET 200 https://registry.npmjs.org/decompress-response/-/decompress-response-6.0.0.tgz 175ms (cache miss)
465 http fetch GET 200 https://registry.npmjs.org/node-abi/-/node-abi-3.88.0.tgz 186ms (cache miss)
466 http fetch GET 200 https://registry.npmjs.org/simple-concat/-/simple-concat-1.0.1.tgz 187ms (cache miss)
467 http fetch GET 200 https://registry.npmjs.org/tar-stream/-/tar-stream-2.2.0.tgz 193ms (cache miss)
468 http fetch GET 200 https://registry.npmjs.org/tar-fs/-/tar-fs-2.1.4.tgz 193ms (cache miss)
469 http fetch GET 200 https://registry.npmjs.org/mkdirp-classic/-/mkdirp-classic-0.5.3.tgz 199ms (cache miss)
470 http fetch GET 200 https://registry.npmjs.org/github-from-package/-/github-from-package-0.0.0.tgz 199ms (cache miss)
471 http fetch GET 200 https://registry.npmjs.org/@hono%2fnode-server 197ms (cache revalidated)
472 silly packumentCache corgi:https://registry.npmjs.org/@hono%2fnode-server set size:81659 disposed:false
473 http fetch GET 200 https://registry.npmjs.org/lodash 197ms (cache revalidated)
474 silly packumentCache corgi:https://registry.npmjs.org/lodash set size:68481 disposed:false
475 http fetch GET 200 https://registry.npmjs.org/napi-build-utils/-/napi-build-utils-2.0.0.tgz 307ms (cache miss)
476 http fetch GET 200 https://registry.npmjs.org/fs-constants/-/fs-constants-1.0.0.tgz 307ms (cache miss)
477 http fetch GET 200 https://registry.npmjs.org/strip-json-comments/-/strip-json-comments-2.0.1.tgz 306ms (cache miss)
478 http fetch GET 200 https://registry.npmjs.org/expand-template/-/expand-template-2.0.3.tgz 306ms (cache miss)
479 http fetch GET 200 https://registry.npmjs.org/prebuild-install/-/prebuild-install-7.1.3.tgz 307ms (cache miss)
480 http fetch GET 200 https://registry.npmjs.org/file-uri-to-path/-/file-uri-to-path-1.0.0.tgz 307ms (cache miss)
481 http fetch GET 200 https://registry.npmjs.org/@prisma/adapter-better-sqlite3/-/adapter-better-sqlite3-7.5.0.tgz 307ms (cache miss)
482 http fetch GET 200 https://registry.npmjs.org/bindings/-/bindings-1.5.0.tgz 308ms (cache miss)
483 http fetch GET 200 https://registry.npmjs.org/@prisma/driver-adapter-utils/-/driver-adapter-utils-7.5.0.tgz 308ms (cache miss)
484 http fetch GET 200 https://registry.npmjs.org/string_decoder/-/string_decoder-1.3.0.tgz 307ms (cache miss)
485 warn deprecated prebuild-install@7.1.3: No longer maintained. Please contact the author of the relevant native addon; alternatives are available.
486 http fetch GET 200 https://registry.npmjs.org/hono 238ms (cache revalidated)
487 silly packumentCache corgi:https://registry.npmjs.org/hono set size:679546 disposed:false
488 silly packumentCache corgi:https://registry.npmjs.org/@prisma%2fdev cache-miss
489 http fetch GET 200 https://registry.npmjs.org/@prisma%2fdev 78ms (cache revalidated)
490 silly packumentCache corgi:https://registry.npmjs.org/@prisma%2fdev set size:941438 disposed:false
491 silly packumentCache corgi:https://registry.npmjs.org/@chevrotain%2fcst-dts-gen cache-miss
492 silly packumentCache corgi:https://registry.npmjs.org/@chevrotain%2fgast cache-miss
493 silly packumentCache corgi:https://registry.npmjs.org/chevrotain cache-miss
494 http fetch GET 200 https://registry.npmjs.org/chevrotain 65ms (cache revalidated)
495 silly packumentCache corgi:https://registry.npmjs.org/chevrotain set size:273100 disposed:false
496 http fetch GET 200 https://registry.npmjs.org/better-sqlite3/-/better-sqlite3-12.6.2.tgz 530ms (cache miss)
497 info run better-sqlite3@12.6.2 install node_modules/better-sqlite3 prebuild-install || node-gyp rebuild --release
498 http fetch GET 200 https://registry.npmjs.org/@chevrotain%2fcst-dts-gen 91ms (cache revalidated)
499 silly packumentCache corgi:https://registry.npmjs.org/@chevrotain%2fcst-dts-gen set size:24107 disposed:false
500 http fetch GET 200 https://registry.npmjs.org/@chevrotain%2fgast 104ms (cache revalidated)
501 silly packumentCache corgi:https://registry.npmjs.org/@chevrotain%2fgast set size:20025 disposed:false
502 silly packumentCache corgi:https://registry.npmjs.org/prisma cache-miss
503 http fetch GET 200 https://registry.npmjs.org/prisma 90ms (cache revalidated)
504 silly packumentCache corgi:https://registry.npmjs.org/prisma set size:22600259 disposed:false
505 silly packumentCache corgi:https://registry.npmjs.org/@mrleebo%2fprisma-ast cache-miss
506 http fetch GET 200 https://registry.npmjs.org/@mrleebo%2fprisma-ast 72ms (cache revalidated)
507 silly packumentCache corgi:https://registry.npmjs.org/@mrleebo%2fprisma-ast set size:47236 disposed:false
508 silly packumentCache corgi:https://registry.npmjs.org/@prisma%2fclient cache-miss
509 http fetch GET 200 https://registry.npmjs.org/@prisma%2fclient 211ms (cache revalidated)
510 silly packumentCache corgi:https://registry.npmjs.org/@prisma%2fclient set size:37479562 disposed:false
511 info run better-sqlite3@12.6.2 install { code: 0, signal: null }
512 silly ADD node_modules/safe-buffer
513 silly ADD node_modules/util-deprecate
514 silly ADD node_modules/string_decoder
515 silly ADD node_modules/ieee754
516 silly ADD node_modules/base64-js
517 silly ADD node_modules/buffer
518 silly ADD node_modules/readable-stream
519 silly ADD node_modules/inherits
520 silly ADD node_modules/fs-constants
521 silly ADD node_modules/bl
522 silly ADD node_modules/tar-stream
523 silly ADD node_modules/chownr
524 silly ADD node_modules/mimic-response
525 silly ADD node_modules/simple-concat
526 silly ADD node_modules/decompress-response
527 silly ADD node_modules/ini
528 silly ADD node_modules/deep-extend
529 silly ADD node_modules/wrappy
530 silly ADD node_modules/once
531 silly ADD node_modules/end-of-stream
532 silly ADD node_modules/tunnel-agent
533 silly ADD node_modules/tar-fs
534 silly ADD node_modules/simple-get
535 silly ADD node_modules/rc
536 silly ADD node_modules/rc/node_modules/strip-json-comments
537 silly ADD node_modules/pump
538 silly ADD node_modules/node-abi
539 silly ADD node_modules/node-abi/node_modules/semver
540 silly ADD node_modules/napi-build-utils
541 silly ADD node_modules/mkdirp-classic
542 silly ADD node_modules/github-from-package
543 silly ADD node_modules/expand-template
544 silly ADD node_modules/file-uri-to-path
545 silly ADD node_modules/prebuild-install
546 silly ADD node_modules/bindings
547 silly ADD node_modules/@prisma/driver-adapter-utils
548 silly ADD node_modules/better-sqlite3
549 silly ADD node_modules/@prisma/adapter-better-sqlite3
550 silly ADD
551 silly ADD
552 silly ADD
553 silly ADD
554 silly ADD
555 silly ADD
556 silly ADD
557 silly ADD
558 silly ADD
559 silly ADD
560 silly ADD
561 silly ADD
562 silly ADD
563 silly ADD
564 silly ADD
565 silly ADD
566 silly ADD
567 silly ADD
568 silly ADD
569 silly ADD
570 silly ADD
571 silly ADD
572 silly ADD
573 silly ADD
574 silly ADD
575 silly ADD
576 silly ADD
577 silly ADD
578 silly ADD
579 silly ADD
580 silly ADD
581 silly ADD
582 silly ADD
583 silly ADD
584 silly ADD
585 silly ADD
586 silly ADD
587 silly ADD
588 silly ADD
589 silly ADD
590 silly ADD
591 silly ADD
592 silly ADD
593 silly ADD
594 silly ADD
595 silly ADD
596 silly ADD
597 silly ADD
598 silly ADD
599 silly ADD
600 silly ADD
601 silly ADD
602 silly ADD
603 silly ADD
604 silly ADD
605 silly ADD
606 silly ADD
607 silly ADD
608 silly ADD
609 silly ADD
610 silly ADD
611 silly ADD
612 silly ADD
613 silly ADD
614 silly ADD
615 silly ADD
616 silly ADD
617 silly ADD
618 verbose cwd /Users/davecarr/Desktop/Floral pos system/floravision
619 verbose os Darwin 25.3.0
620 verbose node v22.16.0
621 verbose npm  v10.9.2
622 verbose exit 0
623 info ok
