0 verbose cli /usr/local/bin/node /usr/local/bin/npm
1 info using npm@10.9.2
2 info using node@v22.16.0
3 silly config load:file:/usr/local/lib/node_modules/npm/npmrc
4 silly config load:file:/Users/davecarr/Desktop/Floral pos system/floravision/.npmrc
5 silly config load:file:/Users/davecarr/.npmrc
6 silly config load:file:/usr/local/etc/npmrc
7 verbose title npm install @prisma/adapter-pg pg
8 verbose argv "install" "@prisma/adapter-pg" "pg"
9 verbose logfile logs-max:10 dir:/Users/davecarr/Desktop/Floral pos system/floravision/.npm-cache/_logs/2026-03-12T00_18_28_571Z-
10 verbose logfile /Users/davecarr/Desktop/Floral pos system/floravision/.npm-cache/_logs/2026-03-12T00_18_28_571Z-debug-0.log
11 silly logfile done cleaning log files
12 silly packumentCache heap:2197815296 maxSize:549453824 maxEntrySize:274726912
13 silly idealTree buildDeps
14 silly fetch manifest @prisma/adapter-pg@*
15 silly packumentCache full:https://registry.npmjs.org/@prisma%2fadapter-pg cache-miss
16 verbose shrinkwrap failed to load node_modules/.package-lock.json out of date, updated: node_modules
17 http fetch GET 200 https://registry.npmjs.org/@prisma%2fadapter-pg 372ms (cache miss)
18 silly packumentCache full:https://registry.npmjs.org/@prisma%2fadapter-pg set size:undefined disposed:false
19 silly fetch manifest pg@*
20 silly packumentCache full:https://registry.npmjs.org/pg cache-miss
21 http fetch GET 200 https://registry.npmjs.org/pg 114ms (cache miss)
22 silly packumentCache full:https://registry.npmjs.org/pg set size:undefined disposed:false
23 silly fetch manifest pg-native@>=3.0.1
24 silly packumentCache full:https://registry.npmjs.org/pg-native cache-miss
25 http fetch GET 200 https://registry.npmjs.org/pg-native 49ms (cache miss)
26 silly packumentCache full:https://registry.npmjs.org/pg-native set size:undefined disposed:false
27 silly placeDep ROOT @prisma/adapter-pg@7.5.0 OK for: floravision@0.1.0 want: *
28 silly placeDep ROOT pg@8.20.0 OK for: floravision@0.1.0 want: *
29 silly fetch manifest pg@^8.16.3
30 silly packumentCache full:https://registry.npmjs.org/pg cache-miss
31 silly fetch manifest postgres-array@3.0.4
32 silly packumentCache full:https://registry.npmjs.org/postgres-array cache-miss
33 silly fetch manifest @types/pg@8.11.11
34 silly packumentCache full:https://registry.npmjs.org/@types%2fpg cache-miss
35 silly fetch manifest pg-connection-string@^2.12.0
36 silly packumentCache full:https://registry.npmjs.org/pg-connection-string cache-miss
37 silly fetch manifest pg-pool@^3.13.0
38 silly packumentCache full:https://registry.npmjs.org/pg-pool cache-miss
39 silly fetch manifest pg-protocol@^1.13.0
40 silly packumentCache full:https://registry.npmjs.org/pg-protocol cache-miss
41 silly fetch manifest pg-types@2.2.0
42 silly packumentCache full:https://registry.npmjs.org/pg-types cache-miss
43 http cache https://registry.npmjs.org/pg 12ms (cache hit)
44 silly packumentCache full:https://registry.npmjs.org/pg set size:475297 disposed:false
45 silly fetch manifest pgpass@1.0.5
46 silly packumentCache full:https://registry.npmjs.org/pgpass cache-miss
47 http fetch GET 200 https://registry.npmjs.org/postgres-array 50ms (cache miss)
48 silly packumentCache full:https://registry.npmjs.org/postgres-array set size:undefined disposed:false
49 silly fetch manifest pg-cloudflare@^1.3.0
50 silly packumentCache full:https://registry.npmjs.org/pg-cloudflare cache-miss
51 http fetch GET 200 https://registry.npmjs.org/pg-cloudflare 46ms (cache miss)
52 silly packumentCache full:https://registry.npmjs.org/pg-cloudflare set size:undefined disposed:false
53 http fetch GET 200 https://registry.npmjs.org/pg-connection-string 149ms (cache miss)
54 silly packumentCache full:https://registry.npmjs.org/pg-connection-string set size:undefined disposed:false
55 http fetch GET 200 https://registry.npmjs.org/pg-protocol 155ms (cache miss)
56 silly packumentCache full:https://registry.npmjs.org/pg-protocol set size:undefined disposed:false
57 http fetch GET 200 https://registry.npmjs.org/pg-types 156ms (cache miss)
58 silly packumentCache full:https://registry.npmjs.org/pg-types set size:undefined disposed:false
59 http fetch GET 200 https://registry.npmjs.org/pgpass 144ms (cache miss)
60 silly packumentCache full:https://registry.npmjs.org/pgpass set size:undefined disposed:false
61 http fetch GET 200 https://registry.npmjs.org/pg-pool 160ms (cache miss)
62 silly packumentCache full:https://registry.npmjs.org/pg-pool set size:undefined disposed:false
63 http fetch GET 200 https://registry.npmjs.org/@types%2fpg 177ms (cache miss)
64 silly packumentCache full:https://registry.npmjs.org/@types%2fpg set size:undefined disposed:false
65 silly placeDep ROOT @types/pg@8.11.11 OK for: @prisma/adapter-pg@7.5.0 want: 8.11.11
66 silly placeDep ROOT postgres-array@3.0.4 OK for: @prisma/adapter-pg@7.5.0 want: 3.0.4
67 silly fetch manifest pg-types@^4.0.1
68 silly packumentCache full:https://registry.npmjs.org/pg-types cache-miss
69 silly fetch manifest pg-protocol@*
70 silly packumentCache full:https://registry.npmjs.org/pg-protocol cache-miss
71 http cache https://registry.npmjs.org/pg-types 1ms (cache hit)
72 silly packumentCache full:https://registry.npmjs.org/pg-types set size:51397 disposed:false
73 http cache https://registry.npmjs.org/pg-protocol 2ms (cache hit)
74 silly packumentCache full:https://registry.npmjs.org/pg-protocol set size:51532 disposed:false
75 silly placeDep ROOT pg-protocol@1.13.0 OK for: @types/pg@8.11.11 want: *
76 silly placeDep ROOT pg-types@4.1.0 OK for: @types/pg@8.11.11 want: ^4.0.1
77 silly fetch manifest pg-int8@1.0.1
78 silly packumentCache full:https://registry.npmjs.org/pg-int8 cache-miss
79 silly fetch manifest pg-numeric@1.0.2
80 silly packumentCache full:https://registry.npmjs.org/pg-numeric cache-miss
81 silly fetch manifest postgres-bytea@~3.0.0
82 silly packumentCache full:https://registry.npmjs.org/postgres-bytea cache-miss
83 silly fetch manifest postgres-date@~2.1.0
84 silly packumentCache full:https://registry.npmjs.org/postgres-date cache-miss
85 silly fetch manifest postgres-interval@^3.0.0
86 silly packumentCache full:https://registry.npmjs.org/postgres-interval cache-miss
87 silly fetch manifest postgres-range@^1.1.1
88 silly packumentCache full:https://registry.npmjs.org/postgres-range cache-miss
89 http fetch GET 200 https://registry.npmjs.org/pg-int8 47ms (cache miss)
90 silly packumentCache full:https://registry.npmjs.org/pg-int8 set size:undefined disposed:false
91 http fetch GET 200 https://registry.npmjs.org/postgres-date 46ms (cache miss)
92 silly packumentCache full:https://registry.npmjs.org/postgres-date set size:undefined disposed:false
93 http fetch GET 200 https://registry.npmjs.org/postgres-interval 46ms (cache miss)
94 silly packumentCache full:https://registry.npmjs.org/postgres-interval set size:undefined disposed:false
95 http fetch GET 200 https://registry.npmjs.org/postgres-bytea 48ms (cache miss)
96 silly packumentCache full:https://registry.npmjs.org/postgres-bytea set size:undefined disposed:false
97 http fetch GET 200 https://registry.npmjs.org/postgres-range 55ms (cache miss)
98 silly packumentCache full:https://registry.npmjs.org/postgres-range set size:undefined disposed:false
99 http fetch GET 200 https://registry.npmjs.org/pg-numeric 68ms (cache miss)
100 silly packumentCache full:https://registry.npmjs.org/pg-numeric set size:undefined disposed:false
101 silly fetch manifest pg@>=8.0
102 silly packumentCache full:https://registry.npmjs.org/pg cache-hit
103 silly placeDep ROOT pg-cloudflare@1.3.0 OK for: pg@8.20.0 want: ^1.3.0
104 silly placeDep ROOT pg-connection-string@2.12.0 OK for: pg@8.20.0 want: ^2.12.0
105 silly placeDep ROOT pg-pool@3.13.0 OK for: pg@8.20.0 want: ^3.13.0
106 silly placeDep node_modules/pg pg-types@2.2.0 OK for: pg@8.20.0 want: 2.2.0
107 silly placeDep ROOT pgpass@1.0.5 OK for: pg@8.20.0 want: 1.0.5
108 silly fetch manifest postgres-date@~1.0.4
109 silly packumentCache full:https://registry.npmjs.org/postgres-date cache-miss
110 silly fetch manifest postgres-array@~2.0.0
111 silly packumentCache full:https://registry.npmjs.org/postgres-array cache-miss
112 silly fetch manifest postgres-bytea@~1.0.0
113 silly packumentCache full:https://registry.npmjs.org/postgres-bytea cache-miss
114 silly fetch manifest postgres-interval@^1.1.0
115 silly packumentCache full:https://registry.npmjs.org/postgres-interval cache-miss
116 silly fetch manifest split2@^4.1.0
117 silly packumentCache full:https://registry.npmjs.org/split2 cache-miss
118 http cache https://registry.npmjs.org/postgres-date 2ms (cache hit)
119 silly packumentCache full:https://registry.npmjs.org/postgres-date set size:27126 disposed:false
120 http cache https://registry.npmjs.org/postgres-bytea 3ms (cache hit)
121 silly packumentCache full:https://registry.npmjs.org/postgres-bytea set size:8854 disposed:false
122 http cache https://registry.npmjs.org/postgres-array 3ms (cache hit)
123 silly packumentCache full:https://registry.npmjs.org/postgres-array set size:21967 disposed:false
124 http cache https://registry.npmjs.org/postgres-interval 3ms (cache hit)
125 silly packumentCache full:https://registry.npmjs.org/postgres-interval set size:30514 disposed:false
126 http fetch GET 200 https://registry.npmjs.org/split2 56ms (cache miss)
127 silly packumentCache full:https://registry.npmjs.org/split2 set size:undefined disposed:false
128 silly placeDep ROOT pg-int8@1.0.1 OK for: pg-types@4.1.0 want: 1.0.1
129 silly placeDep ROOT pg-numeric@1.0.2 OK for: pg-types@4.1.0 want: 1.0.2
130 silly placeDep ROOT postgres-bytea@3.0.0 OK for: pg-types@4.1.0 want: ~3.0.0
131 silly placeDep ROOT postgres-date@2.1.0 OK for: pg-types@4.1.0 want: ~2.1.0
132 silly placeDep ROOT postgres-interval@3.0.0 OK for: pg-types@4.1.0 want: ^3.0.0
133 silly placeDep ROOT postgres-range@1.1.4 OK for: pg-types@4.1.0 want: ^1.1.1
134 silly fetch manifest obuf@~1.1.2
135 silly packumentCache full:https://registry.npmjs.org/obuf cache-miss
136 http fetch GET 200 https://registry.npmjs.org/obuf 47ms (cache miss)
137 silly packumentCache full:https://registry.npmjs.org/obuf set size:undefined disposed:false
138 silly placeDep ROOT split2@4.2.0 OK for: pgpass@1.0.5 want: ^4.1.0
139 silly placeDep ROOT obuf@1.1.2 OK for: postgres-bytea@3.0.0 want: ~1.1.2
140 silly placeDep node_modules/pg postgres-array@2.0.0 OK for: pg-types@2.2.0 want: ~2.0.0
141 silly placeDep node_modules/pg postgres-bytea@1.0.1 OK for: pg-types@2.2.0 want: ~1.0.0
142 silly placeDep node_modules/pg postgres-date@1.0.7 OK for: pg-types@2.2.0 want: ~1.0.4
143 silly placeDep node_modules/pg postgres-interval@1.2.0 OK for: pg-types@2.2.0 want: ^1.1.0
144 silly fetch manifest xtend@^4.0.0
145 silly packumentCache full:https://registry.npmjs.org/xtend cache-miss
146 http fetch GET 200 https://registry.npmjs.org/xtend 99ms (cache miss)
147 silly packumentCache full:https://registry.npmjs.org/xtend set size:undefined disposed:false
148 silly placeDep ROOT xtend@4.0.2 OK for: postgres-interval@1.2.0 want: ^4.0.0
149 silly reify moves {}
150 verbose reify failed optional dependency /Users/davecarr/Desktop/Floral pos system/floravision/node_modules/@tailwindcss/oxide-wasm32-wasi
151 silly reify mark deleted [
151 silly reify   '/Users/davecarr/Desktop/Floral pos system/floravision/node_modules/@tailwindcss/oxide-wasm32-wasi'
151 silly reify ]
152 silly audit bulk request {
152 silly audit   '@alloc/quick-lru': [ '5.2.0' ],
152 silly audit   '@babel/code-frame': [ '7.29.0' ],
152 silly audit   '@babel/compat-data': [ '7.29.0' ],
152 silly audit   '@babel/core': [ '7.29.0' ],
152 silly audit   '@babel/generator': [ '7.29.1' ],
152 silly audit   '@babel/helper-compilation-targets': [ '7.28.6' ],
152 silly audit   '@babel/helper-globals': [ '7.28.0' ],
152 silly audit   '@babel/helper-module-imports': [ '7.28.6' ],
152 silly audit   '@babel/helper-module-transforms': [ '7.28.6' ],
152 silly audit   '@babel/helper-string-parser': [ '7.27.1' ],
152 silly audit   '@babel/helper-validator-identifier': [ '7.28.5' ],
152 silly audit   '@babel/helper-validator-option': [ '7.27.1' ],
152 silly audit   '@babel/helpers': [ '7.28.6' ],
152 silly audit   '@babel/parser': [ '7.29.0' ],
152 silly audit   '@babel/template': [ '7.28.6' ],
152 silly audit   '@babel/traverse': [ '7.29.0' ],
152 silly audit   '@babel/types': [ '7.29.0' ],
152 silly audit   '@chevrotain/cst-dts-gen': [ '10.5.0' ],
152 silly audit   '@chevrotain/gast': [ '10.5.0' ],
152 silly audit   '@chevrotain/types': [ '10.5.0' ],
152 silly audit   '@chevrotain/utils': [ '10.5.0' ],
152 silly audit   '@electric-sql/pglite': [ '0.3.15' ],
152 silly audit   '@electric-sql/pglite-socket': [ '0.0.20' ],
152 silly audit   '@electric-sql/pglite-tools': [ '0.2.20' ],
152 silly audit   '@emnapi/core': [ '1.8.1' ],
152 silly audit   '@emnapi/runtime': [ '1.8.1' ],
152 silly audit   '@emnapi/wasi-threads': [ '1.1.0' ],
152 silly audit   '@eslint-community/eslint-utils': [ '4.9.1' ],
152 silly audit   'eslint-visitor-keys': [ '3.4.3', '5.0.1', '4.2.1' ],
152 silly audit   '@eslint-community/regexpp': [ '4.12.2' ],
152 silly audit   '@eslint/config-array': [ '0.21.2' ],
152 silly audit   '@eslint/config-helpers': [ '0.4.2' ],
152 silly audit   '@eslint/core': [ '0.17.0' ],
152 silly audit   '@eslint/eslintrc': [ '3.3.5' ],
152 silly audit   '@eslint/js': [ '9.39.4' ],
152 silly audit   '@eslint/object-schema': [ '2.1.7' ],
152 silly audit   '@eslint/plugin-kit': [ '0.4.1' ],
152 silly audit   '@hono/node-server': [ '1.19.9' ],
152 silly audit   '@humanfs/core': [ '0.19.1' ],
152 silly audit   '@humanfs/node': [ '0.16.7' ],
152 silly audit   '@humanwhocodes/module-importer': [ '1.0.1' ],
152 silly audit   '@humanwhocodes/retry': [ '0.4.3' ],
152 silly audit   '@img/colour': [ '1.1.0' ],
152 silly audit   '@img/sharp-darwin-arm64': [ '0.34.5' ],
152 silly audit   '@img/sharp-darwin-x64': [ '0.34.5' ],
152 silly audit   '@img/sharp-libvips-darwin-arm64': [ '1.2.4' ],
152 silly audit   '@img/sharp-libvips-darwin-x64': [ '1.2.4' ],
152 silly audit   '@img/sharp-libvips-linux-arm': [ '1.2.4' ],
152 silly audit   '@img/sharp-libvips-linux-arm64': [ '1.2.4' ],
152 silly audit   '@img/sharp-libvips-linux-ppc64': [ '1.2.4' ],
152 silly audit   '@img/sharp-libvips-linux-riscv64': [ '1.2.4' ],
152 silly audit   '@img/sharp-libvips-linux-s390x': [ '1.2.4' ],
152 silly audit   '@img/sharp-libvips-linux-x64': [ '1.2.4' ],
152 silly audit   '@img/sharp-libvips-linuxmusl-arm64': [ '1.2.4' ],
152 silly audit   '@img/sharp-libvips-linuxmusl-x64': [ '1.2.4' ],
152 silly audit   '@img/sharp-linux-arm': [ '0.34.5' ],
152 silly audit   '@img/sharp-linux-arm64': [ '0.34.5' ],
152 silly audit   '@img/sharp-linux-ppc64': [ '0.34.5' ],
152 silly audit   '@img/sharp-linux-riscv64': [ '0.34.5' ],
152 silly audit   '@img/sharp-linux-s390x': [ '0.34.5' ],
152 silly audit   '@img/sharp-linux-x64': [ '0.34.5' ],
152 silly audit   '@img/sharp-linuxmusl-arm64': [ '0.34.5' ],
152 silly audit   '@img/sharp-linuxmusl-x64': [ '0.34.5' ],
152 silly audit   '@img/sharp-wasm32': [ '0.34.5' ],
152 silly audit   '@img/sharp-win32-arm64': [ '0.34.5' ],
152 silly audit   '@img/sharp-win32-ia32': [ '0.34.5' ],
152 silly audit   '@img/sharp-win32-x64': [ '0.34.5' ],
152 silly audit   '@jridgewell/gen-mapping': [ '0.3.13' ],
152 silly audit   '@jridgewell/remapping': [ '2.3.5' ],
152 silly audit   '@jridgewell/resolve-uri': [ '3.1.2' ],
152 silly audit   '@jridgewell/sourcemap-codec': [ '1.5.5' ],
152 silly audit   '@jridgewell/trace-mapping': [ '0.3.31' ],
152 silly audit   '@mrleebo/prisma-ast': [ '0.13.1' ],
152 silly audit   '@napi-rs/wasm-runtime': [ '0.2.12' ],
152 silly audit   '@next/env': [ '16.1.6' ],
152 silly audit   '@next/eslint-plugin-next': [ '16.1.6' ],
152 silly audit   '@next/swc-darwin-arm64': [ '16.1.6' ],
152 silly audit   '@next/swc-darwin-x64': [ '16.1.6' ],
152 silly audit   '@next/swc-linux-arm64-gnu': [ '16.1.6' ],
152 silly audit   '@next/swc-linux-arm64-musl': [ '16.1.6' ],
152 silly audit   '@next/swc-linux-x64-gnu': [ '16.1.6' ],
152 silly audit   '@next/swc-linux-x64-musl': [ '16.1.6' ],
152 silly audit   '@next/swc-win32-arm64-msvc': [ '16.1.6' ],
152 silly audit   '@next/swc-win32-x64-msvc': [ '16.1.6' ],
152 silly audit   '@nodelib/fs.scandir': [ '2.1.5' ],
152 silly audit   '@nodelib/fs.stat': [ '2.0.5' ],
152 silly audit   '@nodelib/fs.walk': [ '1.2.8' ],
152 silly audit   '@nolyfill/is-core-module': [ '1.0.39' ],
152 silly audit   '@prisma/adapter-better-sqlite3': [ '7.5.0' ],
152 silly audit   '@prisma/client': [ '7.5.0' ],
152 silly audit   '@prisma/client-runtime-utils': [ '7.5.0' ],
152 silly audit   '@prisma/config': [ '7.5.0' ],
152 silly audit   '@prisma/debug': [ '7.5.0', '7.2.0' ],
152 silly audit   '@prisma/dev': [ '0.20.0' ],
152 silly audit   '@prisma/driver-adapter-utils': [ '7.5.0' ],
152 silly audit   '@prisma/engines': [ '7.5.0' ],
152 silly audit   '@prisma/engines-version': [ '7.5.0-15.280c870be64f457428992c43c1f6d557fab6e29e' ],
152 silly audit   '@prisma/get-platform': [ '7.5.0', '7.2.0' ],
152 silly audit   '@prisma/fetch-engine': [ '7.5.0' ],
152 silly audit   '@prisma/query-plan-executor': [ '7.2.0' ],
152 silly audit   '@prisma/studio-core': [ '0.21.1' ],
152 silly audit   '@rtsao/scc': [ '1.1.0' ],
152 silly audit   '@standard-schema/spec': [ '1.1.0' ],
152 silly audit   '@swc/helpers': [ '0.5.15' ],
152 silly audit   '@tailwindcss/node': [ '4.2.1' ],
152 silly audit   '@tailwindcss/oxide': [ '4.2.1' ],
152 silly audit   '@tailwindcss/oxide-android-arm64': [ '4.2.1' ],
152 silly audit   '@tailwindcss/oxide-darwin-arm64': [ '4.2.1' ],
152 silly audit   '@tailwindcss/oxide-darwin-x64': [ '4.2.1' ],
152 silly audit   '@tailwindcss/oxide-freebsd-x64': [ '4.2.1' ],
152 silly audit   '@tailwindcss/oxide-linux-arm-gnueabihf': [ '4.2.1' ],
152 silly audit   '@tailwindcss/oxide-linux-arm64-gnu': [ '4.2.1' ],
152 silly audit   '@tailwindcss/oxide-linux-arm64-musl': [ '4.2.1' ],
152 silly audit   '@tailwindcss/oxide-linux-x64-gnu': [ '4.2.1' ],
152 silly audit   '@tailwindcss/oxide-linux-x64-musl': [ '4.2.1' ],
152 silly audit   '@tailwindcss/oxide-win32-arm64-msvc': [ '4.2.1' ],
152 silly audit   '@tailwindcss/oxide-win32-x64-msvc': [ '4.2.1' ],
152 silly audit   '@tailwindcss/postcss': [ '4.2.1' ],
152 silly audit   '@tybys/wasm-util': [ '0.10.1' ],
152 silly audit   '@types/estree': [ '1.0.8' ],
152 silly audit   '@types/json-schema': [ '7.0.15' ],
152 silly audit   '@types/json5': [ '0.0.29' ],
152 silly audit   '@types/node': [ '20.19.37' ],
152 silly audit   '@types/react': [ '19.2.14' ],
152 silly audit   '@types/react-dom': [ '19.2.3' ],
152 silly audit   '@typescript-eslint/eslint-plugin': [ '8.57.0' ],
152 silly audit   ignore: [ '7.0.5', '5.3.2' ],
152 silly audit   '@typescript-eslint/parser': [ '8.57.0' ],
152 silly audit   '@typescript-eslint/project-service': [ '8.57.0' ],
152 silly audit   '@typescript-eslint/scope-manager': [ '8.57.0' ],
152 silly audit   '@typescript-eslint/tsconfig-utils': [ '8.57.0' ],
152 silly audit   '@typescript-eslint/type-utils': [ '8.57.0' ],
152 silly audit   '@typescript-eslint/types': [ '8.57.0' ],
152 silly audit   '@typescript-eslint/typescript-estree': [ '8.57.0' ],
152 silly audit   'balanced-match': [ '4.0.4', '1.0.2' ],
152 silly audit   'brace-expansion': [ '5.0.4', '1.1.12' ],
152 silly audit   minimatch: [ '10.2.4', '3.1.5' ],
152 silly audit   semver: [ '7.7.4', '6.3.1' ],
152 silly audit   '@typescript-eslint/utils': [ '8.57.0' ],
152 silly audit   '@typescript-eslint/visitor-keys': [ '8.57.0' ],
152 silly audit   '@unrs/resolver-binding-android-arm-eabi': [ '1.11.1' ],
152 silly audit   '@unrs/resolver-binding-android-arm64': [ '1.11.1' ],
152 silly audit   '@unrs/resolver-binding-darwin-arm64': [ '1.11.1' ],
152 silly audit   '@unrs/resolver-binding-darwin-x64': [ '1.11.1' ],
152 silly audit   '@unrs/resolver-binding-freebsd-x64': [ '1.11.1' ],
152 silly audit   '@unrs/resolver-binding-linux-arm-gnueabihf': [ '1.11.1' ],
152 silly audit   '@unrs/resolver-binding-linux-arm-musleabihf': [ '1.11.1' ],
152 silly audit   '@unrs/resolver-binding-linux-arm64-gnu': [ '1.11.1' ],
152 silly audit   '@unrs/resolver-binding-linux-arm64-musl': [ '1.11.1' ],
152 silly audit   '@unrs/resolver-binding-linux-ppc64-gnu': [ '1.11.1' ],
152 silly audit   '@unrs/resolver-binding-linux-riscv64-gnu': [ '1.11.1' ],
152 silly audit   '@unrs/resolver-binding-linux-riscv64-musl': [ '1.11.1' ],
152 silly audit   '@unrs/resolver-binding-linux-s390x-gnu': [ '1.11.1' ],
152 silly audit   '@unrs/resolver-binding-linux-x64-gnu': [ '1.11.1' ],
152 silly audit   '@unrs/resolver-binding-linux-x64-musl': [ '1.11.1' ],
152 silly audit   '@unrs/resolver-binding-wasm32-wasi': [ '1.11.1' ],
152 silly audit   '@unrs/resolver-binding-win32-arm64-msvc': [ '1.11.1' ],
152 silly audit   '@unrs/resolver-binding-win32-ia32-msvc': [ '1.11.1' ],
152 silly audit   '@unrs/resolver-binding-win32-x64-msvc': [ '1.11.1' ],
152 silly audit   '@vercel/blob': [ '2.3.1' ],
152 silly audit   acorn: [ '8.16.0' ],
152 silly audit   'acorn-jsx': [ '5.3.2' ],
152 silly audit   ajv: [ '6.14.0' ],
152 silly audit   'ansi-styles': [ '4.3.0' ],
152 silly audit   argparse: [ '2.0.1' ],
152 silly audit   'aria-query': [ '5.3.2' ],
152 silly audit   'array-buffer-byte-length': [ '1.0.2' ],
152 silly audit   'array-includes': [ '3.1.9' ],
152 silly audit   'array.prototype.findlast': [ '1.2.5' ],
152 silly audit   'array.prototype.findlastindex': [ '1.2.6' ],
152 silly audit   'array.prototype.flat': [ '1.3.3' ],
152 silly audit   'array.prototype.flatmap': [ '1.3.3' ],
152 silly audit   'array.prototype.tosorted': [ '1.1.4' ],
152 silly audit   'arraybuffer.prototype.slice': [ '1.0.4' ],
152 silly audit   'ast-types-flow': [ '0.0.8' ],
152 silly audit   'async-function': [ '1.0.0' ],
152 silly audit   'async-retry': [ '1.3.3' ],
152 silly audit   retry: [ '0.13.1', '0.12.0' ],
152 silly audit   'available-typed-arrays': [ '1.0.7' ],
152 silly audit   'aws-ssl-profiles': [ '1.1.2' ],
152 silly audit   'axe-core': [ '4.11.1' ],
152 silly audit   'axobject-query': [ '4.1.0' ],
152 silly audit   'base64-js': [ '1.5.1' ],
152 silly audit   'baseline-browser-mapping': [ '2.10.0' ],
152 silly audit   'better-sqlite3': [ '12.6.2' ],
152 silly audit   bindings: [ '1.5.0' ],
152 silly audit   bl: [ '4.1.0' ],
152 silly audit   braces: [ '3.0.3' ],
152 silly audit   browserslist: [ '4.28.1' ],
152 silly audit   buffer: [ '5.7.1' ],
152 silly audit   c12: [ '3.1.0' ],
152 silly audit   dotenv: [ '16.6.1', '17.3.1' ],
152 silly audit   'call-bind': [ '1.0.8' ],
152 silly audit   'call-bind-apply-helpers': [ '1.0.2' ],
152 silly audit   'call-bound': [ '1.0.4' ],
152 silly audit   callsites: [ '3.1.0' ],
152 silly audit   'caniuse-lite': [ '1.0.30001777' ],
152 silly audit   chalk: [ '4.1.2' ],
152 silly audit   chevrotain: [ '10.5.0' ],
152 silly audit   chokidar: [ '4.0.3' ],
152 silly audit   chownr: [ '1.1.4' ],
152 silly audit   citty: [ '0.1.6', '0.2.1' ],
152 silly audit   'client-only': [ '0.0.1' ],
152 silly audit   'color-convert': [ '2.0.1' ],
152 silly audit   'color-name': [ '1.1.4' ],
152 silly audit   'concat-map': [ '0.0.1' ],
152 silly audit   confbox: [ '0.2.4' ],
152 silly audit   consola: [ '3.4.2' ],
152 silly audit   'convert-source-map': [ '2.0.0' ],
152 silly audit   'cross-spawn': [ '7.0.6' ],
152 silly audit   csstype: [ '3.2.3' ],
152 silly audit   'damerau-levenshtein': [ '1.0.8' ],
152 silly audit   'data-view-buffer': [ '1.0.2' ],
152 silly audit   'data-view-byte-length': [ '1.0.2' ],
152 silly audit   'data-view-byte-offset': [ '1.0.1' ],
152 silly audit   debug: [ '4.4.3', '3.2.7' ],
152 silly audit   'decompress-response': [ '6.0.0' ],
152 silly audit   'deep-extend': [ '0.6.0' ],
152 silly audit   'deep-is': [ '0.1.4' ],
152 silly audit   'deepmerge-ts': [ '7.1.5' ],
152 silly audit   'define-data-property': [ '1.1.4' ],
152 silly audit   'define-properties': [ '1.2.1' ],
152 silly audit   defu: [ '6.1.4' ],
152 silly audit   denque: [ '2.1.0' ],
152 silly audit   destr: [ '2.0.5' ],
152 silly audit   'detect-libc': [ '2.1.2' ],
152 silly audit   doctrine: [ '2.1.0' ],
152 silly audit   'dunder-proto': [ '1.0.1' ],
152 silly audit   effect: [ '3.18.4' ],
152 silly audit   'electron-to-chromium': [ '1.5.307' ],
152 silly audit   'emoji-regex': [ '9.2.2' ],
152 silly audit   empathic: [ '2.0.0' ],
152 silly audit   'end-of-stream': [ '1.4.5' ],
152 silly audit   'enhanced-resolve': [ '5.20.0' ],
152 silly audit   'es-abstract': [ '1.24.1' ],
152 silly audit   'es-define-property': [ '1.0.1' ],
152 silly audit   'es-errors': [ '1.3.0' ],
152 silly audit   'es-iterator-helpers': [ '1.3.0' ],
152 silly audit   'es-object-atoms': [ '1.1.1' ],
152 silly audit   'es-set-tostringtag': [ '2.1.0' ],
152 silly audit   'es-shim-unscopables': [ '1.1.0' ],
152 silly audit   'es-to-primitive': [ '1.3.0' ],
152 silly audit   escalade: [ '3.2.0' ],
152 silly audit   'escape-string-regexp': [ '4.0.0' ],
152 silly audit   eslint: [ '9.39.4' ],
152 silly audit   'eslint-config-next': [ '16.1.6' ],
152 silly audit   globals: [ '16.4.0', '14.0.0' ],
152 silly audit   'eslint-import-resolver-node': [ '0.3.9' ],
152 silly audit   'eslint-import-resolver-typescript': [ '3.10.1' ],
152 silly audit   'eslint-module-utils': [ '2.12.1' ],
152 silly audit   'eslint-plugin-import': [ '2.32.0' ],
152 silly audit   'eslint-plugin-jsx-a11y': [ '6.10.2' ],
152 silly audit   'eslint-plugin-react': [ '7.37.5' ],
152 silly audit   'eslint-plugin-react-hooks': [ '7.0.1' ],
152 silly audit   resolve: [ '2.0.0-next.6', '1.22.11' ],
152 silly audit   'eslint-scope': [ '8.4.0' ],
152 silly audit   espree: [ '10.4.0' ],
152 silly audit   esquery: [ '1.7.0' ],
152 silly audit   esrecurse: [ '4.3.0' ],
152 silly audit   estraverse: [ '5.3.0' ],
152 silly audit   esutils: [ '2.0.3' ],
152 silly audit   'expand-template': [ '2.0.3' ],
152 silly audit   exsolve: [ '1.0.8' ],
152 silly audit   'fast-check': [ '3.23.2' ],
152 silly audit   'fast-deep-equal': [ '3.1.3' ],
152 silly audit   'fast-glob': [ '3.3.1' ],
152 silly audit   'glob-parent': [ '5.1.2', '6.0.2' ],
152 silly audit   'fast-json-stable-stringify': [ '2.1.0' ],
152 silly audit   'fast-levenshtein': [ '2.0.6' ],
152 silly audit   fastq: [ '1.20.1' ],
152 silly audit   'file-entry-cache': [ '8.0.0' ],
152 silly audit   'file-uri-to-path': [ '1.0.0' ],
152 silly audit   'fill-range': [ '7.1.1' ],
152 silly audit   'find-up': [ '5.0.0' ],
152 silly audit   'flat-cache': [ '4.0.1' ],
152 silly audit   flatted: [ '3.4.1' ],
152 silly audit   'for-each': [ '0.3.5' ],
152 silly audit   'foreground-child': [ '3.3.1' ],
152 silly audit   'fs-constants': [ '1.0.0' ],
152 silly audit   'function-bind': [ '1.1.2' ],
152 silly audit   'function.prototype.name': [ '1.1.8' ],
152 silly audit   'functions-have-names': [ '1.2.3' ],
152 silly audit   'generate-function': [ '2.3.1' ],
152 silly audit   'generator-function': [ '2.0.1' ],
152 silly audit   gensync: [ '1.0.0-beta.2' ],
152 silly audit   'get-intrinsic': [ '1.3.0' ],
152 silly audit   'get-port-please': [ '3.2.0' ],
152 silly audit   'get-proto': [ '1.0.1' ],
152 silly audit   'get-symbol-description': [ '1.1.0' ],
152 silly audit   'get-tsconfig': [ '4.13.6' ],
152 silly audit   giget: [ '2.0.0' ],
152 silly audit   'github-from-package': [ '0.0.0' ],
152 silly audit   globalthis: [ '1.0.4' ],
152 silly audit   gopd: [ '1.2.0' ],
152 silly audit   'graceful-fs': [ '4.2.11' ],
152 silly audit   grammex: [ '3.1.12' ],
152 silly audit   graphmatch: [ '1.1.1' ],
152 silly audit   'has-bigints': [ '1.1.0' ],
152 silly audit   'has-flag': [ '4.0.0' ],
152 silly audit   'has-property-descriptors': [ '1.0.2' ],
152 silly audit   'has-proto': [ '1.2.0' ],
152 silly audit   'has-symbols': [ '1.1.0' ],
152 silly audit   'has-tostringtag': [ '1.0.2' ],
152 silly audit   hasown: [ '2.0.2' ],
152 silly audit   'hermes-estree': [ '0.25.1' ],
152 silly audit   'hermes-parser': [ '0.25.1' ],
152 silly audit   hono: [ '4.11.4' ],
152 silly audit   'http-status-codes': [ '2.3.0' ],
152 silly audit   'iconv-lite': [ '0.7.2' ],
152 silly audit   ieee754: [ '1.2.1' ],
152 silly audit   'import-fresh': [ '3.3.1' ],
152 silly audit   imurmurhash: [ '0.1.4' ],
152 silly audit   inherits: [ '2.0.4' ],
152 silly audit   ini: [ '1.3.8' ],
152 silly audit   'internal-slot': [ '1.1.0' ],
152 silly audit   'is-array-buffer': [ '3.0.5' ],
152 silly audit   'is-async-function': [ '2.1.1' ],
152 silly audit   'is-bigint': [ '1.1.0' ],
152 silly audit   'is-boolean-object': [ '1.2.2' ],
152 silly audit   'is-buffer': [ '2.0.5' ],
152 silly audit   'is-bun-module': [ '2.0.0' ],
152 silly audit   'is-callable': [ '1.2.7' ],
152 silly audit   'is-core-module': [ '2.16.1' ],
152 silly audit   'is-data-view': [ '1.0.2' ],
152 silly audit   'is-date-object': [ '1.1.0' ],
152 silly audit   'is-extglob': [ '2.1.1' ],
152 silly audit   'is-finalizationregistry': [ '1.1.1' ],
152 silly audit   'is-generator-function': [ '1.1.2' ],
152 silly audit   'is-glob': [ '4.0.3' ],
152 silly audit   'is-map': [ '2.0.3' ],
152 silly audit   'is-negative-zero': [ '2.0.3' ],
152 silly audit   'is-node-process': [ '1.2.0' ],
152 silly audit   'is-number': [ '7.0.0' ],
152 silly audit   'is-number-object': [ '1.1.1' ],
152 silly audit   'is-property': [ '1.0.2' ],
152 silly audit   'is-regex': [ '1.2.1' ],
152 silly audit   'is-set': [ '2.0.3' ],
152 silly audit   'is-shared-array-buffer': [ '1.0.4' ],
152 silly audit   'is-string': [ '1.1.1' ],
152 silly audit   'is-symbol': [ '1.1.1' ],
152 silly audit   'is-typed-array': [ '1.1.15' ],
152 silly audit   'is-weakmap': [ '2.0.2' ],
152 silly audit   'is-weakref': [ '1.1.1' ],
152 silly audit   'is-weakset': [ '2.0.4' ],
152 silly audit   isarray: [ '2.0.5' ],
152 silly audit   isexe: [ '2.0.0' ],
152 silly audit   'iterator.prototype': [ '1.1.5' ],
152 silly audit   jiti: [ '2.6.1' ],
152 silly audit   'js-tokens': [ '4.0.0' ],
152 silly audit   'js-yaml': [ '4.1.1' ],
152 silly audit   jsesc: [ '3.1.0' ],
152 silly audit   'json-buffer': [ '3.0.1' ],
152 silly audit   'json-schema-traverse': [ '0.4.1' ],
152 silly audit   'json-stable-stringify-without-jsonify': [ '1.0.1' ],
152 silly audit   json5: [ '2.2.3', '1.0.2' ],
152 silly audit   'jsx-ast-utils': [ '3.3.5' ],
152 silly audit   keyv: [ '4.5.4' ],
152 silly audit   'language-subtag-registry': [ '0.3.23' ],
152 silly audit   'language-tags': [ '1.0.9' ],
152 silly audit   levn: [ '0.4.1' ],
152 silly audit   lightningcss: [ '1.31.1' ],
152 silly audit   'lightningcss-android-arm64': [ '1.31.1' ],
152 silly audit   'lightningcss-darwin-arm64': [ '1.31.1' ],
152 silly audit   'lightningcss-darwin-x64': [ '1.31.1' ],
152 silly audit   'lightningcss-freebsd-x64': [ '1.31.1' ],
152 silly audit   'lightningcss-linux-arm-gnueabihf': [ '1.31.1' ],
152 silly audit   'lightningcss-linux-arm64-gnu': [ '1.31.1' ],
152 silly audit   'lightningcss-linux-arm64-musl': [ '1.31.1' ],
152 silly audit   'lightningcss-linux-x64-gnu': [ '1.31.1' ],
152 silly audit   'lightningcss-linux-x64-musl': [ '1.31.1' ],
152 silly audit   'lightningcss-win32-arm64-msvc': [ '1.31.1' ],
152 silly audit   'lightningcss-win32-x64-msvc': [ '1.31.1' ],
152 silly audit   lilconfig: [ '2.1.0' ],
152 silly audit   'locate-path': [ '6.0.0' ],
152 silly audit   lodash: [ '4.17.21' ],
152 silly audit   'lodash.merge': [ '4.6.2' ],
152 silly audit   long: [ '5.3.2' ],
152 silly audit   'loose-envify': [ '1.4.0' ],
152 silly audit   'lru-cache': [ '5.1.1' ],
152 silly audit   'lru.min': [ '1.1.4' ],
152 silly audit   'magic-string': [ '0.30.21' ],
152 silly audit   'math-intrinsics': [ '1.1.0' ],
152 silly audit   merge2: [ '1.4.1' ],
152 silly audit   micromatch: [ '4.0.8' ],
152 silly audit   'mimic-response': [ '3.1.0' ],
152 silly audit   minimist: [ '1.2.8' ],
152 silly audit   'mkdirp-classic': [ '0.5.3' ],
152 silly audit   ms: [ '2.1.3' ],
152 silly audit   mysql2: [ '3.15.3' ],
152 silly audit   'named-placeholders': [ '1.1.6' ],
152 silly audit   nanoid: [ '3.3.11' ],
152 silly audit   'napi-build-utils': [ '2.0.0' ],
152 silly audit   'napi-postinstall': [ '0.3.4' ],
152 silly audit   'natural-compare': [ '1.4.0' ],
152 silly audit   next: [ '16.1.6' ],
152 silly audit   postcss: [ '8.4.31', '8.5.8' ],
152 silly audit   'node-abi': [ '3.88.0' ],
152 silly audit   'node-exports-info': [ '1.6.0' ],
152 silly audit   'node-fetch-native': [ '1.6.7' ],
152 silly audit   'node-releases': [ '2.0.36' ],
152 silly audit   nypm: [ '0.6.5' ],
152 silly audit   'object-assign': [ '4.1.1' ],
152 silly audit   'object-inspect': [ '1.13.4' ],
152 silly audit   'object-keys': [ '1.1.1' ],
152 silly audit   'object.assign': [ '4.1.7' ],
152 silly audit   'object.entries': [ '1.1.9' ],
152 silly audit   'object.fromentries': [ '2.0.8' ],
152 silly audit   'object.groupby': [ '1.0.3' ],
152 silly audit   'object.values': [ '1.2.1' ],
152 silly audit   ohash: [ '2.0.11' ],
152 silly audit   once: [ '1.4.0' ],
152 silly audit   optionator: [ '0.9.4' ],
152 silly audit   'own-keys': [ '1.0.1' ],
152 silly audit   'p-limit': [ '3.1.0' ],
152 silly audit   'p-locate': [ '5.0.0' ],
152 silly audit   'parent-module': [ '1.0.1' ],
152 silly audit   'path-exists': [ '4.0.0' ],
152 silly audit   'path-key': [ '3.1.1' ],
152 silly audit   'path-parse': [ '1.0.7' ],
152 silly audit   pathe: [ '2.0.3' ],
152 silly audit   'perfect-debounce': [ '1.0.0' ],
152 silly audit   picocolors: [ '1.1.1' ],
152 silly audit   picomatch: [ '2.3.1', '4.0.3' ],
152 silly audit   'pkg-types': [ '2.3.0' ],
152 silly audit   'possible-typed-array-names': [ '1.1.0' ],
152 silly audit   postgres: [ '3.4.7' ],
152 silly audit   'prebuild-install': [ '7.1.3' ],
152 silly audit   'prelude-ls': [ '1.2.1' ],
152 silly audit   prisma: [ '7.5.0' ],
152 silly audit   'prop-types': [ '15.8.1' ],
152 silly audit   'proper-lockfile': [ '4.1.2' ],
152 silly audit   'signal-exit': [ '3.0.7', '4.1.0' ],
152 silly audit   pump: [ '3.0.4' ],
152 silly audit   punycode: [ '2.3.1' ],
152 silly audit   'pure-rand': [ '6.1.0' ],
152 silly audit   'queue-microtask': [ '1.2.3' ],
152 silly audit   rc: [ '1.2.8' ],
152 silly audit   'strip-json-comments': [ '2.0.1', '3.1.1' ],
152 silly audit   rc9: [ '2.1.2' ],
152 silly audit   react: [ '19.2.3' ],
152 silly audit   'react-dom': [ '19.2.3' ],
152 silly audit   'react-is': [ '16.13.1' ],
152 silly audit   'readable-stream': [ '3.6.2' ],
152 silly audit   readdirp: [ '4.1.2' ],
152 silly audit   'reflect.getprototypeof': [ '1.0.10' ],
152 silly audit   'regexp-to-ast': [ '0.5.0' ],
152 silly audit   'regexp.prototype.flags': [ '1.5.4' ],
152 silly audit   remeda: [ '2.33.4' ],
152 silly audit   'resolve-from': [ '4.0.0' ],
152 silly audit   'resolve-pkg-maps': [ '1.0.0' ],
152 silly audit   reusify: [ '1.1.0' ],
152 silly audit   'run-parallel': [ '1.2.0' ],
152 silly audit   'safe-array-concat': [ '1.1.3' ],
152 silly audit   'safe-buffer': [ '5.2.1' ],
152 silly audit   'safe-push-apply': [ '1.0.0' ],
152 silly audit   'safe-regex-test': [ '1.1.0' ],
152 silly audit   'safer-buffer': [ '2.1.2' ],
152 silly audit   scheduler: [ '0.27.0' ],
152 silly audit   'seq-queue': [ '0.0.5' ],
152 silly audit   'set-function-length': [ '1.2.2' ],
152 silly audit   'set-function-name': [ '2.0.2' ],
152 silly audit   'set-proto': [ '1.0.0' ],
152 silly audit   sharp: [ '0.34.5' ],
152 silly audit   'shebang-command': [ '2.0.0' ],
152 silly audit   'shebang-regex': [ '3.0.0' ],
152 silly audit   'side-channel': [ '1.1.0' ],
152 silly audit   'side-channel-list': [ '1.0.0' ],
152 silly audit   'side-channel-map': [ '1.0.1' ],
152 silly audit   'side-channel-weakmap': [ '1.0.2' ],
152 silly audit   'simple-concat': [ '1.0.1' ],
152 silly audit   'simple-get': [ '4.0.1' ],
152 silly audit   'source-map-js': [ '1.2.1' ],
152 silly audit   sqlstring: [ '2.3.3' ],
152 silly audit   'stable-hash': [ '0.0.5' ],
152 silly audit   'std-env': [ '3.10.0' ],
152 silly audit   'stop-iteration-iterator': [ '1.1.0' ],
152 silly audit   string_decoder: [ '1.3.0' ],
152 silly audit   'string.prototype.includes': [ '2.0.1' ],
152 silly audit   'string.prototype.matchall': [ '4.0.12' ],
152 silly audit   'string.prototype.repeat': [ '1.0.0' ],
152 silly audit   'string.prototype.trim': [ '1.2.10' ],
152 silly audit   'string.prototype.trimend': [ '1.0.9' ],
152 silly audit   'string.prototype.trimstart': [ '1.0.8' ],
152 silly audit   'strip-bom': [ '3.0.0' ],
152 silly audit   'styled-jsx': [ '5.1.6' ],
152 silly audit   'supports-color': [ '7.2.0' ],
152 silly audit   'supports-preserve-symlinks-flag': [ '1.0.0' ],
152 silly audit   tailwindcss: [ '4.2.1' ],
152 silly audit   tapable: [ '2.3.0' ],
152 silly audit   'tar-fs': [ '2.1.4' ],
152 silly audit   'tar-stream': [ '2.2.0' ],
152 silly audit   throttleit: [ '2.1.0' ],
152 silly audit   tinyexec: [ '1.0.2' ],
152 silly audit   tinyglobby: [ '0.2.15' ],
152 silly audit   fdir: [ '6.5.0' ],
152 silly audit   'to-regex-range': [ '5.0.1' ],
152 silly audit   'ts-api-utils': [ '2.4.0' ],
152 silly audit   'tsconfig-paths': [ '3.15.0' ],
152 silly audit   tslib: [ '2.8.1' ],
152 silly audit   'tunnel-agent': [ '0.6.0' ],
152 silly audit   'type-check': [ '0.4.0' ],
152 silly audit   'typed-array-buffer': [ '1.0.3' ],
152 silly audit   'typed-array-byte-length': [ '1.0.3' ],
152 silly audit   'typed-array-byte-offset': [ '1.0.4' ],
152 silly audit   'typed-array-length': [ '1.0.7' ],
152 silly audit   typescript: [ '5.9.3' ],
152 silly audit   'typescript-eslint': [ '8.57.0' ],
152 silly audit   'unbox-primitive': [ '1.1.0' ],
152 silly audit   undici: [ '6.23.0' ],
152 silly audit   'undici-types': [ '6.21.0' ],
152 silly audit   'unrs-resolver': [ '1.11.1' ],
152 silly audit   'update-browserslist-db': [ '1.2.3' ],
152 silly audit   'uri-js': [ '4.4.1' ],
152 silly audit   'util-deprecate': [ '1.0.2' ],
152 silly audit   valibot: [ '1.2.0' ],
152 silly audit   which: [ '2.0.2' ],
152 silly audit   'which-boxed-primitive': [ '1.1.1' ],
152 silly audit   'which-builtin-type': [ '1.2.1' ],
152 silly audit   'which-collection': [ '1.0.2' ],
152 silly audit   'which-typed-array': [ '1.1.20' ],
152 silly audit   'word-wrap': [ '1.2.5' ],
152 silly audit   wrappy: [ '1.0.2' ],
152 silly audit   yallist: [ '3.1.1' ],
152 silly audit   'yocto-queue': [ '0.1.0' ],
152 silly audit   zeptomatch: [ '2.1.0' ],
152 silly audit   zod: [ '4.3.6' ],
152 silly audit   'zod-validation-error': [ '4.0.2' ],
152 silly audit   '@prisma/adapter-pg': [ '7.5.0' ],
152 silly audit   pg: [ '8.20.0' ],
152 silly audit   '@types/pg': [ '8.11.11' ],
152 silly audit   'postgres-array': [ '3.0.4', '2.0.0' ],
152 silly audit   'pg-protocol': [ '1.13.0' ],
152 silly audit   'pg-types': [ '4.1.0', '2.2.0' ],
152 silly audit   'pg-cloudflare': [ '1.3.0' ],
152 silly audit   'pg-connection-string': [ '2.12.0' ],
152 silly audit   'pg-pool': [ '3.13.0' ],
152 silly audit   pgpass: [ '1.0.5' ],
152 silly audit   'pg-int8': [ '1.0.1' ],
152 silly audit   'pg-numeric': [ '1.0.2' ],
152 silly audit   'postgres-bytea': [ '3.0.0', '1.0.1' ],
152 silly audit   'postgres-date': [ '2.1.0', '1.0.7' ],
152 silly audit   'postgres-interval': [ '3.0.0', '1.2.0' ],
152 silly audit   'postgres-range': [ '1.1.4' ],
152 silly audit   split2: [ '4.2.0' ],
152 silly audit   obuf: [ '1.1.2' ],
152 silly audit   xtend: [ '4.0.2' ],
152 silly audit   '@tailwindcss/oxide-wasm32-wasi': [ '4.2.1' ]
152 silly audit }
153 verbose reify failed optional dependency /Users/davecarr/Desktop/Floral pos system/floravision/node_modules/lightningcss-win32-x64-msvc
154 silly reify mark deleted [
154 silly reify   '/Users/davecarr/Desktop/Floral pos system/floravision/node_modules/lightningcss-win32-x64-msvc'
154 silly reify ]
155 verbose reify failed optional dependency /Users/davecarr/Desktop/Floral pos system/floravision/node_modules/lightningcss-win32-arm64-msvc
156 silly reify mark deleted [
156 silly reify   '/Users/davecarr/Desktop/Floral pos system/floravision/node_modules/lightningcss-win32-arm64-msvc'
156 silly reify ]
157 verbose reify failed optional dependency /Users/davecarr/Desktop/Floral pos system/floravision/node_modules/lightningcss-linux-x64-musl
158 silly reify mark deleted [
158 silly reify   '/Users/davecarr/Desktop/Floral pos system/floravision/node_modules/lightningcss-linux-x64-musl'
158 silly reify ]
159 verbose reify failed optional dependency /Users/davecarr/Desktop/Floral pos system/floravision/node_modules/lightningcss-linux-x64-gnu
160 silly reify mark deleted [
160 silly reify   '/Users/davecarr/Desktop/Floral pos system/floravision/node_modules/lightningcss-linux-x64-gnu'
160 silly reify ]
161 verbose reify failed optional dependency /Users/davecarr/Desktop/Floral pos system/floravision/node_modules/lightningcss-linux-arm64-musl
162 silly reify mark deleted [
162 silly reify   '/Users/davecarr/Desktop/Floral pos system/floravision/node_modules/lightningcss-linux-arm64-musl'
162 silly reify ]
163 verbose reify failed optional dependency /Users/davecarr/Desktop/Floral pos system/floravision/node_modules/lightningcss-linux-arm64-gnu
164 silly reify mark deleted [
164 silly reify   '/Users/davecarr/Desktop/Floral pos system/floravision/node_modules/lightningcss-linux-arm64-gnu'
164 silly reify ]
165 verbose reify failed optional dependency /Users/davecarr/Desktop/Floral pos system/floravision/node_modules/lightningcss-linux-arm-gnueabihf
166 silly reify mark deleted [
166 silly reify   '/Users/davecarr/Desktop/Floral pos system/floravision/node_modules/lightningcss-linux-arm-gnueabihf'
166 silly reify ]
167 verbose reify failed optional dependency /Users/davecarr/Desktop/Floral pos system/floravision/node_modules/lightningcss-freebsd-x64
168 silly reify mark deleted [
168 silly reify   '/Users/davecarr/Desktop/Floral pos system/floravision/node_modules/lightningcss-freebsd-x64'
168 silly reify ]
169 verbose reify failed optional dependency /Users/davecarr/Desktop/Floral pos system/floravision/node_modules/lightningcss-darwin-x64
170 silly reify mark deleted [
170 silly reify   '/Users/davecarr/Desktop/Floral pos system/floravision/node_modules/lightningcss-darwin-x64'
170 silly reify ]
171 verbose reify failed optional dependency /Users/davecarr/Desktop/Floral pos system/floravision/node_modules/lightningcss-android-arm64
172 silly reify mark deleted [
172 silly reify   '/Users/davecarr/Desktop/Floral pos system/floravision/node_modules/lightningcss-android-arm64'
172 silly reify ]
173 verbose reify failed optional dependency /Users/davecarr/Desktop/Floral pos system/floravision/node_modules/@unrs/resolver-binding-win32-x64-msvc
174 silly reify mark deleted [
174 silly reify   '/Users/davecarr/Desktop/Floral pos system/floravision/node_modules/@unrs/resolver-binding-win32-x64-msvc'
174 silly reify ]
175 verbose reify failed optional dependency /Users/davecarr/Desktop/Floral pos system/floravision/node_modules/@unrs/resolver-binding-win32-ia32-msvc
176 silly reify mark deleted [
176 silly reify   '/Users/davecarr/Desktop/Floral pos system/floravision/node_modules/@unrs/resolver-binding-win32-ia32-msvc'
176 silly reify ]
177 verbose reify failed optional dependency /Users/davecarr/Desktop/Floral pos system/floravision/node_modules/@unrs/resolver-binding-win32-arm64-msvc
178 silly reify mark deleted [
178 silly reify   '/Users/davecarr/Desktop/Floral pos system/floravision/node_modules/@unrs/resolver-binding-win32-arm64-msvc'
178 silly reify ]
179 verbose reify failed optional dependency /Users/davecarr/Desktop/Floral pos system/floravision/node_modules/@unrs/resolver-binding-wasm32-wasi
180 silly reify mark deleted [
180 silly reify   '/Users/davecarr/Desktop/Floral pos system/floravision/node_modules/@unrs/resolver-binding-wasm32-wasi'
180 silly reify ]
181 verbose reify failed optional dependency /Users/davecarr/Desktop/Floral pos system/floravision/node_modules/@unrs/resolver-binding-linux-x64-musl
182 silly reify mark deleted [
182 silly reify   '/Users/davecarr/Desktop/Floral pos system/floravision/node_modules/@unrs/resolver-binding-linux-x64-musl'
182 silly reify ]
183 verbose reify failed optional dependency /Users/davecarr/Desktop/Floral pos system/floravision/node_modules/@unrs/resolver-binding-linux-x64-gnu
184 silly reify mark deleted [
184 silly reify   '/Users/davecarr/Desktop/Floral pos system/floravision/node_modules/@unrs/resolver-binding-linux-x64-gnu'
184 silly reify ]
185 verbose reify failed optional dependency /Users/davecarr/Desktop/Floral pos system/floravision/node_modules/@unrs/resolver-binding-linux-s390x-gnu
186 silly reify mark deleted [
186 silly reify   '/Users/davecarr/Desktop/Floral pos system/floravision/node_modules/@unrs/resolver-binding-linux-s390x-gnu'
186 silly reify ]
187 verbose reify failed optional dependency /Users/davecarr/Desktop/Floral pos system/floravision/node_modules/@unrs/resolver-binding-linux-riscv64-musl
188 silly reify mark deleted [
188 silly reify   '/Users/davecarr/Desktop/Floral pos system/floravision/node_modules/@unrs/resolver-binding-linux-riscv64-musl'
188 silly reify ]
189 verbose reify failed optional dependency /Users/davecarr/Desktop/Floral pos system/floravision/node_modules/@unrs/resolver-binding-linux-riscv64-gnu
190 silly reify mark deleted [
190 silly reify   '/Users/davecarr/Desktop/Floral pos system/floravision/node_modules/@unrs/resolver-binding-linux-riscv64-gnu'
190 silly reify ]
191 verbose reify failed optional dependency /Users/davecarr/Desktop/Floral pos system/floravision/node_modules/@unrs/resolver-binding-linux-ppc64-gnu
192 silly reify mark deleted [
192 silly reify   '/Users/davecarr/Desktop/Floral pos system/floravision/node_modules/@unrs/resolver-binding-linux-ppc64-gnu'
192 silly reify ]
193 verbose reify failed optional dependency /Users/davecarr/Desktop/Floral pos system/floravision/node_modules/@unrs/resolver-binding-linux-arm64-musl
194 silly reify mark deleted [
194 silly reify   '/Users/davecarr/Desktop/Floral pos system/floravision/node_modules/@unrs/resolver-binding-linux-arm64-musl'
194 silly reify ]
195 verbose reify failed optional dependency /Users/davecarr/Desktop/Floral pos system/floravision/node_modules/@unrs/resolver-binding-linux-arm64-gnu
196 silly reify mark deleted [
196 silly reify   '/Users/davecarr/Desktop/Floral pos system/floravision/node_modules/@unrs/resolver-binding-linux-arm64-gnu'
196 silly reify ]
197 verbose reify failed optional dependency /Users/davecarr/Desktop/Floral pos system/floravision/node_modules/@unrs/resolver-binding-linux-arm-musleabihf
198 silly reify mark deleted [
198 silly reify   '/Users/davecarr/Desktop/Floral pos system/floravision/node_modules/@unrs/resolver-binding-linux-arm-musleabihf'
198 silly reify ]
199 verbose reify failed optional dependency /Users/davecarr/Desktop/Floral pos system/floravision/node_modules/@unrs/resolver-binding-linux-arm-gnueabihf
200 silly reify mark deleted [
200 silly reify   '/Users/davecarr/Desktop/Floral pos system/floravision/node_modules/@unrs/resolver-binding-linux-arm-gnueabihf'
200 silly reify ]
201 verbose reify failed optional dependency /Users/davecarr/Desktop/Floral pos system/floravision/node_modules/@unrs/resolver-binding-freebsd-x64
202 silly reify mark deleted [
202 silly reify   '/Users/davecarr/Desktop/Floral pos system/floravision/node_modules/@unrs/resolver-binding-freebsd-x64'
202 silly reify ]
203 verbose reify failed optional dependency /Users/davecarr/Desktop/Floral pos system/floravision/node_modules/@unrs/resolver-binding-darwin-x64
204 silly reify mark deleted [
204 silly reify   '/Users/davecarr/Desktop/Floral pos system/floravision/node_modules/@unrs/resolver-binding-darwin-x64'
204 silly reify ]
205 verbose reify failed optional dependency /Users/davecarr/Desktop/Floral pos system/floravision/node_modules/@unrs/resolver-binding-android-arm64
206 silly reify mark deleted [
206 silly reify   '/Users/davecarr/Desktop/Floral pos system/floravision/node_modules/@unrs/resolver-binding-android-arm64'
206 silly reify ]
207 verbose reify failed optional dependency /Users/davecarr/Desktop/Floral pos system/floravision/node_modules/@unrs/resolver-binding-android-arm-eabi
208 silly reify mark deleted [
208 silly reify   '/Users/davecarr/Desktop/Floral pos system/floravision/node_modules/@unrs/resolver-binding-android-arm-eabi'
208 silly reify ]
209 verbose reify failed optional dependency /Users/davecarr/Desktop/Floral pos system/floravision/node_modules/@tailwindcss/oxide-win32-x64-msvc
210 silly reify mark deleted [
210 silly reify   '/Users/davecarr/Desktop/Floral pos system/floravision/node_modules/@tailwindcss/oxide-win32-x64-msvc'
210 silly reify ]
211 verbose reify failed optional dependency /Users/davecarr/Desktop/Floral pos system/floravision/node_modules/@tailwindcss/oxide-win32-arm64-msvc
212 silly reify mark deleted [
212 silly reify   '/Users/davecarr/Desktop/Floral pos system/floravision/node_modules/@tailwindcss/oxide-win32-arm64-msvc'
212 silly reify ]
213 verbose reify failed optional dependency /Users/davecarr/Desktop/Floral pos system/floravision/node_modules/@tailwindcss/oxide-linux-x64-musl
214 silly reify mark deleted [
214 silly reify   '/Users/davecarr/Desktop/Floral pos system/floravision/node_modules/@tailwindcss/oxide-linux-x64-musl'
214 silly reify ]
215 verbose reify failed optional dependency /Users/davecarr/Desktop/Floral pos system/floravision/node_modules/@tailwindcss/oxide-linux-x64-gnu
216 silly reify mark deleted [
216 silly reify   '/Users/davecarr/Desktop/Floral pos system/floravision/node_modules/@tailwindcss/oxide-linux-x64-gnu'
216 silly reify ]
217 verbose reify failed optional dependency /Users/davecarr/Desktop/Floral pos system/floravision/node_modules/@tailwindcss/oxide-linux-arm64-musl
218 silly reify mark deleted [
218 silly reify   '/Users/davecarr/Desktop/Floral pos system/floravision/node_modules/@tailwindcss/oxide-linux-arm64-musl'
218 silly reify ]
219 verbose reify failed optional dependency /Users/davecarr/Desktop/Floral pos system/floravision/node_modules/@tailwindcss/oxide-linux-arm64-gnu
220 silly reify mark deleted [
220 silly reify   '/Users/davecarr/Desktop/Floral pos system/floravision/node_modules/@tailwindcss/oxide-linux-arm64-gnu'
220 silly reify ]
221 verbose reify failed optional dependency /Users/davecarr/Desktop/Floral pos system/floravision/node_modules/@tailwindcss/oxide-linux-arm-gnueabihf
222 silly reify mark deleted [
222 silly reify   '/Users/davecarr/Desktop/Floral pos system/floravision/node_modules/@tailwindcss/oxide-linux-arm-gnueabihf'
222 silly reify ]
223 verbose reify failed optional dependency /Users/davecarr/Desktop/Floral pos system/floravision/node_modules/@tailwindcss/oxide-freebsd-x64
224 silly reify mark deleted [
224 silly reify   '/Users/davecarr/Desktop/Floral pos system/floravision/node_modules/@tailwindcss/oxide-freebsd-x64'
224 silly reify ]
225 verbose reify failed optional dependency /Users/davecarr/Desktop/Floral pos system/floravision/node_modules/@tailwindcss/oxide-darwin-x64
226 silly reify mark deleted [
226 silly reify   '/Users/davecarr/Desktop/Floral pos system/floravision/node_modules/@tailwindcss/oxide-darwin-x64'
226 silly reify ]
227 verbose reify failed optional dependency /Users/davecarr/Desktop/Floral pos system/floravision/node_modules/@tailwindcss/oxide-android-arm64
228 silly reify mark deleted [
228 silly reify   '/Users/davecarr/Desktop/Floral pos system/floravision/node_modules/@tailwindcss/oxide-android-arm64'
228 silly reify ]
229 verbose reify failed optional dependency /Users/davecarr/Desktop/Floral pos system/floravision/node_modules/@next/swc-win32-x64-msvc
230 silly reify mark deleted [
230 silly reify   '/Users/davecarr/Desktop/Floral pos system/floravision/node_modules/@next/swc-win32-x64-msvc'
230 silly reify ]
231 verbose reify failed optional dependency /Users/davecarr/Desktop/Floral pos system/floravision/node_modules/@next/swc-win32-arm64-msvc
232 silly reify mark deleted [
232 silly reify   '/Users/davecarr/Desktop/Floral pos system/floravision/node_modules/@next/swc-win32-arm64-msvc'
232 silly reify ]
233 verbose reify failed optional dependency /Users/davecarr/Desktop/Floral pos system/floravision/node_modules/@next/swc-linux-x64-musl
234 silly reify mark deleted [
234 silly reify   '/Users/davecarr/Desktop/Floral pos system/floravision/node_modules/@next/swc-linux-x64-musl'
234 silly reify ]
235 verbose reify failed optional dependency /Users/davecarr/Desktop/Floral pos system/floravision/node_modules/@next/swc-linux-x64-gnu
236 silly reify mark deleted [
236 silly reify   '/Users/davecarr/Desktop/Floral pos system/floravision/node_modules/@next/swc-linux-x64-gnu'
236 silly reify ]
237 verbose reify failed optional dependency /Users/davecarr/Desktop/Floral pos system/floravision/node_modules/@next/swc-linux-arm64-musl
238 silly reify mark deleted [
238 silly reify   '/Users/davecarr/Desktop/Floral pos system/floravision/node_modules/@next/swc-linux-arm64-musl'
238 silly reify ]
239 verbose reify failed optional dependency /Users/davecarr/Desktop/Floral pos system/floravision/node_modules/@next/swc-linux-arm64-gnu
240 silly reify mark deleted [
240 silly reify   '/Users/davecarr/Desktop/Floral pos system/floravision/node_modules/@next/swc-linux-arm64-gnu'
240 silly reify ]
241 verbose reify failed optional dependency /Users/davecarr/Desktop/Floral pos system/floravision/node_modules/@next/swc-darwin-x64
242 silly reify mark deleted [
242 silly reify   '/Users/davecarr/Desktop/Floral pos system/floravision/node_modules/@next/swc-darwin-x64'
242 silly reify ]
243 verbose reify failed optional dependency /Users/davecarr/Desktop/Floral pos system/floravision/node_modules/@img/sharp-win32-x64
244 silly reify mark deleted [
244 silly reify   '/Users/davecarr/Desktop/Floral pos system/floravision/node_modules/@img/sharp-win32-x64'
244 silly reify ]
245 verbose reify failed optional dependency /Users/davecarr/Desktop/Floral pos system/floravision/node_modules/@img/sharp-win32-ia32
246 silly reify mark deleted [
246 silly reify   '/Users/davecarr/Desktop/Floral pos system/floravision/node_modules/@img/sharp-win32-ia32'
246 silly reify ]
247 verbose reify failed optional dependency /Users/davecarr/Desktop/Floral pos system/floravision/node_modules/@img/sharp-win32-arm64
248 silly reify mark deleted [
248 silly reify   '/Users/davecarr/Desktop/Floral pos system/floravision/node_modules/@img/sharp-win32-arm64'
248 silly reify ]
249 verbose reify failed optional dependency /Users/davecarr/Desktop/Floral pos system/floravision/node_modules/@img/sharp-wasm32
250 silly reify mark deleted [
250 silly reify   '/Users/davecarr/Desktop/Floral pos system/floravision/node_modules/@img/sharp-wasm32'
250 silly reify ]
251 verbose reify failed optional dependency /Users/davecarr/Desktop/Floral pos system/floravision/node_modules/@img/sharp-linuxmusl-x64
252 silly reify mark deleted [
252 silly reify   '/Users/davecarr/Desktop/Floral pos system/floravision/node_modules/@img/sharp-linuxmusl-x64'
252 silly reify ]
253 verbose reify failed optional dependency /Users/davecarr/Desktop/Floral pos system/floravision/node_modules/@img/sharp-linuxmusl-arm64
254 silly reify mark deleted [
254 silly reify   '/Users/davecarr/Desktop/Floral pos system/floravision/node_modules/@img/sharp-linuxmusl-arm64'
254 silly reify ]
255 verbose reify failed optional dependency /Users/davecarr/Desktop/Floral pos system/floravision/node_modules/@img/sharp-linux-x64
256 silly reify mark deleted [
256 silly reify   '/Users/davecarr/Desktop/Floral pos system/floravision/node_modules/@img/sharp-linux-x64'
256 silly reify ]
257 verbose reify failed optional dependency /Users/davecarr/Desktop/Floral pos system/floravision/node_modules/@img/sharp-linux-s390x
258 silly reify mark deleted [
258 silly reify   '/Users/davecarr/Desktop/Floral pos system/floravision/node_modules/@img/sharp-linux-s390x'
258 silly reify ]
259 verbose reify failed optional dependency /Users/davecarr/Desktop/Floral pos system/floravision/node_modules/@img/sharp-linux-riscv64
260 silly reify mark deleted [
260 silly reify   '/Users/davecarr/Desktop/Floral pos system/floravision/node_modules/@img/sharp-linux-riscv64'
260 silly reify ]
261 verbose reify failed optional dependency /Users/davecarr/Desktop/Floral pos system/floravision/node_modules/@img/sharp-linux-ppc64
262 silly reify mark deleted [
262 silly reify   '/Users/davecarr/Desktop/Floral pos system/floravision/node_modules/@img/sharp-linux-ppc64'
262 silly reify ]
263 verbose reify failed optional dependency /Users/davecarr/Desktop/Floral pos system/floravision/node_modules/@img/sharp-linux-arm64
264 silly reify mark deleted [
264 silly reify   '/Users/davecarr/Desktop/Floral pos system/floravision/node_modules/@img/sharp-linux-arm64'
264 silly reify ]
265 verbose reify failed optional dependency /Users/davecarr/Desktop/Floral pos system/floravision/node_modules/@img/sharp-linux-arm
266 silly reify mark deleted [
266 silly reify   '/Users/davecarr/Desktop/Floral pos system/floravision/node_modules/@img/sharp-linux-arm'
266 silly reify ]
267 verbose reify failed optional dependency /Users/davecarr/Desktop/Floral pos system/floravision/node_modules/@img/sharp-libvips-linuxmusl-x64
268 silly reify mark deleted [
268 silly reify   '/Users/davecarr/Desktop/Floral pos system/floravision/node_modules/@img/sharp-libvips-linuxmusl-x64'
268 silly reify ]
269 verbose reify failed optional dependency /Users/davecarr/Desktop/Floral pos system/floravision/node_modules/@img/sharp-libvips-linuxmusl-arm64
270 silly reify mark deleted [
270 silly reify   '/Users/davecarr/Desktop/Floral pos system/floravision/node_modules/@img/sharp-libvips-linuxmusl-arm64'
270 silly reify ]
271 verbose reify failed optional dependency /Users/davecarr/Desktop/Floral pos system/floravision/node_modules/@img/sharp-libvips-linux-x64
272 silly reify mark deleted [
272 silly reify   '/Users/davecarr/Desktop/Floral pos system/floravision/node_modules/@img/sharp-libvips-linux-x64'
272 silly reify ]
273 verbose reify failed optional dependency /Users/davecarr/Desktop/Floral pos system/floravision/node_modules/@img/sharp-libvips-linux-s390x
274 silly reify mark deleted [
274 silly reify   '/Users/davecarr/Desktop/Floral pos system/floravision/node_modules/@img/sharp-libvips-linux-s390x'
274 silly reify ]
275 verbose reify failed optional dependency /Users/davecarr/Desktop/Floral pos system/floravision/node_modules/@img/sharp-libvips-linux-riscv64
276 silly reify mark deleted [
276 silly reify   '/Users/davecarr/Desktop/Floral pos system/floravision/node_modules/@img/sharp-libvips-linux-riscv64'
276 silly reify ]
277 verbose reify failed optional dependency /Users/davecarr/Desktop/Floral pos system/floravision/node_modules/@img/sharp-libvips-linux-ppc64
278 silly reify mark deleted [
278 silly reify   '/Users/davecarr/Desktop/Floral pos system/floravision/node_modules/@img/sharp-libvips-linux-ppc64'
278 silly reify ]
279 verbose reify failed optional dependency /Users/davecarr/Desktop/Floral pos system/floravision/node_modules/@img/sharp-libvips-linux-arm64
280 silly reify mark deleted [
280 silly reify   '/Users/davecarr/Desktop/Floral pos system/floravision/node_modules/@img/sharp-libvips-linux-arm64'
280 silly reify ]
281 verbose reify failed optional dependency /Users/davecarr/Desktop/Floral pos system/floravision/node_modules/@img/sharp-libvips-linux-arm
282 silly reify mark deleted [
282 silly reify   '/Users/davecarr/Desktop/Floral pos system/floravision/node_modules/@img/sharp-libvips-linux-arm'
282 silly reify ]
283 verbose reify failed optional dependency /Users/davecarr/Desktop/Floral pos system/floravision/node_modules/@img/sharp-libvips-darwin-x64
284 silly reify mark deleted [
284 silly reify   '/Users/davecarr/Desktop/Floral pos system/floravision/node_modules/@img/sharp-libvips-darwin-x64'
284 silly reify ]
285 verbose reify failed optional dependency /Users/davecarr/Desktop/Floral pos system/floravision/node_modules/@img/sharp-darwin-x64
286 silly reify mark deleted [
286 silly reify   '/Users/davecarr/Desktop/Floral pos system/floravision/node_modules/@img/sharp-darwin-x64'
286 silly reify ]
287 http cache xtend@https://registry.npmjs.org/xtend/-/xtend-4.0.2.tgz 0ms (cache hit)
288 http cache split2@https://registry.npmjs.org/split2/-/split2-4.2.0.tgz 0ms (cache hit)
289 http cache postgres-range@https://registry.npmjs.org/postgres-range/-/postgres-range-1.1.4.tgz 0ms (cache hit)
290 http cache obuf@https://registry.npmjs.org/obuf/-/obuf-1.1.2.tgz 0ms (cache hit)
291 http cache postgres-interval@https://registry.npmjs.org/postgres-interval/-/postgres-interval-3.0.0.tgz 0ms (cache hit)
292 http cache postgres-bytea@https://registry.npmjs.org/postgres-bytea/-/postgres-bytea-3.0.0.tgz 0ms (cache hit)
293 http cache postgres-date@https://registry.npmjs.org/postgres-date/-/postgres-date-2.1.0.tgz 0ms (cache hit)
294 http cache pgpass@https://registry.npmjs.org/pgpass/-/pgpass-1.0.5.tgz 0ms (cache hit)
295 http cache pg-pool@https://registry.npmjs.org/pg-pool/-/pg-pool-3.13.0.tgz 0ms (cache hit)
296 http cache pg-int8@https://registry.npmjs.org/pg-int8/-/pg-int8-1.0.1.tgz 0ms (cache hit)
297 http cache pg-connection-string@https://registry.npmjs.org/pg-connection-string/-/pg-connection-string-2.12.0.tgz 0ms (cache hit)
298 http cache pg-cloudflare@https://registry.npmjs.org/pg-cloudflare/-/pg-cloudflare-1.3.0.tgz 0ms (cache hit)
299 http cache pg-numeric@https://registry.npmjs.org/pg-numeric/-/pg-numeric-1.0.2.tgz 0ms (cache hit)
300 http cache postgres-array@https://registry.npmjs.org/postgres-array/-/postgres-array-3.0.4.tgz 0ms (cache hit)
301 http cache pg-protocol@https://registry.npmjs.org/pg-protocol/-/pg-protocol-1.13.0.tgz 0ms (cache hit)
302 http cache @types/pg@https://registry.npmjs.org/@types/pg/-/pg-8.11.11.tgz 0ms (cache hit)
303 http cache pg-types@https://registry.npmjs.org/pg-types/-/pg-types-4.1.0.tgz 0ms (cache hit)
304 http cache @prisma/adapter-pg@https://registry.npmjs.org/@prisma/adapter-pg/-/adapter-pg-7.5.0.tgz 0ms (cache hit)
305 http cache postgres-interval@https://registry.npmjs.org/postgres-interval/-/postgres-interval-1.2.0.tgz 0ms (cache hit)
306 http cache pg@https://registry.npmjs.org/pg/-/pg-8.20.0.tgz 0ms (cache hit)
307 http cache postgres-date@https://registry.npmjs.org/postgres-date/-/postgres-date-1.0.7.tgz 0ms (cache hit)
308 http cache pg-types@https://registry.npmjs.org/pg-types/-/pg-types-2.2.0.tgz 0ms (cache hit)
309 http cache postgres-bytea@https://registry.npmjs.org/postgres-bytea/-/postgres-bytea-1.0.1.tgz 0ms (cache hit)
310 silly tarball no local data for xtend@https://registry.npmjs.org/xtend/-/xtend-4.0.2.tgz. Extracting by manifest.
311 http cache postgres-array@https://registry.npmjs.org/postgres-array/-/postgres-array-2.0.0.tgz 0ms (cache hit)
312 silly tarball no local data for split2@https://registry.npmjs.org/split2/-/split2-4.2.0.tgz. Extracting by manifest.
313 silly tarball no local data for postgres-range@https://registry.npmjs.org/postgres-range/-/postgres-range-1.1.4.tgz. Extracting by manifest.
314 silly tarball no local data for obuf@https://registry.npmjs.org/obuf/-/obuf-1.1.2.tgz. Extracting by manifest.
315 silly tarball no local data for postgres-interval@https://registry.npmjs.org/postgres-interval/-/postgres-interval-3.0.0.tgz. Extracting by manifest.
316 silly tarball no local data for postgres-bytea@https://registry.npmjs.org/postgres-bytea/-/postgres-bytea-3.0.0.tgz. Extracting by manifest.
317 silly tarball no local data for postgres-date@https://registry.npmjs.org/postgres-date/-/postgres-date-2.1.0.tgz. Extracting by manifest.
318 silly tarball no local data for pgpass@https://registry.npmjs.org/pgpass/-/pgpass-1.0.5.tgz. Extracting by manifest.
319 silly tarball no local data for pg-pool@https://registry.npmjs.org/pg-pool/-/pg-pool-3.13.0.tgz. Extracting by manifest.
320 silly tarball no local data for pg-int8@https://registry.npmjs.org/pg-int8/-/pg-int8-1.0.1.tgz. Extracting by manifest.
321 silly tarball no local data for pg-connection-string@https://registry.npmjs.org/pg-connection-string/-/pg-connection-string-2.12.0.tgz. Extracting by manifest.
322 silly tarball no local data for pg-cloudflare@https://registry.npmjs.org/pg-cloudflare/-/pg-cloudflare-1.3.0.tgz. Extracting by manifest.
323 silly tarball no local data for pg-numeric@https://registry.npmjs.org/pg-numeric/-/pg-numeric-1.0.2.tgz. Extracting by manifest.
324 silly tarball no local data for postgres-array@https://registry.npmjs.org/postgres-array/-/postgres-array-3.0.4.tgz. Extracting by manifest.
325 silly tarball no local data for pg-protocol@https://registry.npmjs.org/pg-protocol/-/pg-protocol-1.13.0.tgz. Extracting by manifest.
326 silly tarball no local data for @types/pg@https://registry.npmjs.org/@types/pg/-/pg-8.11.11.tgz. Extracting by manifest.
327 silly tarball no local data for pg-types@https://registry.npmjs.org/pg-types/-/pg-types-4.1.0.tgz. Extracting by manifest.
328 silly tarball no local data for @prisma/adapter-pg@https://registry.npmjs.org/@prisma/adapter-pg/-/adapter-pg-7.5.0.tgz. Extracting by manifest.
329 silly tarball no local data for postgres-interval@https://registry.npmjs.org/postgres-interval/-/postgres-interval-1.2.0.tgz. Extracting by manifest.
330 silly tarball no local data for pg@https://registry.npmjs.org/pg/-/pg-8.20.0.tgz. Extracting by manifest.
331 silly tarball no local data for postgres-date@https://registry.npmjs.org/postgres-date/-/postgres-date-1.0.7.tgz. Extracting by manifest.
332 silly tarball no local data for pg-types@https://registry.npmjs.org/pg-types/-/pg-types-2.2.0.tgz. Extracting by manifest.
333 silly tarball no local data for postgres-bytea@https://registry.npmjs.org/postgres-bytea/-/postgres-bytea-1.0.1.tgz. Extracting by manifest.
334 silly tarball no local data for postgres-array@https://registry.npmjs.org/postgres-array/-/postgres-array-2.0.0.tgz. Extracting by manifest.
335 http fetch GET 200 https://registry.npmjs.org/xtend/-/xtend-4.0.2.tgz 56ms (cache miss)
336 http fetch GET 200 https://registry.npmjs.org/postgres-interval/-/postgres-interval-3.0.0.tgz 55ms (cache miss)
337 http fetch GET 200 https://registry.npmjs.org/split2/-/split2-4.2.0.tgz 55ms (cache miss)
338 http fetch GET 200 https://registry.npmjs.org/postgres-bytea/-/postgres-bytea-3.0.0.tgz 60ms (cache miss)
339 http fetch GET 200 https://registry.npmjs.org/postgres-range/-/postgres-range-1.1.4.tgz 70ms (cache miss)
340 http fetch GET 200 https://registry.npmjs.org/obuf/-/obuf-1.1.2.tgz 81ms (cache miss)
341 http fetch GET 200 https://registry.npmjs.org/pg-types/-/pg-types-4.1.0.tgz 104ms (cache miss)
342 http fetch POST 200 https://registry.npmjs.org/-/npm/v1/security/advisories/bulk 118ms
343 silly audit report {
343 silly audit report   '@hono/node-server': [
343 silly audit report     {
343 silly audit report       id: 1114170,
343 silly audit report       url: 'https://github.com/advisories/GHSA-wc8c-qw6v-h7f6',
343 silly audit report       title: '@hono/node-server has authorization bypass for protected static paths via encoded slashes in Serve Static Middleware',
343 silly audit report       severity: 'high',
343 silly audit report       vulnerable_versions: '<1.19.10',
343 silly audit report       cwe: [Array],
343 silly audit report       cvss: [Object]
343 silly audit report     }
343 silly audit report   ],
343 silly audit report   hono: [
343 silly audit report     {
343 silly audit report       id: 1112644,
343 silly audit report       url: 'https://github.com/advisories/GHSA-9r54-q6cx-xmh5',
343 silly audit report       title: 'Hono vulnerable to XSS through ErrorBoundary component ',
343 silly audit report       severity: 'moderate',
343 silly audit report       vulnerable_versions: '<4.11.7',
343 silly audit report       cwe: [Array],
343 silly audit report       cvss: [Object]
343 silly audit report     },
343 silly audit report     {
343 silly audit report       id: 1112677,
343 silly audit report       url: 'https://github.com/advisories/GHSA-6wqw-2p9w-4vw4',
343 silly audit report       title: 'Hono cache middleware ignores "Cache-Control: private" leading to Web Cache Deception',
343 silly audit report       severity: 'moderate',
343 silly audit report       vulnerable_versions: '<4.11.7',
343 silly audit report       cwe: [Array],
343 silly audit report       cvss: [Object]
343 silly audit report     },
343 silly audit report     {
343 silly audit report       id: 1112678,
343 silly audit report       url: 'https://github.com/advisories/GHSA-r354-f388-2fhh',
343 silly audit report       title: 'Hono IPv4 address validation bypass in IP Restriction Middleware allows IP spoofing',
343 silly audit report       severity: 'moderate',
343 silly audit report       vulnerable_versions: '<4.11.7',
343 silly audit report       cwe: [Array],
343 silly audit report       cvss: [Object]
343 silly audit report     },
343 silly audit report     {
343 silly audit report       id: 1112911,
343 silly audit report       url: 'https://github.com/advisories/GHSA-w332-q679-j88p',
343 silly audit report       title: 'Hono has an Arbitrary Key Read in Serve static Middleware (Cloudflare Workers Adapter)',
343 silly audit report       severity: 'moderate',
343 silly audit report       vulnerable_versions: '<4.11.7',
343 silly audit report       cwe: [Array],
343 silly audit report       cvss: [Object]
343 silly audit report     },
343 silly audit report     {
343 silly audit report       id: 1113311,
343 silly audit report       url: 'https://github.com/advisories/GHSA-gq3j-xvxp-8hrf',
343 silly audit report       title: 'Hono added timing comparison hardening in basicAuth and bearerAuth',
343 silly audit report       severity: 'low',
343 silly audit report       vulnerable_versions: '<4.11.10',
343 silly audit report       cwe: [Array],
343 silly audit report       cvss: [Object]
343 silly audit report     },
343 silly audit report     {
343 silly audit report       id: 1114004,
343 silly audit report       url: 'https://github.com/advisories/GHSA-5pq2-9x2x-5p6w',
343 silly audit report       title: 'Hono Vulnerable to Cookie Attribute Injection via Unsanitized domain and path in setCookie()',
343 silly audit report       severity: 'moderate',
343 silly audit report       vulnerable_versions: '<4.12.4',
343 silly audit report       cwe: [Array],
343 silly audit report       cvss: [Object]
343 silly audit report     },
343 silly audit report     {
343 silly audit report       id: 1114005,
343 silly audit report       url: 'https://github.com/advisories/GHSA-p6xx-57qc-3wxr',
343 silly audit report       title: 'Hono Vulnerable to SSE Control Field Injection via CR/LF in writeSSE()',
343 silly audit report       severity: 'moderate',
343 silly audit report       vulnerable_versions: '<4.12.4',
343 silly audit report       cwe: [Array],
343 silly audit report       cvss: [Object]
343 silly audit report     },
343 silly audit report     {
343 silly audit report       id: 1114006,
343 silly audit report       url: 'https://github.com/advisories/GHSA-q5qw-h33p-qvwr',
343 silly audit report       title: 'Hono vulnerable to arbitrary file access via serveStatic vulnerability ',
343 silly audit report       severity: 'high',
343 silly audit report       vulnerable_versions: '<4.12.4',
343 silly audit report       cwe: [Array],
343 silly audit report       cvss: [Object]
343 silly audit report     },
343 silly audit report     {
343 silly audit report       id: 1114341,
343 silly audit report       url: 'https://github.com/advisories/GHSA-v8w9-8mx6-g223',
343 silly audit report       title: 'Hono vulnerable to Prototype Pollution possible through __proto__ key allowed in parseBody({ dot: true })',
343 silly audit report       severity: 'moderate',
343 silly audit report       vulnerable_versions: '<4.12.7',
343 silly audit report       cwe: [Array],
343 silly audit report       cvss: [Object]
343 silly audit report     }
343 silly audit report   ],
343 silly audit report   lodash: [
343 silly audit report     {
343 silly audit report       id: 1112455,
343 silly audit report       url: 'https://github.com/advisories/GHSA-xxjr-mmjv-4gpg',
343 silly audit report       title: 'Lodash has Prototype Pollution Vulnerability in `_.unset` and `_.omit` functions',
343 silly audit report       severity: 'moderate',
343 silly audit report       vulnerable_versions: '>=4.0.0 <=4.17.22',
343 silly audit report       cwe: [Array],
343 silly audit report       cvss: [Object]
343 silly audit report     }
343 silly audit report   ]
343 silly audit report }
344 silly packumentCache corgi:https://registry.npmjs.org/@hono%2fnode-server cache-miss
345 silly packumentCache corgi:https://registry.npmjs.org/hono cache-miss
346 silly packumentCache corgi:https://registry.npmjs.org/lodash cache-miss
347 http fetch GET 200 https://registry.npmjs.org/@types/pg/-/pg-8.11.11.tgz 117ms (cache miss)
348 http fetch GET 200 https://registry.npmjs.org/pg-protocol/-/pg-protocol-1.13.0.tgz 118ms (cache miss)
349 http fetch GET 200 https://registry.npmjs.org/postgres-interval/-/postgres-interval-1.2.0.tgz 124ms (cache miss)
350 http fetch GET 200 https://registry.npmjs.org/postgres-date/-/postgres-date-2.1.0.tgz 147ms (cache miss)
351 http fetch GET 200 https://registry.npmjs.org/pgpass/-/pgpass-1.0.5.tgz 151ms (cache miss)
352 http fetch GET 200 https://registry.npmjs.org/pg-types/-/pg-types-2.2.0.tgz 150ms (cache miss)
353 http fetch GET 200 https://registry.npmjs.org/@prisma/adapter-pg/-/adapter-pg-7.5.0.tgz 151ms (cache miss)
354 http fetch GET 200 https://registry.npmjs.org/postgres-date/-/postgres-date-1.0.7.tgz 151ms (cache miss)
355 http fetch GET 200 https://registry.npmjs.org/pg-cloudflare/-/pg-cloudflare-1.3.0.tgz 152ms (cache miss)
356 http fetch GET 200 https://registry.npmjs.org/pg-pool/-/pg-pool-3.13.0.tgz 156ms (cache miss)
357 http fetch GET 200 https://registry.npmjs.org/pg-int8/-/pg-int8-1.0.1.tgz 167ms (cache miss)
358 http fetch GET 200 https://registry.npmjs.org/postgres-array/-/postgres-array-3.0.4.tgz 167ms (cache miss)
359 http fetch GET 200 https://registry.npmjs.org/pg-numeric/-/pg-numeric-1.0.2.tgz 167ms (cache miss)
360 http fetch GET 200 https://registry.npmjs.org/pg-connection-string/-/pg-connection-string-2.12.0.tgz 171ms (cache miss)
361 http fetch GET 200 https://registry.npmjs.org/postgres-array/-/postgres-array-2.0.0.tgz 171ms (cache miss)
362 http fetch GET 200 https://registry.npmjs.org/pg/-/pg-8.20.0.tgz 185ms (cache miss)
363 http fetch GET 200 https://registry.npmjs.org/hono 84ms (cache revalidated)
364 silly packumentCache corgi:https://registry.npmjs.org/hono set size:679546 disposed:false
365 http fetch GET 200 https://registry.npmjs.org/lodash 98ms (cache revalidated)
366 silly packumentCache corgi:https://registry.npmjs.org/lodash set size:68481 disposed:false
367 http fetch GET 200 https://registry.npmjs.org/@hono%2fnode-server 99ms (cache revalidated)
368 silly packumentCache corgi:https://registry.npmjs.org/@hono%2fnode-server set size:81659 disposed:false
369 silly packumentCache corgi:https://registry.npmjs.org/@prisma%2fdev cache-miss
370 http fetch GET 200 https://registry.npmjs.org/@prisma%2fdev 65ms (cache revalidated)
371 silly packumentCache corgi:https://registry.npmjs.org/@prisma%2fdev set size:941438 disposed:false
372 silly packumentCache corgi:https://registry.npmjs.org/@chevrotain%2fcst-dts-gen cache-miss
373 silly packumentCache corgi:https://registry.npmjs.org/@chevrotain%2fgast cache-miss
374 silly packumentCache corgi:https://registry.npmjs.org/chevrotain cache-miss
375 http fetch GET 200 https://registry.npmjs.org/postgres-bytea/-/postgres-bytea-1.0.1.tgz 320ms (cache miss)
376 http fetch GET 200 https://registry.npmjs.org/@chevrotain%2fcst-dts-gen 121ms (cache revalidated)
377 silly packumentCache corgi:https://registry.npmjs.org/@chevrotain%2fcst-dts-gen set size:24107 disposed:false
378 http fetch GET 200 https://registry.npmjs.org/chevrotain 121ms (cache revalidated)
379 silly packumentCache corgi:https://registry.npmjs.org/chevrotain set size:273100 disposed:false
380 http fetch GET 200 https://registry.npmjs.org/@chevrotain%2fgast 123ms (cache revalidated)
381 silly packumentCache corgi:https://registry.npmjs.org/@chevrotain%2fgast set size:20025 disposed:false
382 silly packumentCache corgi:https://registry.npmjs.org/prisma cache-miss
383 http fetch GET 200 https://registry.npmjs.org/prisma 143ms (cache revalidated)
384 silly packumentCache corgi:https://registry.npmjs.org/prisma set size:22600259 disposed:false
385 silly packumentCache corgi:https://registry.npmjs.org/@mrleebo%2fprisma-ast cache-miss
386 http fetch GET 200 https://registry.npmjs.org/@mrleebo%2fprisma-ast 76ms (cache revalidated)
387 silly packumentCache corgi:https://registry.npmjs.org/@mrleebo%2fprisma-ast set size:47236 disposed:false
388 silly packumentCache corgi:https://registry.npmjs.org/@prisma%2fclient cache-miss
389 http fetch GET 200 https://registry.npmjs.org/@prisma%2fclient 237ms (cache revalidated)
390 silly packumentCache corgi:https://registry.npmjs.org/@prisma%2fclient set size:37479562 disposed:false
391 silly ADD node_modules/xtend
392 silly ADD node_modules/obuf
393 silly ADD node_modules/split2
394 silly ADD node_modules/postgres-range
395 silly ADD node_modules/postgres-interval
396 silly ADD node_modules/postgres-date
397 silly ADD node_modules/postgres-bytea
398 silly ADD node_modules/pg-numeric
399 silly ADD node_modules/pg-int8
400 silly ADD node_modules/pgpass
401 silly ADD node_modules/pg-pool
402 silly ADD node_modules/pg-connection-string
403 silly ADD node_modules/pg-cloudflare
404 silly ADD node_modules/pg-types
405 silly ADD node_modules/pg-protocol
406 silly ADD node_modules/postgres-array
407 silly ADD node_modules/@types/pg
408 silly ADD node_modules/pg
409 silly ADD node_modules/pg/node_modules/postgres-interval
410 silly ADD node_modules/pg/node_modules/postgres-date
411 silly ADD node_modules/pg/node_modules/postgres-bytea
412 silly ADD node_modules/pg/node_modules/postgres-array
413 silly ADD node_modules/pg/node_modules/pg-types
414 silly ADD node_modules/@prisma/adapter-pg
415 silly ADD
416 silly ADD
417 silly ADD
418 silly ADD
419 silly ADD
420 silly ADD
421 silly ADD
422 silly ADD
423 silly ADD
424 silly ADD
425 silly ADD
426 silly ADD
427 silly ADD
428 silly ADD
429 silly ADD
430 silly ADD
431 silly ADD
432 silly ADD
433 silly ADD
434 silly ADD
435 silly ADD
436 silly ADD
437 silly ADD
438 silly ADD
439 silly ADD
440 silly ADD
441 silly ADD
442 silly ADD
443 silly ADD
444 silly ADD
445 silly ADD
446 silly ADD
447 silly ADD
448 silly ADD
449 silly ADD
450 silly ADD
451 silly ADD
452 silly ADD
453 silly ADD
454 silly ADD
455 silly ADD
456 silly ADD
457 silly ADD
458 silly ADD
459 silly ADD
460 silly ADD
461 silly ADD
462 silly ADD
463 silly ADD
464 silly ADD
465 silly ADD
466 silly ADD
467 silly ADD
468 silly ADD
469 silly ADD
470 silly ADD
471 silly ADD
472 silly ADD
473 silly ADD
474 silly ADD
475 silly ADD
476 silly ADD
477 silly ADD
478 silly ADD
479 silly ADD
480 silly ADD
481 silly ADD
482 silly ADD
483 verbose cwd /Users/davecarr/Desktop/Floral pos system/floravision
484 verbose os Darwin 25.3.0
485 verbose node v22.16.0
486 verbose npm  v10.9.2
487 verbose exit 0
488 info ok
