0 verbose cli /usr/local/bin/node /usr/local/bin/npm
1 info using npm@10.9.2
2 info using node@v22.16.0
3 silly config load:file:/usr/local/lib/node_modules/npm/npmrc
4 silly config load:file:/Users/davecarr/Desktop/Floral pos system/floravision/.npmrc
5 silly config load:file:/Users/davecarr/.npmrc
6 silly config load:file:/usr/local/etc/npmrc
7 verbose title npm install @vercel/blob
8 verbose argv "install" "@vercel/blob"
9 verbose logfile logs-max:10 dir:/Users/davecarr/Desktop/Floral pos system/floravision/.npm-cache/_logs/2026-03-11T23_53_05_629Z-
10 verbose logfile /Users/davecarr/Desktop/Floral pos system/floravision/.npm-cache/_logs/2026-03-11T23_53_05_629Z-debug-0.log
11 silly logfile done cleaning log files
12 silly packumentCache heap:2197815296 maxSize:549453824 maxEntrySize:274726912
13 silly idealTree buildDeps
14 silly fetch manifest @vercel/blob@*
15 silly packumentCache full:https://registry.npmjs.org/@vercel%2fblob cache-miss
16 verbose shrinkwrap failed to load node_modules/.package-lock.json out of date, updated: node_modules
17 http fetch GET 200 https://registry.npmjs.org/@vercel%2fblob 226ms (cache miss)
18 silly packumentCache full:https://registry.npmjs.org/@vercel%2fblob set size:undefined disposed:false
19 silly placeDep ROOT @vercel/blob@2.3.1 OK for: floravision@0.1.0 want: *
20 silly fetch manifest async-retry@^1.3.3
21 silly packumentCache full:https://registry.npmjs.org/async-retry cache-miss
22 silly fetch manifest is-buffer@^2.0.5
23 silly packumentCache full:https://registry.npmjs.org/is-buffer cache-miss
24 silly fetch manifest is-node-process@^1.2.0
25 silly packumentCache full:https://registry.npmjs.org/is-node-process cache-miss
26 silly fetch manifest throttleit@^2.1.0
27 silly packumentCache full:https://registry.npmjs.org/throttleit cache-miss
28 silly fetch manifest undici@^6.23.0
29 silly packumentCache full:https://registry.npmjs.org/undici cache-miss
30 http fetch GET 200 https://registry.npmjs.org/async-retry 48ms (cache miss)
31 silly packumentCache full:https://registry.npmjs.org/async-retry set size:undefined disposed:false
32 http fetch GET 200 https://registry.npmjs.org/throttleit 151ms (cache miss)
33 silly packumentCache full:https://registry.npmjs.org/throttleit set size:undefined disposed:false
34 http fetch GET 200 https://registry.npmjs.org/is-buffer 161ms (cache miss)
35 silly packumentCache full:https://registry.npmjs.org/is-buffer set size:undefined disposed:false
36 http fetch GET 200 https://registry.npmjs.org/undici 282ms (cache miss)
37 silly packumentCache full:https://registry.npmjs.org/undici set size:undefined disposed:false
38 http fetch GET 200 https://registry.npmjs.org/is-node-process 294ms (cache miss)
39 silly packumentCache full:https://registry.npmjs.org/is-node-process set size:undefined disposed:false
40 silly placeDep ROOT async-retry@1.3.3 OK for: @vercel/blob@2.3.1 want: ^1.3.3
41 silly placeDep ROOT is-buffer@2.0.5 OK for: @vercel/blob@2.3.1 want: ^2.0.5
42 silly placeDep ROOT is-node-process@1.2.0 OK for: @vercel/blob@2.3.1 want: ^1.2.0
43 silly placeDep ROOT throttleit@2.1.0 OK for: @vercel/blob@2.3.1 want: ^2.1.0
44 silly placeDep ROOT undici@6.23.0 OK for: @vercel/blob@2.3.1 want: ^6.23.0
45 silly fetch manifest retry@0.13.1
46 silly packumentCache full:https://registry.npmjs.org/retry cache-miss
47 http fetch GET 200 https://registry.npmjs.org/retry 107ms (cache revalidated)
48 silly packumentCache full:https://registry.npmjs.org/retry set size:31161 disposed:false
49 silly placeDep node_modules/async-retry retry@0.13.1 OK for: async-retry@1.3.3 want: 0.13.1
50 silly reify moves {}
51 verbose reify failed optional dependency /Users/davecarr/Desktop/Floral pos system/floravision/node_modules/@tailwindcss/oxide-wasm32-wasi
52 silly reify mark deleted [
52 silly reify   '/Users/davecarr/Desktop/Floral pos system/floravision/node_modules/@tailwindcss/oxide-wasm32-wasi'
52 silly reify ]
53 silly audit bulk request {
53 silly audit   '@alloc/quick-lru': [ '5.2.0' ],
53 silly audit   '@babel/code-frame': [ '7.29.0' ],
53 silly audit   '@babel/compat-data': [ '7.29.0' ],
53 silly audit   '@babel/core': [ '7.29.0' ],
53 silly audit   '@babel/generator': [ '7.29.1' ],
53 silly audit   '@babel/helper-compilation-targets': [ '7.28.6' ],
53 silly audit   '@babel/helper-globals': [ '7.28.0' ],
53 silly audit   '@babel/helper-module-imports': [ '7.28.6' ],
53 silly audit   '@babel/helper-module-transforms': [ '7.28.6' ],
53 silly audit   '@babel/helper-string-parser': [ '7.27.1' ],
53 silly audit   '@babel/helper-validator-identifier': [ '7.28.5' ],
53 silly audit   '@babel/helper-validator-option': [ '7.27.1' ],
53 silly audit   '@babel/helpers': [ '7.28.6' ],
53 silly audit   '@babel/parser': [ '7.29.0' ],
53 silly audit   '@babel/template': [ '7.28.6' ],
53 silly audit   '@babel/traverse': [ '7.29.0' ],
53 silly audit   '@babel/types': [ '7.29.0' ],
53 silly audit   '@chevrotain/cst-dts-gen': [ '10.5.0' ],
53 silly audit   '@chevrotain/gast': [ '10.5.0' ],
53 silly audit   '@chevrotain/types': [ '10.5.0' ],
53 silly audit   '@chevrotain/utils': [ '10.5.0' ],
53 silly audit   '@electric-sql/pglite': [ '0.3.15' ],
53 silly audit   '@electric-sql/pglite-socket': [ '0.0.20' ],
53 silly audit   '@electric-sql/pglite-tools': [ '0.2.20' ],
53 silly audit   '@emnapi/core': [ '1.8.1' ],
53 silly audit   '@emnapi/runtime': [ '1.8.1' ],
53 silly audit   '@emnapi/wasi-threads': [ '1.1.0' ],
53 silly audit   '@eslint-community/eslint-utils': [ '4.9.1' ],
53 silly audit   'eslint-visitor-keys': [ '3.4.3', '5.0.1', '4.2.1' ],
53 silly audit   '@eslint-community/regexpp': [ '4.12.2' ],
53 silly audit   '@eslint/config-array': [ '0.21.2' ],
53 silly audit   '@eslint/config-helpers': [ '0.4.2' ],
53 silly audit   '@eslint/core': [ '0.17.0' ],
53 silly audit   '@eslint/eslintrc': [ '3.3.5' ],
53 silly audit   '@eslint/js': [ '9.39.4' ],
53 silly audit   '@eslint/object-schema': [ '2.1.7' ],
53 silly audit   '@eslint/plugin-kit': [ '0.4.1' ],
53 silly audit   '@hono/node-server': [ '1.19.9' ],
53 silly audit   '@humanfs/core': [ '0.19.1' ],
53 silly audit   '@humanfs/node': [ '0.16.7' ],
53 silly audit   '@humanwhocodes/module-importer': [ '1.0.1' ],
53 silly audit   '@humanwhocodes/retry': [ '0.4.3' ],
53 silly audit   '@img/colour': [ '1.1.0' ],
53 silly audit   '@img/sharp-darwin-arm64': [ '0.34.5' ],
53 silly audit   '@img/sharp-darwin-x64': [ '0.34.5' ],
53 silly audit   '@img/sharp-libvips-darwin-arm64': [ '1.2.4' ],
53 silly audit   '@img/sharp-libvips-darwin-x64': [ '1.2.4' ],
53 silly audit   '@img/sharp-libvips-linux-arm': [ '1.2.4' ],
53 silly audit   '@img/sharp-libvips-linux-arm64': [ '1.2.4' ],
53 silly audit   '@img/sharp-libvips-linux-ppc64': [ '1.2.4' ],
53 silly audit   '@img/sharp-libvips-linux-riscv64': [ '1.2.4' ],
53 silly audit   '@img/sharp-libvips-linux-s390x': [ '1.2.4' ],
53 silly audit   '@img/sharp-libvips-linux-x64': [ '1.2.4' ],
53 silly audit   '@img/sharp-libvips-linuxmusl-arm64': [ '1.2.4' ],
53 silly audit   '@img/sharp-libvips-linuxmusl-x64': [ '1.2.4' ],
53 silly audit   '@img/sharp-linux-arm': [ '0.34.5' ],
53 silly audit   '@img/sharp-linux-arm64': [ '0.34.5' ],
53 silly audit   '@img/sharp-linux-ppc64': [ '0.34.5' ],
53 silly audit   '@img/sharp-linux-riscv64': [ '0.34.5' ],
53 silly audit   '@img/sharp-linux-s390x': [ '0.34.5' ],
53 silly audit   '@img/sharp-linux-x64': [ '0.34.5' ],
53 silly audit   '@img/sharp-linuxmusl-arm64': [ '0.34.5' ],
53 silly audit   '@img/sharp-linuxmusl-x64': [ '0.34.5' ],
53 silly audit   '@img/sharp-wasm32': [ '0.34.5' ],
53 silly audit   '@img/sharp-win32-arm64': [ '0.34.5' ],
53 silly audit   '@img/sharp-win32-ia32': [ '0.34.5' ],
53 silly audit   '@img/sharp-win32-x64': [ '0.34.5' ],
53 silly audit   '@jridgewell/gen-mapping': [ '0.3.13' ],
53 silly audit   '@jridgewell/remapping': [ '2.3.5' ],
53 silly audit   '@jridgewell/resolve-uri': [ '3.1.2' ],
53 silly audit   '@jridgewell/sourcemap-codec': [ '1.5.5' ],
53 silly audit   '@jridgewell/trace-mapping': [ '0.3.31' ],
53 silly audit   '@mrleebo/prisma-ast': [ '0.13.1' ],
53 silly audit   '@napi-rs/wasm-runtime': [ '0.2.12' ],
53 silly audit   '@next/env': [ '16.1.6' ],
53 silly audit   '@next/eslint-plugin-next': [ '16.1.6' ],
53 silly audit   '@next/swc-darwin-arm64': [ '16.1.6' ],
53 silly audit   '@next/swc-darwin-x64': [ '16.1.6' ],
53 silly audit   '@next/swc-linux-arm64-gnu': [ '16.1.6' ],
53 silly audit   '@next/swc-linux-arm64-musl': [ '16.1.6' ],
53 silly audit   '@next/swc-linux-x64-gnu': [ '16.1.6' ],
53 silly audit   '@next/swc-linux-x64-musl': [ '16.1.6' ],
53 silly audit   '@next/swc-win32-arm64-msvc': [ '16.1.6' ],
53 silly audit   '@next/swc-win32-x64-msvc': [ '16.1.6' ],
53 silly audit   '@nodelib/fs.scandir': [ '2.1.5' ],
53 silly audit   '@nodelib/fs.stat': [ '2.0.5' ],
53 silly audit   '@nodelib/fs.walk': [ '1.2.8' ],
53 silly audit   '@nolyfill/is-core-module': [ '1.0.39' ],
53 silly audit   '@prisma/adapter-better-sqlite3': [ '7.5.0' ],
53 silly audit   '@prisma/client': [ '7.5.0' ],
53 silly audit   '@prisma/client-runtime-utils': [ '7.5.0' ],
53 silly audit   '@prisma/config': [ '7.5.0' ],
53 silly audit   '@prisma/debug': [ '7.5.0', '7.2.0' ],
53 silly audit   '@prisma/dev': [ '0.20.0' ],
53 silly audit   '@prisma/driver-adapter-utils': [ '7.5.0' ],
53 silly audit   '@prisma/engines': [ '7.5.0' ],
53 silly audit   '@prisma/engines-version': [ '7.5.0-15.280c870be64f457428992c43c1f6d557fab6e29e' ],
53 silly audit   '@prisma/get-platform': [ '7.5.0', '7.2.0' ],
53 silly audit   '@prisma/fetch-engine': [ '7.5.0' ],
53 silly audit   '@prisma/query-plan-executor': [ '7.2.0' ],
53 silly audit   '@prisma/studio-core': [ '0.21.1' ],
53 silly audit   '@rtsao/scc': [ '1.1.0' ],
53 silly audit   '@standard-schema/spec': [ '1.1.0' ],
53 silly audit   '@swc/helpers': [ '0.5.15' ],
53 silly audit   '@tailwindcss/node': [ '4.2.1' ],
53 silly audit   '@tailwindcss/oxide': [ '4.2.1' ],
53 silly audit   '@tailwindcss/oxide-android-arm64': [ '4.2.1' ],
53 silly audit   '@tailwindcss/oxide-darwin-arm64': [ '4.2.1' ],
53 silly audit   '@tailwindcss/oxide-darwin-x64': [ '4.2.1' ],
53 silly audit   '@tailwindcss/oxide-freebsd-x64': [ '4.2.1' ],
53 silly audit   '@tailwindcss/oxide-linux-arm-gnueabihf': [ '4.2.1' ],
53 silly audit   '@tailwindcss/oxide-linux-arm64-gnu': [ '4.2.1' ],
53 silly audit   '@tailwindcss/oxide-linux-arm64-musl': [ '4.2.1' ],
53 silly audit   '@tailwindcss/oxide-linux-x64-gnu': [ '4.2.1' ],
53 silly audit   '@tailwindcss/oxide-linux-x64-musl': [ '4.2.1' ],
53 silly audit   '@tailwindcss/oxide-win32-arm64-msvc': [ '4.2.1' ],
53 silly audit   '@tailwindcss/oxide-win32-x64-msvc': [ '4.2.1' ],
53 silly audit   '@tailwindcss/postcss': [ '4.2.1' ],
53 silly audit   '@tybys/wasm-util': [ '0.10.1' ],
53 silly audit   '@types/estree': [ '1.0.8' ],
53 silly audit   '@types/json-schema': [ '7.0.15' ],
53 silly audit   '@types/json5': [ '0.0.29' ],
53 silly audit   '@types/node': [ '20.19.37' ],
53 silly audit   '@types/react': [ '19.2.14' ],
53 silly audit   '@types/react-dom': [ '19.2.3' ],
53 silly audit   '@typescript-eslint/eslint-plugin': [ '8.57.0' ],
53 silly audit   ignore: [ '7.0.5', '5.3.2' ],
53 silly audit   '@typescript-eslint/parser': [ '8.57.0' ],
53 silly audit   '@typescript-eslint/project-service': [ '8.57.0' ],
53 silly audit   '@typescript-eslint/scope-manager': [ '8.57.0' ],
53 silly audit   '@typescript-eslint/tsconfig-utils': [ '8.57.0' ],
53 silly audit   '@typescript-eslint/type-utils': [ '8.57.0' ],
53 silly audit   '@typescript-eslint/types': [ '8.57.0' ],
53 silly audit   '@typescript-eslint/typescript-estree': [ '8.57.0' ],
53 silly audit   'balanced-match': [ '4.0.4', '1.0.2' ],
53 silly audit   'brace-expansion': [ '5.0.4', '1.1.12' ],
53 silly audit   minimatch: [ '10.2.4', '3.1.5' ],
53 silly audit   semver: [ '7.7.4', '6.3.1' ],
53 silly audit   '@typescript-eslint/utils': [ '8.57.0' ],
53 silly audit   '@typescript-eslint/visitor-keys': [ '8.57.0' ],
53 silly audit   '@unrs/resolver-binding-android-arm-eabi': [ '1.11.1' ],
53 silly audit   '@unrs/resolver-binding-android-arm64': [ '1.11.1' ],
53 silly audit   '@unrs/resolver-binding-darwin-arm64': [ '1.11.1' ],
53 silly audit   '@unrs/resolver-binding-darwin-x64': [ '1.11.1' ],
53 silly audit   '@unrs/resolver-binding-freebsd-x64': [ '1.11.1' ],
53 silly audit   '@unrs/resolver-binding-linux-arm-gnueabihf': [ '1.11.1' ],
53 silly audit   '@unrs/resolver-binding-linux-arm-musleabihf': [ '1.11.1' ],
53 silly audit   '@unrs/resolver-binding-linux-arm64-gnu': [ '1.11.1' ],
53 silly audit   '@unrs/resolver-binding-linux-arm64-musl': [ '1.11.1' ],
53 silly audit   '@unrs/resolver-binding-linux-ppc64-gnu': [ '1.11.1' ],
53 silly audit   '@unrs/resolver-binding-linux-riscv64-gnu': [ '1.11.1' ],
53 silly audit   '@unrs/resolver-binding-linux-riscv64-musl': [ '1.11.1' ],
53 silly audit   '@unrs/resolver-binding-linux-s390x-gnu': [ '1.11.1' ],
53 silly audit   '@unrs/resolver-binding-linux-x64-gnu': [ '1.11.1' ],
53 silly audit   '@unrs/resolver-binding-linux-x64-musl': [ '1.11.1' ],
53 silly audit   '@unrs/resolver-binding-wasm32-wasi': [ '1.11.1' ],
53 silly audit   '@unrs/resolver-binding-win32-arm64-msvc': [ '1.11.1' ],
53 silly audit   '@unrs/resolver-binding-win32-ia32-msvc': [ '1.11.1' ],
53 silly audit   '@unrs/resolver-binding-win32-x64-msvc': [ '1.11.1' ],
53 silly audit   acorn: [ '8.16.0' ],
53 silly audit   'acorn-jsx': [ '5.3.2' ],
53 silly audit   ajv: [ '6.14.0' ],
53 silly audit   'ansi-styles': [ '4.3.0' ],
53 silly audit   argparse: [ '2.0.1' ],
53 silly audit   'aria-query': [ '5.3.2' ],
53 silly audit   'array-buffer-byte-length': [ '1.0.2' ],
53 silly audit   'array-includes': [ '3.1.9' ],
53 silly audit   'array.prototype.findlast': [ '1.2.5' ],
53 silly audit   'array.prototype.findlastindex': [ '1.2.6' ],
53 silly audit   'array.prototype.flat': [ '1.3.3' ],
53 silly audit   'array.prototype.flatmap': [ '1.3.3' ],
53 silly audit   'array.prototype.tosorted': [ '1.1.4' ],
53 silly audit   'arraybuffer.prototype.slice': [ '1.0.4' ],
53 silly audit   'ast-types-flow': [ '0.0.8' ],
53 silly audit   'async-function': [ '1.0.0' ],
53 silly audit   'available-typed-arrays': [ '1.0.7' ],
53 silly audit   'aws-ssl-profiles': [ '1.1.2' ],
53 silly audit   'axe-core': [ '4.11.1' ],
53 silly audit   'axobject-query': [ '4.1.0' ],
53 silly audit   'base64-js': [ '1.5.1' ],
53 silly audit   'baseline-browser-mapping': [ '2.10.0' ],
53 silly audit   'better-sqlite3': [ '12.6.2' ],
53 silly audit   bindings: [ '1.5.0' ],
53 silly audit   bl: [ '4.1.0' ],
53 silly audit   braces: [ '3.0.3' ],
53 silly audit   browserslist: [ '4.28.1' ],
53 silly audit   buffer: [ '5.7.1' ],
53 silly audit   c12: [ '3.1.0' ],
53 silly audit   dotenv: [ '16.6.1', '17.3.1' ],
53 silly audit   'call-bind': [ '1.0.8' ],
53 silly audit   'call-bind-apply-helpers': [ '1.0.2' ],
53 silly audit   'call-bound': [ '1.0.4' ],
53 silly audit   callsites: [ '3.1.0' ],
53 silly audit   'caniuse-lite': [ '1.0.30001777' ],
53 silly audit   chalk: [ '4.1.2' ],
53 silly audit   chevrotain: [ '10.5.0' ],
53 silly audit   chokidar: [ '4.0.3' ],
53 silly audit   chownr: [ '1.1.4' ],
53 silly audit   citty: [ '0.1.6', '0.2.1' ],
53 silly audit   'client-only': [ '0.0.1' ],
53 silly audit   'color-convert': [ '2.0.1' ],
53 silly audit   'color-name': [ '1.1.4' ],
53 silly audit   'concat-map': [ '0.0.1' ],
53 silly audit   confbox: [ '0.2.4' ],
53 silly audit   consola: [ '3.4.2' ],
53 silly audit   'convert-source-map': [ '2.0.0' ],
53 silly audit   'cross-spawn': [ '7.0.6' ],
53 silly audit   csstype: [ '3.2.3' ],
53 silly audit   'damerau-levenshtein': [ '1.0.8' ],
53 silly audit   'data-view-buffer': [ '1.0.2' ],
53 silly audit   'data-view-byte-length': [ '1.0.2' ],
53 silly audit   'data-view-byte-offset': [ '1.0.1' ],
53 silly audit   debug: [ '4.4.3', '3.2.7' ],
53 silly audit   'decompress-response': [ '6.0.0' ],
53 silly audit   'deep-extend': [ '0.6.0' ],
53 silly audit   'deep-is': [ '0.1.4' ],
53 silly audit   'deepmerge-ts': [ '7.1.5' ],
53 silly audit   'define-data-property': [ '1.1.4' ],
53 silly audit   'define-properties': [ '1.2.1' ],
53 silly audit   defu: [ '6.1.4' ],
53 silly audit   denque: [ '2.1.0' ],
53 silly audit   destr: [ '2.0.5' ],
53 silly audit   'detect-libc': [ '2.1.2' ],
53 silly audit   doctrine: [ '2.1.0' ],
53 silly audit   'dunder-proto': [ '1.0.1' ],
53 silly audit   effect: [ '3.18.4' ],
53 silly audit   'electron-to-chromium': [ '1.5.307' ],
53 silly audit   'emoji-regex': [ '9.2.2' ],
53 silly audit   empathic: [ '2.0.0' ],
53 silly audit   'end-of-stream': [ '1.4.5' ],
53 silly audit   'enhanced-resolve': [ '5.20.0' ],
53 silly audit   'es-abstract': [ '1.24.1' ],
53 silly audit   'es-define-property': [ '1.0.1' ],
53 silly audit   'es-errors': [ '1.3.0' ],
53 silly audit   'es-iterator-helpers': [ '1.3.0' ],
53 silly audit   'es-object-atoms': [ '1.1.1' ],
53 silly audit   'es-set-tostringtag': [ '2.1.0' ],
53 silly audit   'es-shim-unscopables': [ '1.1.0' ],
53 silly audit   'es-to-primitive': [ '1.3.0' ],
53 silly audit   escalade: [ '3.2.0' ],
53 silly audit   'escape-string-regexp': [ '4.0.0' ],
53 silly audit   eslint: [ '9.39.4' ],
53 silly audit   'eslint-config-next': [ '16.1.6' ],
53 silly audit   globals: [ '16.4.0', '14.0.0' ],
53 silly audit   'eslint-import-resolver-node': [ '0.3.9' ],
53 silly audit   'eslint-import-resolver-typescript': [ '3.10.1' ],
53 silly audit   'eslint-module-utils': [ '2.12.1' ],
53 silly audit   'eslint-plugin-import': [ '2.32.0' ],
53 silly audit   'eslint-plugin-jsx-a11y': [ '6.10.2' ],
53 silly audit   'eslint-plugin-react': [ '7.37.5' ],
53 silly audit   'eslint-plugin-react-hooks': [ '7.0.1' ],
53 silly audit   resolve: [ '2.0.0-next.6', '1.22.11' ],
53 silly audit   'eslint-scope': [ '8.4.0' ],
53 silly audit   espree: [ '10.4.0' ],
53 silly audit   esquery: [ '1.7.0' ],
53 silly audit   esrecurse: [ '4.3.0' ],
53 silly audit   estraverse: [ '5.3.0' ],
53 silly audit   esutils: [ '2.0.3' ],
53 silly audit   'expand-template': [ '2.0.3' ],
53 silly audit   exsolve: [ '1.0.8' ],
53 silly audit   'fast-check': [ '3.23.2' ],
53 silly audit   'fast-deep-equal': [ '3.1.3' ],
53 silly audit   'fast-glob': [ '3.3.1' ],
53 silly audit   'glob-parent': [ '5.1.2', '6.0.2' ],
53 silly audit   'fast-json-stable-stringify': [ '2.1.0' ],
53 silly audit   'fast-levenshtein': [ '2.0.6' ],
53 silly audit   fastq: [ '1.20.1' ],
53 silly audit   'file-entry-cache': [ '8.0.0' ],
53 silly audit   'file-uri-to-path': [ '1.0.0' ],
53 silly audit   'fill-range': [ '7.1.1' ],
53 silly audit   'find-up': [ '5.0.0' ],
53 silly audit   'flat-cache': [ '4.0.1' ],
53 silly audit   flatted: [ '3.4.1' ],
53 silly audit   'for-each': [ '0.3.5' ],
53 silly audit   'foreground-child': [ '3.3.1' ],
53 silly audit   'fs-constants': [ '1.0.0' ],
53 silly audit   'function-bind': [ '1.1.2' ],
53 silly audit   'function.prototype.name': [ '1.1.8' ],
53 silly audit   'functions-have-names': [ '1.2.3' ],
53 silly audit   'generate-function': [ '2.3.1' ],
53 silly audit   'generator-function': [ '2.0.1' ],
53 silly audit   gensync: [ '1.0.0-beta.2' ],
53 silly audit   'get-intrinsic': [ '1.3.0' ],
53 silly audit   'get-port-please': [ '3.2.0' ],
53 silly audit   'get-proto': [ '1.0.1' ],
53 silly audit   'get-symbol-description': [ '1.1.0' ],
53 silly audit   'get-tsconfig': [ '4.13.6' ],
53 silly audit   giget: [ '2.0.0' ],
53 silly audit   'github-from-package': [ '0.0.0' ],
53 silly audit   globalthis: [ '1.0.4' ],
53 silly audit   gopd: [ '1.2.0' ],
53 silly audit   'graceful-fs': [ '4.2.11' ],
53 silly audit   grammex: [ '3.1.12' ],
53 silly audit   graphmatch: [ '1.1.1' ],
53 silly audit   'has-bigints': [ '1.1.0' ],
53 silly audit   'has-flag': [ '4.0.0' ],
53 silly audit   'has-property-descriptors': [ '1.0.2' ],
53 silly audit   'has-proto': [ '1.2.0' ],
53 silly audit   'has-symbols': [ '1.1.0' ],
53 silly audit   'has-tostringtag': [ '1.0.2' ],
53 silly audit   hasown: [ '2.0.2' ],
53 silly audit   'hermes-estree': [ '0.25.1' ],
53 silly audit   'hermes-parser': [ '0.25.1' ],
53 silly audit   hono: [ '4.11.4' ],
53 silly audit   'http-status-codes': [ '2.3.0' ],
53 silly audit   'iconv-lite': [ '0.7.2' ],
53 silly audit   ieee754: [ '1.2.1' ],
53 silly audit   'import-fresh': [ '3.3.1' ],
53 silly audit   imurmurhash: [ '0.1.4' ],
53 silly audit   inherits: [ '2.0.4' ],
53 silly audit   ini: [ '1.3.8' ],
53 silly audit   'internal-slot': [ '1.1.0' ],
53 silly audit   'is-array-buffer': [ '3.0.5' ],
53 silly audit   'is-async-function': [ '2.1.1' ],
53 silly audit   'is-bigint': [ '1.1.0' ],
53 silly audit   'is-boolean-object': [ '1.2.2' ],
53 silly audit   'is-bun-module': [ '2.0.0' ],
53 silly audit   'is-callable': [ '1.2.7' ],
53 silly audit   'is-core-module': [ '2.16.1' ],
53 silly audit   'is-data-view': [ '1.0.2' ],
53 silly audit   'is-date-object': [ '1.1.0' ],
53 silly audit   'is-extglob': [ '2.1.1' ],
53 silly audit   'is-finalizationregistry': [ '1.1.1' ],
53 silly audit   'is-generator-function': [ '1.1.2' ],
53 silly audit   'is-glob': [ '4.0.3' ],
53 silly audit   'is-map': [ '2.0.3' ],
53 silly audit   'is-negative-zero': [ '2.0.3' ],
53 silly audit   'is-number': [ '7.0.0' ],
53 silly audit   'is-number-object': [ '1.1.1' ],
53 silly audit   'is-property': [ '1.0.2' ],
53 silly audit   'is-regex': [ '1.2.1' ],
53 silly audit   'is-set': [ '2.0.3' ],
53 silly audit   'is-shared-array-buffer': [ '1.0.4' ],
53 silly audit   'is-string': [ '1.1.1' ],
53 silly audit   'is-symbol': [ '1.1.1' ],
53 silly audit   'is-typed-array': [ '1.1.15' ],
53 silly audit   'is-weakmap': [ '2.0.2' ],
53 silly audit   'is-weakref': [ '1.1.1' ],
53 silly audit   'is-weakset': [ '2.0.4' ],
53 silly audit   isarray: [ '2.0.5' ],
53 silly audit   isexe: [ '2.0.0' ],
53 silly audit   'iterator.prototype': [ '1.1.5' ],
53 silly audit   jiti: [ '2.6.1' ],
53 silly audit   'js-tokens': [ '4.0.0' ],
53 silly audit   'js-yaml': [ '4.1.1' ],
53 silly audit   jsesc: [ '3.1.0' ],
53 silly audit   'json-buffer': [ '3.0.1' ],
53 silly audit   'json-schema-traverse': [ '0.4.1' ],
53 silly audit   'json-stable-stringify-without-jsonify': [ '1.0.1' ],
53 silly audit   json5: [ '2.2.3', '1.0.2' ],
53 silly audit   'jsx-ast-utils': [ '3.3.5' ],
53 silly audit   keyv: [ '4.5.4' ],
53 silly audit   'language-subtag-registry': [ '0.3.23' ],
53 silly audit   'language-tags': [ '1.0.9' ],
53 silly audit   levn: [ '0.4.1' ],
53 silly audit   lightningcss: [ '1.31.1' ],
53 silly audit   'lightningcss-android-arm64': [ '1.31.1' ],
53 silly audit   'lightningcss-darwin-arm64': [ '1.31.1' ],
53 silly audit   'lightningcss-darwin-x64': [ '1.31.1' ],
53 silly audit   'lightningcss-freebsd-x64': [ '1.31.1' ],
53 silly audit   'lightningcss-linux-arm-gnueabihf': [ '1.31.1' ],
53 silly audit   'lightningcss-linux-arm64-gnu': [ '1.31.1' ],
53 silly audit   'lightningcss-linux-arm64-musl': [ '1.31.1' ],
53 silly audit   'lightningcss-linux-x64-gnu': [ '1.31.1' ],
53 silly audit   'lightningcss-linux-x64-musl': [ '1.31.1' ],
53 silly audit   'lightningcss-win32-arm64-msvc': [ '1.31.1' ],
53 silly audit   'lightningcss-win32-x64-msvc': [ '1.31.1' ],
53 silly audit   lilconfig: [ '2.1.0' ],
53 silly audit   'locate-path': [ '6.0.0' ],
53 silly audit   lodash: [ '4.17.21' ],
53 silly audit   'lodash.merge': [ '4.6.2' ],
53 silly audit   long: [ '5.3.2' ],
53 silly audit   'loose-envify': [ '1.4.0' ],
53 silly audit   'lru-cache': [ '5.1.1' ],
53 silly audit   'lru.min': [ '1.1.4' ],
53 silly audit   'magic-string': [ '0.30.21' ],
53 silly audit   'math-intrinsics': [ '1.1.0' ],
53 silly audit   merge2: [ '1.4.1' ],
53 silly audit   micromatch: [ '4.0.8' ],
53 silly audit   'mimic-response': [ '3.1.0' ],
53 silly audit   minimist: [ '1.2.8' ],
53 silly audit   'mkdirp-classic': [ '0.5.3' ],
53 silly audit   ms: [ '2.1.3' ],
53 silly audit   mysql2: [ '3.15.3' ],
53 silly audit   'named-placeholders': [ '1.1.6' ],
53 silly audit   nanoid: [ '3.3.11' ],
53 silly audit   'napi-build-utils': [ '2.0.0' ],
53 silly audit   'napi-postinstall': [ '0.3.4' ],
53 silly audit   'natural-compare': [ '1.4.0' ],
53 silly audit   next: [ '16.1.6' ],
53 silly audit   postcss: [ '8.4.31', '8.5.8' ],
53 silly audit   'node-abi': [ '3.88.0' ],
53 silly audit   'node-exports-info': [ '1.6.0' ],
53 silly audit   'node-fetch-native': [ '1.6.7' ],
53 silly audit   'node-releases': [ '2.0.36' ],
53 silly audit   nypm: [ '0.6.5' ],
53 silly audit   'object-assign': [ '4.1.1' ],
53 silly audit   'object-inspect': [ '1.13.4' ],
53 silly audit   'object-keys': [ '1.1.1' ],
53 silly audit   'object.assign': [ '4.1.7' ],
53 silly audit   'object.entries': [ '1.1.9' ],
53 silly audit   'object.fromentries': [ '2.0.8' ],
53 silly audit   'object.groupby': [ '1.0.3' ],
53 silly audit   'object.values': [ '1.2.1' ],
53 silly audit   ohash: [ '2.0.11' ],
53 silly audit   once: [ '1.4.0' ],
53 silly audit   optionator: [ '0.9.4' ],
53 silly audit   'own-keys': [ '1.0.1' ],
53 silly audit   'p-limit': [ '3.1.0' ],
53 silly audit   'p-locate': [ '5.0.0' ],
53 silly audit   'parent-module': [ '1.0.1' ],
53 silly audit   'path-exists': [ '4.0.0' ],
53 silly audit   'path-key': [ '3.1.1' ],
53 silly audit   'path-parse': [ '1.0.7' ],
53 silly audit   pathe: [ '2.0.3' ],
53 silly audit   'perfect-debounce': [ '1.0.0' ],
53 silly audit   picocolors: [ '1.1.1' ],
53 silly audit   picomatch: [ '2.3.1', '4.0.3' ],
53 silly audit   'pkg-types': [ '2.3.0' ],
53 silly audit   'possible-typed-array-names': [ '1.1.0' ],
53 silly audit   postgres: [ '3.4.7' ],
53 silly audit   'prebuild-install': [ '7.1.3' ],
53 silly audit   'prelude-ls': [ '1.2.1' ],
53 silly audit   prisma: [ '7.5.0' ],
53 silly audit   'prop-types': [ '15.8.1' ],
53 silly audit   'proper-lockfile': [ '4.1.2' ],
53 silly audit   'signal-exit': [ '3.0.7', '4.1.0' ],
53 silly audit   pump: [ '3.0.4' ],
53 silly audit   punycode: [ '2.3.1' ],
53 silly audit   'pure-rand': [ '6.1.0' ],
53 silly audit   'queue-microtask': [ '1.2.3' ],
53 silly audit   rc: [ '1.2.8' ],
53 silly audit   'strip-json-comments': [ '2.0.1', '3.1.1' ],
53 silly audit   rc9: [ '2.1.2' ],
53 silly audit   react: [ '19.2.3' ],
53 silly audit   'react-dom': [ '19.2.3' ],
53 silly audit   'react-is': [ '16.13.1' ],
53 silly audit   'readable-stream': [ '3.6.2' ],
53 silly audit   readdirp: [ '4.1.2' ],
53 silly audit   'reflect.getprototypeof': [ '1.0.10' ],
53 silly audit   'regexp-to-ast': [ '0.5.0' ],
53 silly audit   'regexp.prototype.flags': [ '1.5.4' ],
53 silly audit   remeda: [ '2.33.4' ],
53 silly audit   'resolve-from': [ '4.0.0' ],
53 silly audit   'resolve-pkg-maps': [ '1.0.0' ],
53 silly audit   retry: [ '0.12.0', '0.13.1' ],
53 silly audit   reusify: [ '1.1.0' ],
53 silly audit   'run-parallel': [ '1.2.0' ],
53 silly audit   'safe-array-concat': [ '1.1.3' ],
53 silly audit   'safe-buffer': [ '5.2.1' ],
53 silly audit   'safe-push-apply': [ '1.0.0' ],
53 silly audit   'safe-regex-test': [ '1.1.0' ],
53 silly audit   'safer-buffer': [ '2.1.2' ],
53 silly audit   scheduler: [ '0.27.0' ],
53 silly audit   'seq-queue': [ '0.0.5' ],
53 silly audit   'set-function-length': [ '1.2.2' ],
53 silly audit   'set-function-name': [ '2.0.2' ],
53 silly audit   'set-proto': [ '1.0.0' ],
53 silly audit   sharp: [ '0.34.5' ],
53 silly audit   'shebang-command': [ '2.0.0' ],
53 silly audit   'shebang-regex': [ '3.0.0' ],
53 silly audit   'side-channel': [ '1.1.0' ],
53 silly audit   'side-channel-list': [ '1.0.0' ],
53 silly audit   'side-channel-map': [ '1.0.1' ],
53 silly audit   'side-channel-weakmap': [ '1.0.2' ],
53 silly audit   'simple-concat': [ '1.0.1' ],
53 silly audit   'simple-get': [ '4.0.1' ],
53 silly audit   'source-map-js': [ '1.2.1' ],
53 silly audit   sqlstring: [ '2.3.3' ],
53 silly audit   'stable-hash': [ '0.0.5' ],
53 silly audit   'std-env': [ '3.10.0' ],
53 silly audit   'stop-iteration-iterator': [ '1.1.0' ],
53 silly audit   string_decoder: [ '1.3.0' ],
53 silly audit   'string.prototype.includes': [ '2.0.1' ],
53 silly audit   'string.prototype.matchall': [ '4.0.12' ],
53 silly audit   'string.prototype.repeat': [ '1.0.0' ],
53 silly audit   'string.prototype.trim': [ '1.2.10' ],
53 silly audit   'string.prototype.trimend': [ '1.0.9' ],
53 silly audit   'string.prototype.trimstart': [ '1.0.8' ],
53 silly audit   'strip-bom': [ '3.0.0' ],
53 silly audit   'styled-jsx': [ '5.1.6' ],
53 silly audit   'supports-color': [ '7.2.0' ],
53 silly audit   'supports-preserve-symlinks-flag': [ '1.0.0' ],
53 silly audit   tailwindcss: [ '4.2.1' ],
53 silly audit   tapable: [ '2.3.0' ],
53 silly audit   'tar-fs': [ '2.1.4' ],
53 silly audit   'tar-stream': [ '2.2.0' ],
53 silly audit   tinyexec: [ '1.0.2' ],
53 silly audit   tinyglobby: [ '0.2.15' ],
53 silly audit   fdir: [ '6.5.0' ],
53 silly audit   'to-regex-range': [ '5.0.1' ],
53 silly audit   'ts-api-utils': [ '2.4.0' ],
53 silly audit   'tsconfig-paths': [ '3.15.0' ],
53 silly audit   tslib: [ '2.8.1' ],
53 silly audit   'tunnel-agent': [ '0.6.0' ],
53 silly audit   'type-check': [ '0.4.0' ],
53 silly audit   'typed-array-buffer': [ '1.0.3' ],
53 silly audit   'typed-array-byte-length': [ '1.0.3' ],
53 silly audit   'typed-array-byte-offset': [ '1.0.4' ],
53 silly audit   'typed-array-length': [ '1.0.7' ],
53 silly audit   typescript: [ '5.9.3' ],
53 silly audit   'typescript-eslint': [ '8.57.0' ],
53 silly audit   'unbox-primitive': [ '1.1.0' ],
53 silly audit   'undici-types': [ '6.21.0' ],
53 silly audit   'unrs-resolver': [ '1.11.1' ],
53 silly audit   'update-browserslist-db': [ '1.2.3' ],
53 silly audit   'uri-js': [ '4.4.1' ],
53 silly audit   'util-deprecate': [ '1.0.2' ],
53 silly audit   valibot: [ '1.2.0' ],
53 silly audit   which: [ '2.0.2' ],
53 silly audit   'which-boxed-primitive': [ '1.1.1' ],
53 silly audit   'which-builtin-type': [ '1.2.1' ],
53 silly audit   'which-collection': [ '1.0.2' ],
53 silly audit   'which-typed-array': [ '1.1.20' ],
53 silly audit   'word-wrap': [ '1.2.5' ],
53 silly audit   wrappy: [ '1.0.2' ],
53 silly audit   yallist: [ '3.1.1' ],
53 silly audit   'yocto-queue': [ '0.1.0' ],
53 silly audit   zeptomatch: [ '2.1.0' ],
53 silly audit   zod: [ '4.3.6' ],
53 silly audit   'zod-validation-error': [ '4.0.2' ],
53 silly audit   '@vercel/blob': [ '2.3.1' ],
53 silly audit   'async-retry': [ '1.3.3' ],
53 silly audit   'is-buffer': [ '2.0.5' ],
53 silly audit   'is-node-process': [ '1.2.0' ],
53 silly audit   throttleit: [ '2.1.0' ],
53 silly audit   undici: [ '6.23.0' ],
53 silly audit   '@tailwindcss/oxide-wasm32-wasi': [ '4.2.1' ]
53 silly audit }
54 verbose reify failed optional dependency /Users/davecarr/Desktop/Floral pos system/floravision/node_modules/lightningcss-win32-x64-msvc
55 silly reify mark deleted [
55 silly reify   '/Users/davecarr/Desktop/Floral pos system/floravision/node_modules/lightningcss-win32-x64-msvc'
55 silly reify ]
56 verbose reify failed optional dependency /Users/davecarr/Desktop/Floral pos system/floravision/node_modules/lightningcss-win32-arm64-msvc
57 silly reify mark deleted [
57 silly reify   '/Users/davecarr/Desktop/Floral pos system/floravision/node_modules/lightningcss-win32-arm64-msvc'
57 silly reify ]
58 verbose reify failed optional dependency /Users/davecarr/Desktop/Floral pos system/floravision/node_modules/lightningcss-linux-x64-musl
59 silly reify mark deleted [
59 silly reify   '/Users/davecarr/Desktop/Floral pos system/floravision/node_modules/lightningcss-linux-x64-musl'
59 silly reify ]
60 verbose reify failed optional dependency /Users/davecarr/Desktop/Floral pos system/floravision/node_modules/lightningcss-linux-x64-gnu
61 silly reify mark deleted [
61 silly reify   '/Users/davecarr/Desktop/Floral pos system/floravision/node_modules/lightningcss-linux-x64-gnu'
61 silly reify ]
62 verbose reify failed optional dependency /Users/davecarr/Desktop/Floral pos system/floravision/node_modules/lightningcss-linux-arm64-musl
63 silly reify mark deleted [
63 silly reify   '/Users/davecarr/Desktop/Floral pos system/floravision/node_modules/lightningcss-linux-arm64-musl'
63 silly reify ]
64 verbose reify failed optional dependency /Users/davecarr/Desktop/Floral pos system/floravision/node_modules/lightningcss-linux-arm64-gnu
65 silly reify mark deleted [
65 silly reify   '/Users/davecarr/Desktop/Floral pos system/floravision/node_modules/lightningcss-linux-arm64-gnu'
65 silly reify ]
66 verbose reify failed optional dependency /Users/davecarr/Desktop/Floral pos system/floravision/node_modules/lightningcss-linux-arm-gnueabihf
67 silly reify mark deleted [
67 silly reify   '/Users/davecarr/Desktop/Floral pos system/floravision/node_modules/lightningcss-linux-arm-gnueabihf'
67 silly reify ]
68 verbose reify failed optional dependency /Users/davecarr/Desktop/Floral pos system/floravision/node_modules/lightningcss-freebsd-x64
69 silly reify mark deleted [
69 silly reify   '/Users/davecarr/Desktop/Floral pos system/floravision/node_modules/lightningcss-freebsd-x64'
69 silly reify ]
70 verbose reify failed optional dependency /Users/davecarr/Desktop/Floral pos system/floravision/node_modules/lightningcss-darwin-x64
71 silly reify mark deleted [
71 silly reify   '/Users/davecarr/Desktop/Floral pos system/floravision/node_modules/lightningcss-darwin-x64'
71 silly reify ]
72 verbose reify failed optional dependency /Users/davecarr/Desktop/Floral pos system/floravision/node_modules/lightningcss-android-arm64
73 silly reify mark deleted [
73 silly reify   '/Users/davecarr/Desktop/Floral pos system/floravision/node_modules/lightningcss-android-arm64'
73 silly reify ]
74 verbose reify failed optional dependency /Users/davecarr/Desktop/Floral pos system/floravision/node_modules/@unrs/resolver-binding-win32-x64-msvc
75 silly reify mark deleted [
75 silly reify   '/Users/davecarr/Desktop/Floral pos system/floravision/node_modules/@unrs/resolver-binding-win32-x64-msvc'
75 silly reify ]
76 verbose reify failed optional dependency /Users/davecarr/Desktop/Floral pos system/floravision/node_modules/@unrs/resolver-binding-win32-ia32-msvc
77 silly reify mark deleted [
77 silly reify   '/Users/davecarr/Desktop/Floral pos system/floravision/node_modules/@unrs/resolver-binding-win32-ia32-msvc'
77 silly reify ]
78 verbose reify failed optional dependency /Users/davecarr/Desktop/Floral pos system/floravision/node_modules/@unrs/resolver-binding-win32-arm64-msvc
79 silly reify mark deleted [
79 silly reify   '/Users/davecarr/Desktop/Floral pos system/floravision/node_modules/@unrs/resolver-binding-win32-arm64-msvc'
79 silly reify ]
80 verbose reify failed optional dependency /Users/davecarr/Desktop/Floral pos system/floravision/node_modules/@unrs/resolver-binding-wasm32-wasi
81 silly reify mark deleted [
81 silly reify   '/Users/davecarr/Desktop/Floral pos system/floravision/node_modules/@unrs/resolver-binding-wasm32-wasi'
81 silly reify ]
82 verbose reify failed optional dependency /Users/davecarr/Desktop/Floral pos system/floravision/node_modules/@unrs/resolver-binding-linux-x64-musl
83 silly reify mark deleted [
83 silly reify   '/Users/davecarr/Desktop/Floral pos system/floravision/node_modules/@unrs/resolver-binding-linux-x64-musl'
83 silly reify ]
84 verbose reify failed optional dependency /Users/davecarr/Desktop/Floral pos system/floravision/node_modules/@unrs/resolver-binding-linux-x64-gnu
85 silly reify mark deleted [
85 silly reify   '/Users/davecarr/Desktop/Floral pos system/floravision/node_modules/@unrs/resolver-binding-linux-x64-gnu'
85 silly reify ]
86 verbose reify failed optional dependency /Users/davecarr/Desktop/Floral pos system/floravision/node_modules/@unrs/resolver-binding-linux-s390x-gnu
87 silly reify mark deleted [
87 silly reify   '/Users/davecarr/Desktop/Floral pos system/floravision/node_modules/@unrs/resolver-binding-linux-s390x-gnu'
87 silly reify ]
88 verbose reify failed optional dependency /Users/davecarr/Desktop/Floral pos system/floravision/node_modules/@unrs/resolver-binding-linux-riscv64-musl
89 silly reify mark deleted [
89 silly reify   '/Users/davecarr/Desktop/Floral pos system/floravision/node_modules/@unrs/resolver-binding-linux-riscv64-musl'
89 silly reify ]
90 verbose reify failed optional dependency /Users/davecarr/Desktop/Floral pos system/floravision/node_modules/@unrs/resolver-binding-linux-riscv64-gnu
91 silly reify mark deleted [
91 silly reify   '/Users/davecarr/Desktop/Floral pos system/floravision/node_modules/@unrs/resolver-binding-linux-riscv64-gnu'
91 silly reify ]
92 verbose reify failed optional dependency /Users/davecarr/Desktop/Floral pos system/floravision/node_modules/@unrs/resolver-binding-linux-ppc64-gnu
93 silly reify mark deleted [
93 silly reify   '/Users/davecarr/Desktop/Floral pos system/floravision/node_modules/@unrs/resolver-binding-linux-ppc64-gnu'
93 silly reify ]
94 verbose reify failed optional dependency /Users/davecarr/Desktop/Floral pos system/floravision/node_modules/@unrs/resolver-binding-linux-arm64-musl
95 silly reify mark deleted [
95 silly reify   '/Users/davecarr/Desktop/Floral pos system/floravision/node_modules/@unrs/resolver-binding-linux-arm64-musl'
95 silly reify ]
96 verbose reify failed optional dependency /Users/davecarr/Desktop/Floral pos system/floravision/node_modules/@unrs/resolver-binding-linux-arm64-gnu
97 silly reify mark deleted [
97 silly reify   '/Users/davecarr/Desktop/Floral pos system/floravision/node_modules/@unrs/resolver-binding-linux-arm64-gnu'
97 silly reify ]
98 verbose reify failed optional dependency /Users/davecarr/Desktop/Floral pos system/floravision/node_modules/@unrs/resolver-binding-linux-arm-musleabihf
99 silly reify mark deleted [
99 silly reify   '/Users/davecarr/Desktop/Floral pos system/floravision/node_modules/@unrs/resolver-binding-linux-arm-musleabihf'
99 silly reify ]
100 verbose reify failed optional dependency /Users/davecarr/Desktop/Floral pos system/floravision/node_modules/@unrs/resolver-binding-linux-arm-gnueabihf
101 silly reify mark deleted [
101 silly reify   '/Users/davecarr/Desktop/Floral pos system/floravision/node_modules/@unrs/resolver-binding-linux-arm-gnueabihf'
101 silly reify ]
102 verbose reify failed optional dependency /Users/davecarr/Desktop/Floral pos system/floravision/node_modules/@unrs/resolver-binding-freebsd-x64
103 silly reify mark deleted [
103 silly reify   '/Users/davecarr/Desktop/Floral pos system/floravision/node_modules/@unrs/resolver-binding-freebsd-x64'
103 silly reify ]
104 verbose reify failed optional dependency /Users/davecarr/Desktop/Floral pos system/floravision/node_modules/@unrs/resolver-binding-darwin-x64
105 silly reify mark deleted [
105 silly reify   '/Users/davecarr/Desktop/Floral pos system/floravision/node_modules/@unrs/resolver-binding-darwin-x64'
105 silly reify ]
106 verbose reify failed optional dependency /Users/davecarr/Desktop/Floral pos system/floravision/node_modules/@unrs/resolver-binding-android-arm64
107 silly reify mark deleted [
107 silly reify   '/Users/davecarr/Desktop/Floral pos system/floravision/node_modules/@unrs/resolver-binding-android-arm64'
107 silly reify ]
108 verbose reify failed optional dependency /Users/davecarr/Desktop/Floral pos system/floravision/node_modules/@unrs/resolver-binding-android-arm-eabi
109 silly reify mark deleted [
109 silly reify   '/Users/davecarr/Desktop/Floral pos system/floravision/node_modules/@unrs/resolver-binding-android-arm-eabi'
109 silly reify ]
110 verbose reify failed optional dependency /Users/davecarr/Desktop/Floral pos system/floravision/node_modules/@tailwindcss/oxide-win32-x64-msvc
111 silly reify mark deleted [
111 silly reify   '/Users/davecarr/Desktop/Floral pos system/floravision/node_modules/@tailwindcss/oxide-win32-x64-msvc'
111 silly reify ]
112 verbose reify failed optional dependency /Users/davecarr/Desktop/Floral pos system/floravision/node_modules/@tailwindcss/oxide-win32-arm64-msvc
113 silly reify mark deleted [
113 silly reify   '/Users/davecarr/Desktop/Floral pos system/floravision/node_modules/@tailwindcss/oxide-win32-arm64-msvc'
113 silly reify ]
114 verbose reify failed optional dependency /Users/davecarr/Desktop/Floral pos system/floravision/node_modules/@tailwindcss/oxide-linux-x64-musl
115 silly reify mark deleted [
115 silly reify   '/Users/davecarr/Desktop/Floral pos system/floravision/node_modules/@tailwindcss/oxide-linux-x64-musl'
115 silly reify ]
116 verbose reify failed optional dependency /Users/davecarr/Desktop/Floral pos system/floravision/node_modules/@tailwindcss/oxide-linux-x64-gnu
117 silly reify mark deleted [
117 silly reify   '/Users/davecarr/Desktop/Floral pos system/floravision/node_modules/@tailwindcss/oxide-linux-x64-gnu'
117 silly reify ]
118 verbose reify failed optional dependency /Users/davecarr/Desktop/Floral pos system/floravision/node_modules/@tailwindcss/oxide-linux-arm64-musl
119 silly reify mark deleted [
119 silly reify   '/Users/davecarr/Desktop/Floral pos system/floravision/node_modules/@tailwindcss/oxide-linux-arm64-musl'
119 silly reify ]
120 verbose reify failed optional dependency /Users/davecarr/Desktop/Floral pos system/floravision/node_modules/@tailwindcss/oxide-linux-arm64-gnu
121 silly reify mark deleted [
121 silly reify   '/Users/davecarr/Desktop/Floral pos system/floravision/node_modules/@tailwindcss/oxide-linux-arm64-gnu'
121 silly reify ]
122 verbose reify failed optional dependency /Users/davecarr/Desktop/Floral pos system/floravision/node_modules/@tailwindcss/oxide-linux-arm-gnueabihf
123 silly reify mark deleted [
123 silly reify   '/Users/davecarr/Desktop/Floral pos system/floravision/node_modules/@tailwindcss/oxide-linux-arm-gnueabihf'
123 silly reify ]
124 verbose reify failed optional dependency /Users/davecarr/Desktop/Floral pos system/floravision/node_modules/@tailwindcss/oxide-freebsd-x64
125 silly reify mark deleted [
125 silly reify   '/Users/davecarr/Desktop/Floral pos system/floravision/node_modules/@tailwindcss/oxide-freebsd-x64'
125 silly reify ]
126 verbose reify failed optional dependency /Users/davecarr/Desktop/Floral pos system/floravision/node_modules/@tailwindcss/oxide-darwin-x64
127 silly reify mark deleted [
127 silly reify   '/Users/davecarr/Desktop/Floral pos system/floravision/node_modules/@tailwindcss/oxide-darwin-x64'
127 silly reify ]
128 verbose reify failed optional dependency /Users/davecarr/Desktop/Floral pos system/floravision/node_modules/@tailwindcss/oxide-android-arm64
129 silly reify mark deleted [
129 silly reify   '/Users/davecarr/Desktop/Floral pos system/floravision/node_modules/@tailwindcss/oxide-android-arm64'
129 silly reify ]
130 verbose reify failed optional dependency /Users/davecarr/Desktop/Floral pos system/floravision/node_modules/@next/swc-win32-x64-msvc
131 silly reify mark deleted [
131 silly reify   '/Users/davecarr/Desktop/Floral pos system/floravision/node_modules/@next/swc-win32-x64-msvc'
131 silly reify ]
132 verbose reify failed optional dependency /Users/davecarr/Desktop/Floral pos system/floravision/node_modules/@next/swc-win32-arm64-msvc
133 silly reify mark deleted [
133 silly reify   '/Users/davecarr/Desktop/Floral pos system/floravision/node_modules/@next/swc-win32-arm64-msvc'
133 silly reify ]
134 verbose reify failed optional dependency /Users/davecarr/Desktop/Floral pos system/floravision/node_modules/@next/swc-linux-x64-musl
135 silly reify mark deleted [
135 silly reify   '/Users/davecarr/Desktop/Floral pos system/floravision/node_modules/@next/swc-linux-x64-musl'
135 silly reify ]
136 verbose reify failed optional dependency /Users/davecarr/Desktop/Floral pos system/floravision/node_modules/@next/swc-linux-x64-gnu
137 silly reify mark deleted [
137 silly reify   '/Users/davecarr/Desktop/Floral pos system/floravision/node_modules/@next/swc-linux-x64-gnu'
137 silly reify ]
138 verbose reify failed optional dependency /Users/davecarr/Desktop/Floral pos system/floravision/node_modules/@next/swc-linux-arm64-musl
139 silly reify mark deleted [
139 silly reify   '/Users/davecarr/Desktop/Floral pos system/floravision/node_modules/@next/swc-linux-arm64-musl'
139 silly reify ]
140 verbose reify failed optional dependency /Users/davecarr/Desktop/Floral pos system/floravision/node_modules/@next/swc-linux-arm64-gnu
141 silly reify mark deleted [
141 silly reify   '/Users/davecarr/Desktop/Floral pos system/floravision/node_modules/@next/swc-linux-arm64-gnu'
141 silly reify ]
142 verbose reify failed optional dependency /Users/davecarr/Desktop/Floral pos system/floravision/node_modules/@next/swc-darwin-x64
143 silly reify mark deleted [
143 silly reify   '/Users/davecarr/Desktop/Floral pos system/floravision/node_modules/@next/swc-darwin-x64'
143 silly reify ]
144 verbose reify failed optional dependency /Users/davecarr/Desktop/Floral pos system/floravision/node_modules/@img/sharp-win32-x64
145 silly reify mark deleted [
145 silly reify   '/Users/davecarr/Desktop/Floral pos system/floravision/node_modules/@img/sharp-win32-x64'
145 silly reify ]
146 verbose reify failed optional dependency /Users/davecarr/Desktop/Floral pos system/floravision/node_modules/@img/sharp-win32-ia32
147 silly reify mark deleted [
147 silly reify   '/Users/davecarr/Desktop/Floral pos system/floravision/node_modules/@img/sharp-win32-ia32'
147 silly reify ]
148 verbose reify failed optional dependency /Users/davecarr/Desktop/Floral pos system/floravision/node_modules/@img/sharp-win32-arm64
149 silly reify mark deleted [
149 silly reify   '/Users/davecarr/Desktop/Floral pos system/floravision/node_modules/@img/sharp-win32-arm64'
149 silly reify ]
150 verbose reify failed optional dependency /Users/davecarr/Desktop/Floral pos system/floravision/node_modules/@img/sharp-wasm32
151 silly reify mark deleted [
151 silly reify   '/Users/davecarr/Desktop/Floral pos system/floravision/node_modules/@img/sharp-wasm32'
151 silly reify ]
152 verbose reify failed optional dependency /Users/davecarr/Desktop/Floral pos system/floravision/node_modules/@img/sharp-linuxmusl-x64
153 silly reify mark deleted [
153 silly reify   '/Users/davecarr/Desktop/Floral pos system/floravision/node_modules/@img/sharp-linuxmusl-x64'
153 silly reify ]
154 verbose reify failed optional dependency /Users/davecarr/Desktop/Floral pos system/floravision/node_modules/@img/sharp-linuxmusl-arm64
155 silly reify mark deleted [
155 silly reify   '/Users/davecarr/Desktop/Floral pos system/floravision/node_modules/@img/sharp-linuxmusl-arm64'
155 silly reify ]
156 verbose reify failed optional dependency /Users/davecarr/Desktop/Floral pos system/floravision/node_modules/@img/sharp-linux-x64
157 silly reify mark deleted [
157 silly reify   '/Users/davecarr/Desktop/Floral pos system/floravision/node_modules/@img/sharp-linux-x64'
157 silly reify ]
158 verbose reify failed optional dependency /Users/davecarr/Desktop/Floral pos system/floravision/node_modules/@img/sharp-linux-s390x
159 silly reify mark deleted [
159 silly reify   '/Users/davecarr/Desktop/Floral pos system/floravision/node_modules/@img/sharp-linux-s390x'
159 silly reify ]
160 verbose reify failed optional dependency /Users/davecarr/Desktop/Floral pos system/floravision/node_modules/@img/sharp-linux-riscv64
161 silly reify mark deleted [
161 silly reify   '/Users/davecarr/Desktop/Floral pos system/floravision/node_modules/@img/sharp-linux-riscv64'
161 silly reify ]
162 verbose reify failed optional dependency /Users/davecarr/Desktop/Floral pos system/floravision/node_modules/@img/sharp-linux-ppc64
163 silly reify mark deleted [
163 silly reify   '/Users/davecarr/Desktop/Floral pos system/floravision/node_modules/@img/sharp-linux-ppc64'
163 silly reify ]
164 verbose reify failed optional dependency /Users/davecarr/Desktop/Floral pos system/floravision/node_modules/@img/sharp-linux-arm64
165 silly reify mark deleted [
165 silly reify   '/Users/davecarr/Desktop/Floral pos system/floravision/node_modules/@img/sharp-linux-arm64'
165 silly reify ]
166 verbose reify failed optional dependency /Users/davecarr/Desktop/Floral pos system/floravision/node_modules/@img/sharp-linux-arm
167 silly reify mark deleted [
167 silly reify   '/Users/davecarr/Desktop/Floral pos system/floravision/node_modules/@img/sharp-linux-arm'
167 silly reify ]
168 verbose reify failed optional dependency /Users/davecarr/Desktop/Floral pos system/floravision/node_modules/@img/sharp-libvips-linuxmusl-x64
169 silly reify mark deleted [
169 silly reify   '/Users/davecarr/Desktop/Floral pos system/floravision/node_modules/@img/sharp-libvips-linuxmusl-x64'
169 silly reify ]
170 verbose reify failed optional dependency /Users/davecarr/Desktop/Floral pos system/floravision/node_modules/@img/sharp-libvips-linuxmusl-arm64
171 silly reify mark deleted [
171 silly reify   '/Users/davecarr/Desktop/Floral pos system/floravision/node_modules/@img/sharp-libvips-linuxmusl-arm64'
171 silly reify ]
172 verbose reify failed optional dependency /Users/davecarr/Desktop/Floral pos system/floravision/node_modules/@img/sharp-libvips-linux-x64
173 silly reify mark deleted [
173 silly reify   '/Users/davecarr/Desktop/Floral pos system/floravision/node_modules/@img/sharp-libvips-linux-x64'
173 silly reify ]
174 verbose reify failed optional dependency /Users/davecarr/Desktop/Floral pos system/floravision/node_modules/@img/sharp-libvips-linux-s390x
175 silly reify mark deleted [
175 silly reify   '/Users/davecarr/Desktop/Floral pos system/floravision/node_modules/@img/sharp-libvips-linux-s390x'
175 silly reify ]
176 verbose reify failed optional dependency /Users/davecarr/Desktop/Floral pos system/floravision/node_modules/@img/sharp-libvips-linux-riscv64
177 silly reify mark deleted [
177 silly reify   '/Users/davecarr/Desktop/Floral pos system/floravision/node_modules/@img/sharp-libvips-linux-riscv64'
177 silly reify ]
178 verbose reify failed optional dependency /Users/davecarr/Desktop/Floral pos system/floravision/node_modules/@img/sharp-libvips-linux-ppc64
179 silly reify mark deleted [
179 silly reify   '/Users/davecarr/Desktop/Floral pos system/floravision/node_modules/@img/sharp-libvips-linux-ppc64'
179 silly reify ]
180 verbose reify failed optional dependency /Users/davecarr/Desktop/Floral pos system/floravision/node_modules/@img/sharp-libvips-linux-arm64
181 silly reify mark deleted [
181 silly reify   '/Users/davecarr/Desktop/Floral pos system/floravision/node_modules/@img/sharp-libvips-linux-arm64'
181 silly reify ]
182 verbose reify failed optional dependency /Users/davecarr/Desktop/Floral pos system/floravision/node_modules/@img/sharp-libvips-linux-arm
183 silly reify mark deleted [
183 silly reify   '/Users/davecarr/Desktop/Floral pos system/floravision/node_modules/@img/sharp-libvips-linux-arm'
183 silly reify ]
184 verbose reify failed optional dependency /Users/davecarr/Desktop/Floral pos system/floravision/node_modules/@img/sharp-libvips-darwin-x64
185 silly reify mark deleted [
185 silly reify   '/Users/davecarr/Desktop/Floral pos system/floravision/node_modules/@img/sharp-libvips-darwin-x64'
185 silly reify ]
186 verbose reify failed optional dependency /Users/davecarr/Desktop/Floral pos system/floravision/node_modules/@img/sharp-darwin-x64
187 silly reify mark deleted [
187 silly reify   '/Users/davecarr/Desktop/Floral pos system/floravision/node_modules/@img/sharp-darwin-x64'
187 silly reify ]
188 http cache throttleit@https://registry.npmjs.org/throttleit/-/throttleit-2.1.0.tgz 0ms (cache hit)
189 http cache is-buffer@https://registry.npmjs.org/is-buffer/-/is-buffer-2.0.5.tgz 0ms (cache hit)
190 http cache is-node-process@https://registry.npmjs.org/is-node-process/-/is-node-process-1.2.0.tgz 0ms (cache hit)
191 http cache async-retry@https://registry.npmjs.org/async-retry/-/async-retry-1.3.3.tgz 0ms (cache hit)
192 http cache undici@https://registry.npmjs.org/undici/-/undici-6.23.0.tgz 0ms (cache hit)
193 http cache @vercel/blob@https://registry.npmjs.org/@vercel/blob/-/blob-2.3.1.tgz 0ms (cache hit)
194 http cache retry@https://registry.npmjs.org/retry/-/retry-0.13.1.tgz 0ms (cache hit)
195 silly tarball no local data for throttleit@https://registry.npmjs.org/throttleit/-/throttleit-2.1.0.tgz. Extracting by manifest.
196 silly tarball no local data for is-buffer@https://registry.npmjs.org/is-buffer/-/is-buffer-2.0.5.tgz. Extracting by manifest.
197 silly tarball no local data for is-node-process@https://registry.npmjs.org/is-node-process/-/is-node-process-1.2.0.tgz. Extracting by manifest.
198 silly tarball no local data for async-retry@https://registry.npmjs.org/async-retry/-/async-retry-1.3.3.tgz. Extracting by manifest.
199 silly tarball no local data for undici@https://registry.npmjs.org/undici/-/undici-6.23.0.tgz. Extracting by manifest.
200 silly tarball no local data for @vercel/blob@https://registry.npmjs.org/@vercel/blob/-/blob-2.3.1.tgz. Extracting by manifest.
201 silly tarball no local data for retry@https://registry.npmjs.org/retry/-/retry-0.13.1.tgz. Extracting by manifest.
202 http fetch GET 200 https://registry.npmjs.org/async-retry/-/async-retry-1.3.3.tgz 61ms (cache miss)
203 http fetch GET 200 https://registry.npmjs.org/is-buffer/-/is-buffer-2.0.5.tgz 63ms (cache miss)
204 http fetch GET 200 https://registry.npmjs.org/is-node-process/-/is-node-process-1.2.0.tgz 66ms (cache miss)
205 http fetch GET 200 https://registry.npmjs.org/throttleit/-/throttleit-2.1.0.tgz 75ms (cache miss)
206 http fetch POST 200 https://registry.npmjs.org/-/npm/v1/security/advisories/bulk 141ms
207 silly audit report {
207 silly audit report   '@hono/node-server': [
207 silly audit report     {
207 silly audit report       id: 1114170,
207 silly audit report       url: 'https://github.com/advisories/GHSA-wc8c-qw6v-h7f6',
207 silly audit report       title: '@hono/node-server has authorization bypass for protected static paths via encoded slashes in Serve Static Middleware',
207 silly audit report       severity: 'high',
207 silly audit report       vulnerable_versions: '<1.19.10',
207 silly audit report       cwe: [Array],
207 silly audit report       cvss: [Object]
207 silly audit report     }
207 silly audit report   ],
207 silly audit report   hono: [
207 silly audit report     {
207 silly audit report       id: 1112644,
207 silly audit report       url: 'https://github.com/advisories/GHSA-9r54-q6cx-xmh5',
207 silly audit report       title: 'Hono vulnerable to XSS through ErrorBoundary component ',
207 silly audit report       severity: 'moderate',
207 silly audit report       vulnerable_versions: '<4.11.7',
207 silly audit report       cwe: [Array],
207 silly audit report       cvss: [Object]
207 silly audit report     },
207 silly audit report     {
207 silly audit report       id: 1112677,
207 silly audit report       url: 'https://github.com/advisories/GHSA-6wqw-2p9w-4vw4',
207 silly audit report       title: 'Hono cache middleware ignores "Cache-Control: private" leading to Web Cache Deception',
207 silly audit report       severity: 'moderate',
207 silly audit report       vulnerable_versions: '<4.11.7',
207 silly audit report       cwe: [Array],
207 silly audit report       cvss: [Object]
207 silly audit report     },
207 silly audit report     {
207 silly audit report       id: 1112678,
207 silly audit report       url: 'https://github.com/advisories/GHSA-r354-f388-2fhh',
207 silly audit report       title: 'Hono IPv4 address validation bypass in IP Restriction Middleware allows IP spoofing',
207 silly audit report       severity: 'moderate',
207 silly audit report       vulnerable_versions: '<4.11.7',
207 silly audit report       cwe: [Array],
207 silly audit report       cvss: [Object]
207 silly audit report     },
207 silly audit report     {
207 silly audit report       id: 1112911,
207 silly audit report       url: 'https://github.com/advisories/GHSA-w332-q679-j88p',
207 silly audit report       title: 'Hono has an Arbitrary Key Read in Serve static Middleware (Cloudflare Workers Adapter)',
207 silly audit report       severity: 'moderate',
207 silly audit report       vulnerable_versions: '<4.11.7',
207 silly audit report       cwe: [Array],
207 silly audit report       cvss: [Object]
207 silly audit report     },
207 silly audit report     {
207 silly audit report       id: 1113311,
207 silly audit report       url: 'https://github.com/advisories/GHSA-gq3j-xvxp-8hrf',
207 silly audit report       title: 'Hono added timing comparison hardening in basicAuth and bearerAuth',
207 silly audit report       severity: 'low',
207 silly audit report       vulnerable_versions: '<4.11.10',
207 silly audit report       cwe: [Array],
207 silly audit report       cvss: [Object]
207 silly audit report     },
207 silly audit report     {
207 silly audit report       id: 1114004,
207 silly audit report       url: 'https://github.com/advisories/GHSA-5pq2-9x2x-5p6w',
207 silly audit report       title: 'Hono Vulnerable to Cookie Attribute Injection via Unsanitized domain and path in setCookie()',
207 silly audit report       severity: 'moderate',
207 silly audit report       vulnerable_versions: '<4.12.4',
207 silly audit report       cwe: [Array],
207 silly audit report       cvss: [Object]
207 silly audit report     },
207 silly audit report     {
207 silly audit report       id: 1114005,
207 silly audit report       url: 'https://github.com/advisories/GHSA-p6xx-57qc-3wxr',
207 silly audit report       title: 'Hono Vulnerable to SSE Control Field Injection via CR/LF in writeSSE()',
207 silly audit report       severity: 'moderate',
207 silly audit report       vulnerable_versions: '<4.12.4',
207 silly audit report       cwe: [Array],
207 silly audit report       cvss: [Object]
207 silly audit report     },
207 silly audit report     {
207 silly audit report       id: 1114006,
207 silly audit report       url: 'https://github.com/advisories/GHSA-q5qw-h33p-qvwr',
207 silly audit report       title: 'Hono vulnerable to arbitrary file access via serveStatic vulnerability ',
207 silly audit report       severity: 'high',
207 silly audit report       vulnerable_versions: '<4.12.4',
207 silly audit report       cwe: [Array],
207 silly audit report       cvss: [Object]
207 silly audit report     },
207 silly audit report     {
207 silly audit report       id: 1114341,
207 silly audit report       url: 'https://github.com/advisories/GHSA-v8w9-8mx6-g223',
207 silly audit report       title: 'Hono vulnerable to Prototype Pollution possible through __proto__ key allowed in parseBody({ dot: true })',
207 silly audit report       severity: 'moderate',
207 silly audit report       vulnerable_versions: '<4.12.7',
207 silly audit report       cwe: [Array],
207 silly audit report       cvss: [Object]
207 silly audit report     }
207 silly audit report   ],
207 silly audit report   lodash: [
207 silly audit report     {
207 silly audit report       id: 1112455,
207 silly audit report       url: 'https://github.com/advisories/GHSA-xxjr-mmjv-4gpg',
207 silly audit report       title: 'Lodash has Prototype Pollution Vulnerability in `_.unset` and `_.omit` functions',
207 silly audit report       severity: 'moderate',
207 silly audit report       vulnerable_versions: '>=4.0.0 <=4.17.22',
207 silly audit report       cwe: [Array],
207 silly audit report       cvss: [Object]
207 silly audit report     }
207 silly audit report   ]
207 silly audit report }
208 silly packumentCache corgi:https://registry.npmjs.org/@hono%2fnode-server cache-miss
209 silly packumentCache corgi:https://registry.npmjs.org/hono cache-miss
210 silly packumentCache corgi:https://registry.npmjs.org/lodash cache-miss
211 http fetch GET 200 https://registry.npmjs.org/retry/-/retry-0.13.1.tgz 141ms (cache miss)
212 http fetch GET 200 https://registry.npmjs.org/lodash 54ms (cache revalidated)
213 silly packumentCache corgi:https://registry.npmjs.org/lodash set size:68481 disposed:false
214 http fetch GET 200 https://registry.npmjs.org/@hono%2fnode-server 68ms (cache revalidated)
215 silly packumentCache corgi:https://registry.npmjs.org/@hono%2fnode-server set size:81659 disposed:false
216 http fetch GET 200 https://registry.npmjs.org/hono 77ms (cache revalidated)
217 silly packumentCache corgi:https://registry.npmjs.org/hono set size:679546 disposed:false
218 silly packumentCache corgi:https://registry.npmjs.org/@prisma%2fdev cache-miss
219 http fetch GET 200 https://registry.npmjs.org/undici/-/undici-6.23.0.tgz 230ms (cache miss)
220 http fetch GET 200 https://registry.npmjs.org/@vercel/blob/-/blob-2.3.1.tgz 231ms (cache miss)
221 http fetch GET 200 https://registry.npmjs.org/@prisma%2fdev 141ms (cache revalidated)
222 silly packumentCache corgi:https://registry.npmjs.org/@prisma%2fdev set size:941438 disposed:false
223 silly packumentCache corgi:https://registry.npmjs.org/@chevrotain%2fcst-dts-gen cache-miss
224 silly packumentCache corgi:https://registry.npmjs.org/@chevrotain%2fgast cache-miss
225 silly packumentCache corgi:https://registry.npmjs.org/chevrotain cache-miss
226 http fetch GET 200 https://registry.npmjs.org/chevrotain 55ms (cache revalidated)
227 silly packumentCache corgi:https://registry.npmjs.org/chevrotain set size:273100 disposed:false
228 http fetch GET 200 https://registry.npmjs.org/@chevrotain%2fcst-dts-gen 68ms (cache revalidated)
229 silly packumentCache corgi:https://registry.npmjs.org/@chevrotain%2fcst-dts-gen set size:24107 disposed:false
230 http fetch GET 200 https://registry.npmjs.org/@chevrotain%2fgast 94ms (cache revalidated)
231 silly packumentCache corgi:https://registry.npmjs.org/@chevrotain%2fgast set size:20025 disposed:false
232 silly packumentCache corgi:https://registry.npmjs.org/prisma cache-miss
233 http fetch GET 200 https://registry.npmjs.org/prisma 82ms (cache revalidated)
234 silly packumentCache corgi:https://registry.npmjs.org/prisma set size:22600259 disposed:false
235 silly packumentCache corgi:https://registry.npmjs.org/@mrleebo%2fprisma-ast cache-miss
236 http fetch GET 200 https://registry.npmjs.org/@mrleebo%2fprisma-ast 153ms (cache revalidated)
237 silly packumentCache corgi:https://registry.npmjs.org/@mrleebo%2fprisma-ast set size:47236 disposed:false
238 silly packumentCache corgi:https://registry.npmjs.org/@prisma%2fclient cache-miss
239 http fetch GET 200 https://registry.npmjs.org/@prisma%2fclient 232ms (cache revalidated)
240 silly packumentCache corgi:https://registry.npmjs.org/@prisma%2fclient set size:37479562 disposed:false
241 silly ADD node_modules/undici
242 silly ADD node_modules/throttleit
243 silly ADD node_modules/is-node-process
244 silly ADD node_modules/is-buffer
245 silly ADD node_modules/async-retry
246 silly ADD node_modules/async-retry/node_modules/retry
247 silly ADD node_modules/@vercel/blob
248 silly ADD
249 silly ADD
250 silly ADD
251 silly ADD
252 silly ADD
253 silly ADD
254 silly ADD
255 silly ADD
256 silly ADD
257 silly ADD
258 silly ADD
259 silly ADD
260 silly ADD
261 silly ADD
262 silly ADD
263 silly ADD
264 silly ADD
265 silly ADD
266 silly ADD
267 silly ADD
268 silly ADD
269 silly ADD
270 silly ADD
271 silly ADD
272 silly ADD
273 silly ADD
274 silly ADD
275 silly ADD
276 silly ADD
277 silly ADD
278 silly ADD
279 silly ADD
280 silly ADD
281 silly ADD
282 silly ADD
283 silly ADD
284 silly ADD
285 silly ADD
286 silly ADD
287 silly ADD
288 silly ADD
289 silly ADD
290 silly ADD
291 silly ADD
292 silly ADD
293 silly ADD
294 silly ADD
295 silly ADD
296 silly ADD
297 silly ADD
298 silly ADD
299 silly ADD
300 silly ADD
301 silly ADD
302 silly ADD
303 silly ADD
304 silly ADD
305 silly ADD
306 silly ADD
307 silly ADD
308 silly ADD
309 silly ADD
310 silly ADD
311 silly ADD
312 silly ADD
313 silly ADD
314 silly ADD
315 silly ADD
316 verbose cwd /Users/davecarr/Desktop/Floral pos system/floravision
317 verbose os Darwin 25.3.0
318 verbose node v22.16.0
319 verbose npm  v10.9.2
320 verbose exit 0
321 info ok
